{"timestamp":"2015-11-19T00:11:38.000000Z","mmsi":224913000,"lon":-55.6594085693,"lat":-35.0594215393,"expected":"224913000-2015-11-19T00:11:38.000000Z","speed":8.8000001907}
{"timestamp":"2015-11-19T00:14:10.000000Z","mmsi":224913000,"lon":-55.6529350281,"lat":-35.0601158142,"expected":"224913000-2015-11-19T00:11:38.000000Z","speed":8.6000003815}
{"timestamp":"2015-11-19T00:15:31.000000Z","mmsi":224913000,"lon":null,"lat":null,"expected":"224913000-2015-11-19T00:11:38.000000Z","speed":null}
{"timestamp":"2015-11-19T00:26:51.000000Z","mmsi":224913000,"lon":-55.6135482788,"lat":-35.0645942688,"expected":"224913000-2015-11-19T00:11:38.000000Z","speed":9}
{"timestamp":"2015-11-19T00:29:59.000000Z","mmsi":224913000,"lon":-55.6046142578,"lat":-35.0655937195,"expected":"224913000-2015-11-19T00:11:38.000000Z","speed":8.8999996185}
{"timestamp":"2015-11-19T00:30:42.000000Z","mmsi":224913000,"lon":-55.6020812988,"lat":-35.0658416748,"expected":"224913000-2015-11-19T00:11:38.000000Z","speed":8.6999998093}
{"timestamp":"2015-11-19T00:31:21.000000Z","mmsi":224913000,"lon":-55.6001358032,"lat":-35.066078186,"expected":"224913000-2015-11-19T00:11:38.000000Z","speed":8.6000003815}
{"timestamp":"2015-11-19T00:31:21.000000Z","mmsi":224913000,"lon":-55.6001358032,"lat":-35.066078186,"expected":"224913000-2015-11-19T00:11:38.000000Z","speed":8.6000003815}
{"timestamp":"2015-11-19T00:31:42.000000Z","mmsi":224913000,"lon":-55.5990943909,"lat":-35.0662078857,"expected":"224913000-2015-11-19T00:11:38.000000Z","speed":9}
{"timestamp":"2015-11-19T00:32:21.000000Z","mmsi":224913000,"lon":-55.5971679688,"lat":-35.0664672852,"expected":"224913000-2015-11-19T00:11:38.000000Z","speed":8.6999998093}
{"timestamp":"2015-11-19T00:32:21.000000Z","mmsi":224913000,"lon":-55.5971679688,"lat":-35.0664672852,"expected":"224913000-2015-11-19T00:11:38.000000Z","speed":8.6999998093}
{"timestamp":"2015-11-19T00:33:07.000000Z","mmsi":224913000,"lon":null,"lat":null,"expected":"224913000-2015-11-19T00:11:38.000000Z","speed":null}
{"timestamp":"2015-11-19T00:34:00.000000Z","mmsi":224913000,"lon":-55.5922317505,"lat":-35.0670928955,"expected":"224913000-2015-11-19T00:11:38.000000Z","speed":8.8000001907}
{"timestamp":"2015-11-19T00:36:01.000000Z","mmsi":224913000,"lon":-55.5862731934,"lat":-35.0677871704,"expected":"224913000-2015-11-19T00:11:38.000000Z","speed":8.6999998093}
{"timestamp":"2015-11-19T00:36:11.000000Z","mmsi":224913000,"lon":-55.585735321,"lat":-35.0678596497,"expected":"224913000-2015-11-19T00:11:38.000000Z","speed":9.1999998093}
{"timestamp":"2015-11-19T00:36:12.000000Z","mmsi":224913000,"lon":-55.585735321,"lat":-35.0678596497,"expected":"224913000-2015-11-19T00:11:38.000000Z","speed":9.1999998093}
{"timestamp":"2015-11-19T00:45:47.000000Z","mmsi":224913000,"lon":-55.5571327209,"lat":-35.0713691711,"expected":"224913000-2015-11-19T00:11:38.000000Z","speed":9.3000001907}
{"timestamp":"2015-11-19T00:57:07.000000Z","mmsi":224913000,"lon":null,"lat":null,"expected":"224913000-2015-11-19T00:11:38.000000Z","speed":null}
{"timestamp":"2015-11-19T01:01:27.000000Z","mmsi":224913000,"lon":-55.5041732788,"lat":-35.0770988464,"expected":"224913000-2015-11-19T00:11:38.000000Z","speed":10.3999996185}
{"timestamp":"2015-11-19T01:16:29.000000Z","mmsi":224913000,"lon":-55.453086853,"lat":-35.082233429,"expected":"224913000-2015-11-19T00:11:38.000000Z","speed":10.1000003815}
{"timestamp":"2015-11-19T01:21:12.000000Z","mmsi":224913000,"lon":null,"lat":null,"expected":"224913000-2015-11-19T00:11:38.000000Z","speed":null}
{"timestamp":"2015-11-19T01:32:00.000000Z","mmsi":224913000,"lon":-55.4015388489,"lat":-35.088306427,"expected":"224913000-2015-11-19T00:11:38.000000Z","speed":9.6999998093}
{"timestamp":"2015-11-19T01:39:12.000000Z","mmsi":224913000,"lon":null,"lat":null,"expected":"224913000-2015-11-19T00:11:38.000000Z","speed":null}
{"timestamp":"2015-11-19T01:47:36.000000Z","mmsi":224913000,"lon":-55.3506584167,"lat":-35.0946464539,"expected":"224913000-2015-11-19T00:11:38.000000Z","speed":9.5}
{"timestamp":"2015-11-19T02:02:21.000000Z","mmsi":224913000,"lon":-55.3037757874,"lat":-35.1009025574,"expected":"224913000-2015-11-19T00:11:38.000000Z","speed":9.6000003815}
{"timestamp":"2015-11-19T02:02:42.000000Z","mmsi":224913000,"lon":-55.3027381897,"lat":-35.1010818481,"expected":"224913000-2015-11-19T00:11:38.000000Z","speed":9.3999996185}
{"timestamp":"2015-11-19T02:03:09.000000Z","mmsi":224913000,"lon":-55.3017082214,"lat":-35.1012763977,"expected":"224913000-2015-11-19T00:11:38.000000Z","speed":9.1000003815}
{"timestamp":"2015-11-19T02:03:17.000000Z","mmsi":224913000,"lon":null,"lat":null,"expected":"224913000-2015-11-19T00:11:38.000000Z","speed":null}
{"timestamp":"2015-11-19T02:05:10.000000Z","mmsi":224913000,"lon":-55.2951316833,"lat":-35.1023902893,"expected":"224913000-2015-11-19T00:11:38.000000Z","speed":9}
{"timestamp":"2015-11-19T02:08:11.000000Z","mmsi":224913000,"lon":-55.2859344482,"lat":-35.1039657593,"expected":"224913000-2015-11-19T00:11:38.000000Z","speed":9}
{"timestamp":"2015-11-19T02:08:31.000000Z","mmsi":224913000,"lon":-55.2849082947,"lat":-35.1041069031,"expected":"224913000-2015-11-19T00:11:38.000000Z","speed":9.3000001907}
{"timestamp":"2015-11-19T02:11:40.000000Z","mmsi":224913000,"lon":-55.2752151489,"lat":-35.1057891846,"expected":"224913000-2015-11-19T00:11:38.000000Z","speed":9.3999996185}
{"timestamp":"2015-11-19T02:11:41.000000Z","mmsi":224913000,"lon":-55.2752151489,"lat":-35.1057891846,"expected":"224913000-2015-11-19T00:11:38.000000Z","speed":9.3999996185}
{"timestamp":"2015-11-19T02:12:12.000000Z","mmsi":224913000,"lon":-55.2736167908,"lat":-35.1060714722,"expected":"224913000-2015-11-19T00:11:38.000000Z","speed":9.3999996185}
{"timestamp":"2015-11-19T02:18:15.000000Z","mmsi":224913000,"lon":-55.2553215027,"lat":-35.1078529358,"expected":"224913000-2015-11-19T00:11:38.000000Z","speed":9.3000001907}
{"timestamp":"2015-11-19T02:27:12.000000Z","mmsi":224913000,"lon":null,"lat":null,"expected":"224913000-2015-11-19T00:11:38.000000Z","speed":null}
{"timestamp":"2015-11-19T02:33:57.000000Z","mmsi":224913000,"lon":-55.2075500488,"lat":-35.1023330688,"expected":"224913000-2015-11-19T00:11:38.000000Z","speed":9.5}
{"timestamp":"2015-11-19T02:49:46.000000Z","mmsi":224913000,"lon":-55.1586685181,"lat":-35.1007385254,"expected":"224913000-2015-11-19T00:11:38.000000Z","speed":9}
{"timestamp":"2015-11-19T02:51:18.000000Z","mmsi":224913000,"lon":null,"lat":null,"expected":"224913000-2015-11-19T00:11:38.000000Z","speed":null}
{"timestamp":"2015-11-19T03:05:18.000000Z","mmsi":224913000,"lon":-55.1112670898,"lat":-35.094783783,"expected":"224913000-2015-11-19T00:11:38.000000Z","speed":9.6000003815}
{"timestamp":"2015-11-19T03:15:17.000000Z","mmsi":224913000,"lon":null,"lat":null,"expected":"224913000-2015-11-19T00:11:38.000000Z","speed":null}
{"timestamp":"2015-11-19T03:21:17.000000Z","mmsi":224913000,"lon":-55.0625610352,"lat":-35.0890197754,"expected":"224913000-2015-11-19T00:11:38.000000Z","speed":9.3000001907}
{"timestamp":"2015-11-19T03:36:37.000000Z","mmsi":224913000,"lon":-55.0161933899,"lat":-35.0812072754,"expected":"224913000-2015-11-19T00:11:38.000000Z","speed":10.1000003815}
{"timestamp":"2015-11-19T03:39:17.000000Z","mmsi":224913000,"lon":null,"lat":null,"expected":"224913000-2015-11-19T00:11:38.000000Z","speed":null}
{"timestamp":"2015-11-19T03:46:15.000000Z","mmsi":224913000,"lon":-54.9870605469,"lat":-35.0764007568,"expected":"224913000-2015-11-19T00:11:38.000000Z","speed":9}
{"timestamp":"2015-11-19T03:51:49.000000Z","mmsi":224913000,"lon":-54.9704780579,"lat":-35.0736923218,"expected":"224913000-2015-11-19T00:11:38.000000Z","speed":8.8000001907}
{"timestamp":"2015-11-19T03:57:09.000000Z","mmsi":224913000,"lon":null,"lat":null,"expected":"224913000-2015-11-19T00:11:38.000000Z","speed":null}
{"timestamp":"2015-11-19T04:07:29.000000Z","mmsi":224913000,"lon":-54.9233551025,"lat":-35.0665016174,"expected":"224913000-2015-11-19T00:11:38.000000Z","speed":9.1999998093}
{"timestamp":"2015-11-19T04:22:58.000000Z","mmsi":224913000,"lon":-54.8769340515,"lat":-35.0603408813,"expected":"224913000-2015-11-19T00:11:38.000000Z","speed":8.3999996185}
{"timestamp":"2015-11-19T04:33:06.000000Z","mmsi":224913000,"lon":null,"lat":null,"expected":"224913000-2015-11-19T00:11:38.000000Z","speed":null}
{"timestamp":"2015-11-19T04:33:14.000000Z","mmsi":224913000,"lon":-54.8455810547,"lat":-35.0558662415,"expected":"224913000-2015-11-19T00:11:38.000000Z","speed":8.8999996185}
{"timestamp":"2015-11-19T04:38:30.000000Z","mmsi":224913000,"lon":-54.8297462463,"lat":-35.0534439087,"expected":"224913000-2015-11-19T00:11:38.000000Z","speed":9.3999996185}
{"timestamp":"2015-11-19T04:53:37.000000Z","mmsi":224913000,"lon":-54.7835388184,"lat":-35.0460586548,"expected":"224913000-2015-11-19T00:11:38.000000Z","speed":8.8000001907}
{"timestamp":"2015-11-19T04:55:54.000000Z","mmsi":224913000,"lon":-54.7765731812,"lat":-35.0449676514,"expected":"224913000-2015-11-19T00:11:38.000000Z","speed":9.3000001907}
{"timestamp":"2015-11-19T04:57:05.000000Z","mmsi":224913000,"lon":null,"lat":null,"expected":"224913000-2015-11-19T00:11:38.000000Z","speed":null}
{"timestamp":"2015-11-19T05:09:06.000000Z","mmsi":224913000,"lon":-54.7374382019,"lat":-35.0389518738,"expected":"224913000-2015-11-19T00:11:38.000000Z","speed":8.3000001907}
{"timestamp":"2015-11-19T05:15:45.000000Z","mmsi":224913000,"lon":-54.7175140381,"lat":-35.0363006592,"expected":"224913000-2015-11-19T00:11:38.000000Z","speed":9}
{"timestamp":"2015-11-19T05:16:55.000000Z","mmsi":224913000,"lon":-54.7140388489,"lat":-35.0358505249,"expected":"224913000-2015-11-19T00:11:38.000000Z","speed":9.3999996185}
{"timestamp":"2015-11-19T05:21:06.000000Z","mmsi":224913000,"lon":null,"lat":null,"expected":"224913000-2015-11-19T00:11:38.000000Z","speed":null}
{"timestamp":"2015-11-19T05:24:15.000000Z","mmsi":224913000,"lon":-54.6923561096,"lat":-35.0329818726,"expected":"224913000-2015-11-19T00:11:38.000000Z","speed":9.1999998093}
{"timestamp":"2015-11-19T05:39:20.000000Z","mmsi":224913000,"lon":-54.648525238,"lat":-35.0274391174,"expected":"224913000-2015-11-19T00:11:38.000000Z","speed":8.3000001907}
{"timestamp":"2015-11-19T05:42:24.000000Z","mmsi":224913000,"lon":-54.6394615173,"lat":-35.0261535645,"expected":"224913000-2015-11-19T00:11:38.000000Z","speed":9.1000003815}
{"timestamp":"2015-11-19T05:45:05.000000Z","mmsi":224913000,"lon":null,"lat":null,"expected":"224913000-2015-11-19T00:11:38.000000Z","speed":null}
{"timestamp":"2015-11-19T05:55:16.000000Z","mmsi":224913000,"lon":-54.6022949219,"lat":-35.0197219849,"expected":"224913000-2015-11-19T00:11:38.000000Z","speed":9.1000003815}
{"timestamp":"2015-11-19T06:00:35.000000Z","mmsi":224913000,"lon":-54.5867958069,"lat":-35.0165405273,"expected":"224913000-2015-11-19T00:11:38.000000Z","speed":9.5}
{"timestamp":"2015-11-19T06:00:35.000000Z","mmsi":224913000,"lon":-54.5867958069,"lat":-35.0165405273,"expected":"224913000-2015-11-19T00:11:38.000000Z","speed":9.5}
{"timestamp":"2015-11-19T06:10:56.000000Z","mmsi":224913000,"lon":-54.5570678711,"lat":-35.0098648071,"expected":"224913000-2015-11-19T00:11:38.000000Z","speed":9.3000001907}
{"timestamp":"2015-11-19T06:11:14.000000Z","mmsi":224913000,"lon":-54.5560264587,"lat":-35.00963974,"expected":"224913000-2015-11-19T00:11:38.000000Z","speed":9.5}
{"timestamp":"2015-11-19T06:20:44.000000Z","mmsi":224913000,"lon":-54.5283851624,"lat":-35.0032653809,"expected":"224913000-2015-11-19T00:11:38.000000Z","speed":8.1999998093}
{"timestamp":"2015-11-19T06:21:09.000000Z","mmsi":224913000,"lon":null,"lat":null,"expected":"224913000-2015-11-19T00:11:38.000000Z","speed":null}
{"timestamp":"2015-11-19T06:26:37.000000Z","mmsi":224913000,"lon":-54.5111198425,"lat":-35.0005683899,"expected":"224913000-2015-11-19T00:11:38.000000Z","speed":9.6999998093}
{"timestamp":"2015-11-19T06:34:53.000000Z","mmsi":224913000,"lon":-54.4862556458,"lat":-34.9980659485,"expected":"224913000-2015-11-19T00:11:38.000000Z","speed":9.5}
{"timestamp":"2015-11-19T06:41:03.000000Z","mmsi":224913000,"lon":-54.4680862427,"lat":-34.9962081909,"expected":"224913000-2015-11-19T00:11:38.000000Z","speed":8.6000003815}
{"timestamp":"2015-11-19T06:42:49.000000Z","mmsi":224913000,"lon":-54.4630699158,"lat":-34.9956703186,"expected":"224913000-2015-11-19T00:11:38.000000Z","speed":9}
{"timestamp":"2015-11-19T06:51:45.000000Z","mmsi":224913000,"lon":-54.4365501404,"lat":-34.9925804138,"expected":"224913000-2015-11-19T00:11:38.000000Z","speed":8.3999996185}
{"timestamp":"2015-11-19T07:01:13.000000Z","mmsi":224913000,"lon":-54.4087181091,"lat":-34.9892539978,"expected":"224913000-2015-11-19T00:11:38.000000Z","speed":8.8999996185}
{"timestamp":"2015-11-19T07:02:06.000000Z","mmsi":224913000,"lon":-54.4062614441,"lat":-34.9889526367,"expected":"224913000-2015-11-19T00:11:38.000000Z","speed":9.1000003815}
{"timestamp":"2015-11-19T07:18:43.000000Z","mmsi":224913000,"lon":-54.3576278687,"lat":-34.9826049805,"expected":"224913000-2015-11-19T00:11:38.000000Z","speed":9.3999996185}
{"timestamp":"2015-11-19T07:23:44.000000Z","mmsi":224913000,"lon":-54.3432579041,"lat":-34.9805183411,"expected":"224913000-2015-11-19T00:11:38.000000Z","speed":8}
{"timestamp":"2015-11-19T07:41:15.000000Z","mmsi":224913000,"lon":-54.2923469543,"lat":-34.9729232788,"expected":"224913000-2015-11-19T00:11:38.000000Z","speed":8.6000003815}
{"timestamp":"2015-11-19T07:57:43.000000Z","mmsi":224913000,"lon":-54.2437133789,"lat":-34.9664840698,"expected":"224913000-2015-11-19T00:11:38.000000Z","speed":9.1999998093}
{"timestamp":"2015-11-19T07:57:43.000000Z","mmsi":224913000,"lon":-54.2437133789,"lat":-34.9664840698,"expected":"224913000-2015-11-19T00:11:38.000000Z","speed":9.1999998093}
{"timestamp":"2015-11-19T08:17:24.000000Z","mmsi":224913000,"lon":-54.1852798462,"lat":-34.9581451416,"expected":"224913000-2015-11-19T00:11:38.000000Z","speed":9}
{"timestamp":"2015-11-19T08:41:04.000000Z","mmsi":224913000,"lon":-54.1140136719,"lat":-34.9473762512,"expected":"224913000-2015-11-19T00:11:38.000000Z","speed":9.6000003815}
{"timestamp":"2015-11-19T08:41:04.000000Z","mmsi":224913000,"lon":-54.1140136719,"lat":-34.9473762512,"expected":"224913000-2015-11-19T00:11:38.000000Z","speed":9.6000003815}
{"timestamp":"2015-11-19T08:47:24.000000Z","mmsi":224913000,"lon":-54.0950126648,"lat":-34.9446678162,"expected":"224913000-2015-11-19T00:11:38.000000Z","speed":9.8000001907}
{"timestamp":"2015-11-19T09:01:54.000000Z","mmsi":224913000,"lon":-54.0513648987,"lat":-34.9383888245,"expected":"224913000-2015-11-19T00:11:38.000000Z","speed":8.8999996185}
{"timestamp":"2015-11-19T09:08:04.000000Z","mmsi":224913000,"lon":-54.0326881409,"lat":-34.935585022,"expected":"224913000-2015-11-19T00:11:38.000000Z","speed":9.5}
{"timestamp":"2015-11-19T09:20:25.000000Z","mmsi":224913000,"lon":-53.995475769,"lat":-34.9298629761,"expected":"224913000-2015-11-19T00:11:38.000000Z","speed":9.6999998093}
{"timestamp":"2015-11-19T09:39:43.000000Z","mmsi":224913000,"lon":-53.936832428,"lat":-34.9208145142,"expected":"224913000-2015-11-19T00:11:38.000000Z","speed":8.1999998093}
{"timestamp":"2015-11-19T09:44:52.000000Z","mmsi":224913000,"lon":-53.9213066101,"lat":-34.9184684753,"expected":"224913000-2015-11-19T00:11:38.000000Z","speed":8.8999996185}
{"timestamp":"2015-11-19T09:49:53.000000Z","mmsi":224913000,"lon":-53.9061546326,"lat":-34.9161491394,"expected":"224913000-2015-11-19T00:11:38.000000Z","speed":8.8000001907}
{"timestamp":"2015-11-19T10:05:24.000000Z","mmsi":224913000,"lon":-53.8589515686,"lat":-34.90883255,"expected":"224913000-2015-11-19T00:11:38.000000Z","speed":8.3000001907}
{"timestamp":"2015-11-19T10:10:44.000000Z","mmsi":224913000,"lon":-53.8429946899,"lat":-34.9063415527,"expected":"224913000-2015-11-19T00:11:38.000000Z","speed":9.8000001907}
{"timestamp":"2015-11-19T10:26:03.000000Z","mmsi":224913000,"lon":-53.7963943481,"lat":-34.8993415833,"expected":"224913000-2015-11-19T00:11:38.000000Z","speed":8.8000001907}
{"timestamp":"2015-11-19T10:31:13.000000Z","mmsi":224913000,"lon":-53.780632019,"lat":-34.8971748352,"expected":"224913000-2015-11-19T00:11:38.000000Z","speed":9.5}
{"timestamp":"2015-11-19T10:49:44.000000Z","mmsi":224913000,"lon":-53.7236061096,"lat":-34.8893051147,"expected":"224913000-2015-11-19T00:11:38.000000Z","speed":9.5}
{"timestamp":"2015-11-19T11:05:54.000000Z","mmsi":224913000,"lon":-53.6738548279,"lat":-34.8825378418,"expected":"224913000-2015-11-19T00:11:38.000000Z","speed":9.8000001907}
{"timestamp":"2015-11-19T11:12:34.000000Z","mmsi":224913000,"lon":-53.6532058716,"lat":-34.8796081543,"expected":"224913000-2015-11-19T00:11:38.000000Z","speed":10.1000003815}
{"timestamp":"2015-11-19T11:24:52.000000Z","mmsi":224913000,"lon":-53.6144790649,"lat":-34.8740959167,"expected":"224913000-2015-11-19T00:11:38.000000Z","speed":9.8999996185}
