{"timestamp":"2015-01-01T00:11:21.000000Z","mmsi":367382540,"lon":-162.6671142578,"lat":54.8594017029,"expected":"367382540-2015-01-01T00:11:21.000000Z","speed":8.6999998093}
{"timestamp":"2015-01-01T00:11:21.000000Z","mmsi":367382540,"lon":-162.6671142578,"lat":54.8594017029,"expected":"367382540-2015-01-01T00:11:21.000000Z","speed":8.6999998093}
{"timestamp":"2015-01-01T00:23:33.000000Z","mmsi":367382540,"lon":-162.6671142578,"lat":54.8594017029,"expected":"367382540-2015-01-01T00:11:21.000000Z","speed":8.6999998093}
{"timestamp":"2015-01-01T00:23:33.000000Z","mmsi":367382540,"lon":-162.6671142578,"lat":54.8594017029,"expected":"367382540-2015-01-01T00:11:21.000000Z","speed":8.6999998093}
{"timestamp":"2015-01-01T00:41:49.000000Z","mmsi":367382540,"lon":-161.9472198486,"lat":55.0282592773,"expected":"367382540-2015-01-01T00:41:49.000000Z","speed":8.3000001907}
{"timestamp":"2015-01-01T00:41:49.000000Z","mmsi":367382540,"lon":-161.9472198486,"lat":55.0282592773,"expected":"367382540-2015-01-01T00:41:49.000000Z","speed":8.3000001907}
{"timestamp":"2015-01-01T01:25:11.000000Z","mmsi":367382540,"lon":-162.933380127,"lat":54.6961250305,"expected":"367382540-2015-01-01T00:11:21.000000Z","speed":8.5}
{"timestamp":"2015-01-01T01:25:11.000000Z","mmsi":367382540,"lon":-162.933380127,"lat":54.6961250305,"expected":"367382540-2015-01-01T00:11:21.000000Z","speed":8.5}
{"timestamp":"2015-01-01T01:25:41.000000Z","mmsi":367382540,"lon":-162.9346618652,"lat":54.6951942444,"expected":"367382540-2015-01-01T00:11:21.000000Z","speed":8.6999998093}
{"timestamp":"2015-01-01T01:25:41.000000Z","mmsi":367382540,"lon":-162.9346618652,"lat":54.6951942444,"expected":"367382540-2015-01-01T00:11:21.000000Z","speed":8.6999998093}
{"timestamp":"2015-01-01T01:26:00.000000Z","mmsi":367382540,"lon":-162.9354553223,"lat":54.6945991516,"expected":"367382540-2015-01-01T00:11:21.000000Z","speed":8.6000003815}
{"timestamp":"2015-01-01T01:26:00.000000Z","mmsi":367382540,"lon":-162.9354553223,"lat":54.6945991516,"expected":"367382540-2015-01-01T00:11:21.000000Z","speed":8.6000003815}
{"timestamp":"2015-01-01T01:26:11.000000Z","mmsi":367382540,"lon":-162.9359130859,"lat":54.6942634583,"expected":"367382540-2015-01-01T00:11:21.000000Z","speed":8.6000003815}
{"timestamp":"2015-01-01T01:26:11.000000Z","mmsi":367382540,"lon":-162.9359130859,"lat":54.6942634583,"expected":"367382540-2015-01-01T00:11:21.000000Z","speed":8.6000003815}
{"timestamp":"2015-01-01T01:26:50.000000Z","mmsi":367382540,"lon":-162.9375305176,"lat":54.6930847168,"expected":"367382540-2015-01-01T00:11:21.000000Z","speed":8.6000003815}
{"timestamp":"2015-01-01T01:26:50.000000Z","mmsi":367382540,"lon":-162.9375305176,"lat":54.6930847168,"expected":"367382540-2015-01-01T00:11:21.000000Z","speed":8.6000003815}
{"timestamp":"2015-01-01T01:26:53.000000Z","mmsi":367382540,"lon":-162.9375305176,"lat":54.6930847168,"expected":"367382540-2015-01-01T00:11:21.000000Z","speed":8.6000003815}
{"timestamp":"2015-01-01T01:26:53.000000Z","mmsi":367382540,"lon":-162.9375305176,"lat":54.6930847168,"expected":"367382540-2015-01-01T00:11:21.000000Z","speed":8.6000003815}
{"timestamp":"2015-01-01T01:27:00.000000Z","mmsi":367382540,"lon":-162.9380340576,"lat":54.6927452087,"expected":"367382540-2015-01-01T00:11:21.000000Z","speed":8.6000003815}
{"timestamp":"2015-01-01T01:27:00.000000Z","mmsi":367382540,"lon":-162.9380340576,"lat":54.6927452087,"expected":"367382540-2015-01-01T00:11:21.000000Z","speed":8.6000003815}
{"timestamp":"2015-01-01T01:27:21.000000Z","mmsi":367382540,"lon":-162.938873291,"lat":54.6920585632,"expected":"367382540-2015-01-01T00:11:21.000000Z","speed":8.6999998093}
{"timestamp":"2015-01-01T01:27:21.000000Z","mmsi":367382540,"lon":-162.938873291,"lat":54.6920585632,"expected":"367382540-2015-01-01T00:11:21.000000Z","speed":8.6999998093}
{"timestamp":"2015-01-01T01:27:50.000000Z","mmsi":367382540,"lon":-162.9400482178,"lat":54.6911468506,"expected":"367382540-2015-01-01T00:11:21.000000Z","speed":8.8000001907}
{"timestamp":"2015-01-01T01:29:31.000000Z","mmsi":367382540,"lon":-162.9444274902,"lat":54.6878814697,"expected":"367382540-2015-01-01T00:11:21.000000Z","speed":8.8999996185}
{"timestamp":"2015-01-01T01:29:31.000000Z","mmsi":367382540,"lon":-162.9444274902,"lat":54.6878814697,"expected":"367382540-2015-01-01T00:11:21.000000Z","speed":8.8999996185}
{"timestamp":"2015-01-01T01:31:11.000000Z","mmsi":367382540,"lon":-162.9486999512,"lat":54.6847000122,"expected":"367382540-2015-01-01T00:11:21.000000Z","speed":8.8000001907}
{"timestamp":"2015-01-01T01:31:11.000000Z","mmsi":367382540,"lon":-162.9486999512,"lat":54.6847000122,"expected":"367382540-2015-01-01T00:11:21.000000Z","speed":8.8000001907}
{"timestamp":"2015-01-01T03:00:24.000000Z","mmsi":367382540,"lon":-163.273223877,"lat":54.5868797302,"expected":"367382540-2015-01-01T00:11:21.000000Z","speed":8.3999996185}
{"timestamp":"2015-01-01T03:00:24.000000Z","mmsi":367382540,"lon":-163.273223877,"lat":54.5868797302,"expected":"367382540-2015-01-01T00:11:21.000000Z","speed":8.3999996185}
{"timestamp":"2015-01-01T03:03:54.000000Z","mmsi":367382540,"lon":-163.2867279053,"lat":54.5842666626,"expected":"367382540-2015-01-01T00:11:21.000000Z","speed":8.5}
{"timestamp":"2015-01-01T03:04:11.000000Z","mmsi":367382540,"lon":-163.2879486084,"lat":54.584022522,"expected":"367382540-2015-01-01T00:11:21.000000Z","speed":8.3999996185}
{"timestamp":"2015-01-01T03:04:11.000000Z","mmsi":367382540,"lon":-163.2879486084,"lat":54.584022522,"expected":"367382540-2015-01-01T00:11:21.000000Z","speed":8.3999996185}
{"timestamp":"2015-01-01T03:04:11.000000Z","mmsi":367382540,"lon":-163.2879486084,"lat":54.584022522,"expected":"367382540-2015-01-01T00:11:21.000000Z","speed":8.3999996185}
{"timestamp":"2015-01-01T03:04:11.000000Z","mmsi":367382540,"lon":-163.2879486084,"lat":54.584022522,"expected":"367382540-2015-01-01T00:11:21.000000Z","speed":8.3999996185}
{"timestamp":"2015-01-01T03:04:21.000000Z","mmsi":367382540,"lon":-163.2886199951,"lat":54.5838813782,"expected":"367382540-2015-01-01T00:11:21.000000Z","speed":8.3999996185}
{"timestamp":"2015-01-01T03:04:21.000000Z","mmsi":367382540,"lon":-163.2886199951,"lat":54.5838813782,"expected":"367382540-2015-01-01T00:11:21.000000Z","speed":8.3999996185}
{"timestamp":"2015-01-01T03:04:21.000000Z","mmsi":367382540,"lon":-163.2886199951,"lat":54.5838813782,"expected":"367382540-2015-01-01T00:11:21.000000Z","speed":8.3999996185}
{"timestamp":"2015-01-01T03:04:21.000000Z","mmsi":367382540,"lon":-163.2886199951,"lat":54.5838813782,"expected":"367382540-2015-01-01T00:11:21.000000Z","speed":8.3999996185}
{"timestamp":"2015-01-01T03:11:33.000000Z","mmsi":367382540,"lon":-163.273223877,"lat":54.5868797302,"expected":"367382540-2015-01-01T00:11:21.000000Z","speed":8.3000001907}
{"timestamp":"2015-01-01T03:11:33.000000Z","mmsi":367382540,"lon":-163.273223877,"lat":54.5868797302,"expected":"367382540-2015-01-01T00:11:21.000000Z","speed":8.3000001907}
{"timestamp":"2015-01-01T03:29:44.000000Z","mmsi":367382540,"lon":-163.3884735107,"lat":54.5657196045,"expected":"367382540-2015-01-01T00:11:21.000000Z","speed":9}
{"timestamp":"2015-01-01T03:29:44.000000Z","mmsi":367382540,"lon":-163.3884735107,"lat":54.5657196045,"expected":"367382540-2015-01-01T00:11:21.000000Z","speed":9}
{"timestamp":"2015-01-01T03:31:14.000000Z","mmsi":367382540,"lon":-163.2879486084,"lat":54.5840187073,"expected":"367382540-2015-01-01T03:31:14.000000Z","speed":8.3000001907}
{"timestamp":"2015-01-01T03:31:14.000000Z","mmsi":367382540,"lon":-163.2879486084,"lat":54.5840187073,"expected":"367382540-2015-01-01T03:31:14.000000Z","speed":8.3000001907}
{"timestamp":"2015-01-01T03:49:54.000000Z","mmsi":367382540,"lon":-163.4684753418,"lat":54.5502128601,"expected":"367382540-2015-01-01T00:11:21.000000Z","speed":8.8999996185}
{"timestamp":"2015-01-01T03:49:54.000000Z","mmsi":367382540,"lon":-163.4684753418,"lat":54.5502128601,"expected":"367382540-2015-01-01T00:11:21.000000Z","speed":8.8999996185}
{"timestamp":"2015-01-01T03:50:34.000000Z","mmsi":367382540,"lon":-163.4712371826,"lat":54.5497283936,"expected":"367382540-2015-01-01T00:11:21.000000Z","speed":8.8999996185}
{"timestamp":"2015-01-01T03:50:34.000000Z","mmsi":367382540,"lon":-163.4712371826,"lat":54.5497283936,"expected":"367382540-2015-01-01T00:11:21.000000Z","speed":8.8999996185}
{"timestamp":"2015-01-01T04:01:47.000000Z","mmsi":367382540,"lon":-163.4684753418,"lat":54.5502128601,"expected":"367382540-2015-01-01T00:11:21.000000Z","speed":8.8999996185}
{"timestamp":"2015-01-01T04:01:47.000000Z","mmsi":367382540,"lon":-163.4684753418,"lat":54.5502128601,"expected":"367382540-2015-01-01T00:11:21.000000Z","speed":8.8999996185}
{"timestamp":"2015-01-01T04:09:24.000000Z","mmsi":367382540,"lon":-163.5453338623,"lat":54.5360984802,"expected":"367382540-2015-01-01T00:11:21.000000Z","speed":8.6000003815}
{"timestamp":"2015-01-01T04:09:24.000000Z","mmsi":367382540,"lon":-163.5453338623,"lat":54.5360984802,"expected":"367382540-2015-01-01T00:11:21.000000Z","speed":8.6000003815}
{"timestamp":"2015-01-01T04:09:24.000000Z","mmsi":367382540,"lon":-163.5453338623,"lat":54.5360984802,"expected":"367382540-2015-01-01T00:11:21.000000Z","speed":8.6000003815}
{"timestamp":"2015-01-01T04:14:04.000000Z","mmsi":367382540,"lon":-163.5635070801,"lat":54.5329055786,"expected":"367382540-2015-01-01T00:11:21.000000Z","speed":8.3999996185}
{"timestamp":"2015-01-01T04:14:04.000000Z","mmsi":367382540,"lon":-163.5635070801,"lat":54.5329055786,"expected":"367382540-2015-01-01T00:11:21.000000Z","speed":8.3999996185}
{"timestamp":"2015-01-01T04:23:02.000000Z","mmsi":367382540,"lon":-163.5453338623,"lat":54.5360984802,"expected":"367382540-2015-01-01T00:11:21.000000Z","speed":8.5}
{"timestamp":"2015-01-01T04:23:02.000000Z","mmsi":367382540,"lon":-163.5453338623,"lat":54.5360984802,"expected":"367382540-2015-01-01T00:11:21.000000Z","speed":8.5}
{"timestamp":"2015-01-01T04:29:05.000000Z","mmsi":367382540,"lon":-163.6214599609,"lat":54.5222549438,"expected":"367382540-2015-01-01T00:11:21.000000Z","speed":8.3999996185}
{"timestamp":"2015-01-01T04:29:05.000000Z","mmsi":367382540,"lon":-163.6214599609,"lat":54.5222549438,"expected":"367382540-2015-01-01T00:11:21.000000Z","speed":8.3999996185}
{"timestamp":"2015-01-01T04:31:15.000000Z","mmsi":367382540,"lon":-163.6298217773,"lat":54.5206680298,"expected":"367382540-2015-01-01T00:11:21.000000Z","speed":8.6000003815}
{"timestamp":"2015-01-01T04:31:15.000000Z","mmsi":367382540,"lon":-163.6298217773,"lat":54.5206680298,"expected":"367382540-2015-01-01T00:11:21.000000Z","speed":8.6000003815}
{"timestamp":"2015-01-01T04:33:19.000000Z","mmsi":367382540,"lon":null,"lat":null,"expected":"367382540-2015-01-01T00:11:21.000000Z","speed":null}
{"timestamp":"2015-01-01T04:33:19.000000Z","mmsi":367382540,"lon":null,"lat":null,"expected":"367382540-2015-01-01T00:11:21.000000Z","speed":null}
{"timestamp":"2015-01-01T04:40:33.000000Z","mmsi":367382540,"lon":-163.6661071777,"lat":54.5137939453,"expected":"367382540-2015-01-01T00:11:21.000000Z","speed":8.6999998093}
{"timestamp":"2015-01-01T04:40:33.000000Z","mmsi":367382540,"lon":-163.6661071777,"lat":54.5137939453,"expected":"367382540-2015-01-01T00:11:21.000000Z","speed":8.6999998093}
{"timestamp":"2015-01-01T04:42:49.000000Z","mmsi":367382540,"lon":-163.6214447021,"lat":54.5222549438,"expected":"367382540-2015-01-01T00:11:21.000000Z","speed":8.3000001907}
{"timestamp":"2015-01-01T04:42:49.000000Z","mmsi":367382540,"lon":-163.6214447021,"lat":54.5222549438,"expected":"367382540-2015-01-01T00:11:21.000000Z","speed":8.3000001907}
{"timestamp":"2015-01-01T04:45:53.000000Z","mmsi":367382540,"lon":-163.6868286133,"lat":54.5103111267,"expected":"367382540-2015-01-01T00:11:21.000000Z","speed":8.3999996185}
{"timestamp":"2015-01-01T04:45:53.000000Z","mmsi":367382540,"lon":-163.6868286133,"lat":54.5103111267,"expected":"367382540-2015-01-01T00:11:21.000000Z","speed":8.3999996185}
{"timestamp":"2015-01-01T04:50:12.000000Z","mmsi":367382540,"lon":-163.7033538818,"lat":54.5074119568,"expected":"367382540-2015-01-01T00:11:21.000000Z","speed":8.5}
{"timestamp":"2015-01-01T04:50:12.000000Z","mmsi":367382540,"lon":-163.7033538818,"lat":54.5074119568,"expected":"367382540-2015-01-01T00:11:21.000000Z","speed":8.5}
{"timestamp":"2015-01-01T05:01:34.000000Z","mmsi":367382540,"lon":-163.6661071777,"lat":54.5137939453,"expected":"367382540-2015-01-01T00:11:21.000000Z","speed":8.6999998093}
{"timestamp":"2015-01-01T05:01:34.000000Z","mmsi":367382540,"lon":-163.6661071777,"lat":54.5137939453,"expected":"367382540-2015-01-01T00:11:21.000000Z","speed":8.6999998093}
{"timestamp":"2015-01-01T05:11:44.000000Z","mmsi":367382540,"lon":-163.7842559814,"lat":54.4920654297,"expected":"367382540-2015-01-01T00:11:21.000000Z","speed":8.3999996185}
{"timestamp":"2015-01-01T05:11:44.000000Z","mmsi":367382540,"lon":-163.7842559814,"lat":54.4920654297,"expected":"367382540-2015-01-01T00:11:21.000000Z","speed":8.3999996185}
{"timestamp":"2015-01-01T05:16:33.000000Z","mmsi":367382540,"lon":-163.802444458,"lat":54.4885940552,"expected":"367382540-2015-01-01T00:11:21.000000Z","speed":8.3999996185}
{"timestamp":"2015-01-01T05:16:33.000000Z","mmsi":367382540,"lon":-163.802444458,"lat":54.4885940552,"expected":"367382540-2015-01-01T00:11:21.000000Z","speed":8.3999996185}
{"timestamp":"2015-01-01T05:31:02.000000Z","mmsi":367382540,"lon":-163.7842559814,"lat":54.4920654297,"expected":"367382540-2015-01-01T00:11:21.000000Z","speed":8.3000001907}
{"timestamp":"2015-01-01T05:31:02.000000Z","mmsi":367382540,"lon":-163.7842559814,"lat":54.4920654297,"expected":"367382540-2015-01-01T00:11:21.000000Z","speed":8.3000001907}
{"timestamp":"2015-01-01T05:31:54.000000Z","mmsi":367382540,"lon":-163.8601531982,"lat":54.4788589478,"expected":"367382540-2015-01-01T05:31:54.000000Z","speed":8.1999998093}
{"timestamp":"2015-01-01T05:31:54.000000Z","mmsi":367382540,"lon":-163.8601531982,"lat":54.4788589478,"expected":"367382540-2015-01-01T05:31:54.000000Z","speed":8.1999998093}
{"timestamp":"2015-01-01T05:36:34.000000Z","mmsi":367382540,"lon":-163.8778533936,"lat":54.4758758545,"expected":"367382540-2015-01-01T00:11:21.000000Z","speed":8.3000001907}
{"timestamp":"2015-01-01T05:36:34.000000Z","mmsi":367382540,"lon":-163.8778533936,"lat":54.4758758545,"expected":"367382540-2015-01-01T00:11:21.000000Z","speed":8.3000001907}
{"timestamp":"2015-01-01T05:51:03.000000Z","mmsi":367382540,"lon":-163.933883667,"lat":54.4664382935,"expected":"367382540-2015-01-01T00:11:21.000000Z","speed":8.5}
{"timestamp":"2015-01-01T05:51:03.000000Z","mmsi":367382540,"lon":-163.933883667,"lat":54.4664382935,"expected":"367382540-2015-01-01T00:11:21.000000Z","speed":8.5}
{"timestamp":"2015-01-01T05:52:14.000000Z","mmsi":367382540,"lon":-163.9385528564,"lat":54.4656600952,"expected":"367382540-2015-01-01T00:11:21.000000Z","speed":8.6999998093}
{"timestamp":"2015-01-01T05:52:14.000000Z","mmsi":367382540,"lon":-163.9385528564,"lat":54.4656600952,"expected":"367382540-2015-01-01T00:11:21.000000Z","speed":8.6999998093}
{"timestamp":"2015-01-01T05:55:16.000000Z","mmsi":367382540,"lon":-163.8601531982,"lat":54.4788589478,"expected":"367382540-2015-01-01T00:11:21.000000Z","speed":8.1000003815}
{"timestamp":"2015-01-01T05:55:16.000000Z","mmsi":367382540,"lon":-163.8601531982,"lat":54.4788589478,"expected":"367382540-2015-01-01T00:11:21.000000Z","speed":8.1000003815}
{"timestamp":"2015-01-01T05:57:20.000000Z","mmsi":367382540,"lon":null,"lat":null,"expected":"367382540-2015-01-01T00:11:21.000000Z","speed":null}
{"timestamp":"2015-01-01T05:57:24.000000Z","mmsi":367382540,"lon":-163.9587554932,"lat":54.4621734619,"expected":"367382540-2015-01-01T05:57:24.000000Z","speed":8.3000001907}
{"timestamp":"2015-01-01T05:57:24.000000Z","mmsi":367382540,"lon":-163.9587554932,"lat":54.4621734619,"expected":"367382540-2015-01-01T05:57:24.000000Z","speed":8.3000001907}
{"timestamp":"2015-01-01T06:11:44.000000Z","mmsi":367382540,"lon":-164.0139770508,"lat":54.451374054,"expected":"367382540-2015-01-01T00:11:21.000000Z","speed":8.5}
{"timestamp":"2015-01-01T06:11:44.000000Z","mmsi":367382540,"lon":-164.0139770508,"lat":54.451374054,"expected":"367382540-2015-01-01T00:11:21.000000Z","speed":8.5}
{"timestamp":"2015-01-01T06:15:44.000000Z","mmsi":367382540,"lon":-164.029296875,"lat":54.4480857849,"expected":"367382540-2015-01-01T00:11:21.000000Z","speed":8.5}
{"timestamp":"2015-01-01T06:15:44.000000Z","mmsi":367382540,"lon":-164.029296875,"lat":54.4480857849,"expected":"367382540-2015-01-01T00:11:21.000000Z","speed":8.5}
{"timestamp":"2015-01-01T06:16:12.000000Z","mmsi":367382540,"lon":-163.933883667,"lat":54.4664382935,"expected":"367382540-2015-01-01T06:16:12.000000Z","speed":8.5}
{"timestamp":"2015-01-01T06:16:12.000000Z","mmsi":367382540,"lon":-163.933883667,"lat":54.4664382935,"expected":"367382540-2015-01-01T06:16:12.000000Z","speed":8.5}
{"timestamp":"2015-01-01T06:16:12.000000Z","mmsi":367382540,"lon":-163.933883667,"lat":54.4664382935,"expected":"367382540-2015-01-01T06:16:12.000000Z","speed":8.5}
{"timestamp":"2015-01-01T06:21:34.000000Z","mmsi":367382540,"lon":-164.0518188477,"lat":54.4430732727,"expected":"367382540-2015-01-01T00:11:21.000000Z","speed":8.6999998093}
