{"timestamp":"2015-01-01T00:06:42.000000Z","mmsi":376091000,"lon":-74.2513198853,"lat":11.0825662613,"expected":"376091000-2015-01-01T00:06:42.000000Z","speed":0.1000000015}
{"timestamp":"2015-01-01T00:09:07.000000Z","mmsi":376091000,"lon":41.0178070068,"lat":-13.7191781998,"expected":"376091000-2015-01-01T00:09:07.000000Z","speed":8}
{"timestamp":"2015-01-01T00:09:07.000000Z","mmsi":376091000,"lon":41.0178070068,"lat":-13.7191781998,"expected":"376091000-2015-01-01T00:09:07.000000Z","speed":8}
{"timestamp":"2015-01-01T00:12:38.000000Z","mmsi":376091000,"lon":-74.2513656616,"lat":11.0825662613,"expected":"376091000-2015-01-01T00:06:42.000000Z","speed":0.200000003}
{"timestamp":"2015-01-01T00:12:38.000000Z","mmsi":376091000,"lon":-74.2513656616,"lat":11.0825662613,"expected":"376091000-2015-01-01T00:06:42.000000Z","speed":0.200000003}
{"timestamp":"2015-01-01T00:12:38.000000Z","mmsi":376091000,"lon":-74.2513656616,"lat":11.0825662613,"expected":"376091000-2015-01-01T00:06:42.000000Z","speed":0.200000003}
{"timestamp":"2015-01-01T00:12:38.000000Z","mmsi":376091000,"lon":-74.2513656616,"lat":11.0825662613,"expected":"376091000-2015-01-01T00:06:42.000000Z","speed":0.200000003}
{"timestamp":"2015-01-01T00:12:58.000000Z","mmsi":376091000,"lon":-74.2513656616,"lat":11.0825662613,"expected":"376091000-2015-01-01T00:06:42.000000Z","speed":0.3000000119}
{"timestamp":"2015-01-01T00:12:58.000000Z","mmsi":376091000,"lon":-74.2513656616,"lat":11.0825662613,"expected":"376091000-2015-01-01T00:06:42.000000Z","speed":0.3000000119}
{"timestamp":"2015-01-01T00:12:58.000000Z","mmsi":376091000,"lon":-74.2513656616,"lat":11.0825662613,"expected":"376091000-2015-01-01T00:06:42.000000Z","speed":0.3000000119}
{"timestamp":"2015-01-01T00:12:58.000000Z","mmsi":376091000,"lon":-74.2513656616,"lat":11.0825662613,"expected":"376091000-2015-01-01T00:06:42.000000Z","speed":0.3000000119}
{"timestamp":"2015-01-01T00:12:58.000000Z","mmsi":376091000,"lon":-74.2513656616,"lat":11.0825662613,"expected":"376091000-2015-01-01T00:06:42.000000Z","speed":0.3000000119}
{"timestamp":"2015-01-01T00:13:18.000000Z","mmsi":376091000,"lon":-74.2513656616,"lat":11.0825662613,"expected":"376091000-2015-01-01T00:06:42.000000Z","speed":0.400000006}
{"timestamp":"2015-01-01T00:13:18.000000Z","mmsi":376091000,"lon":-74.2513656616,"lat":11.0825662613,"expected":"376091000-2015-01-01T00:06:42.000000Z","speed":0.400000006}
{"timestamp":"2015-01-01T00:13:18.000000Z","mmsi":376091000,"lon":-74.2513656616,"lat":11.0825662613,"expected":"376091000-2015-01-01T00:06:42.000000Z","speed":0.400000006}
{"timestamp":"2015-01-01T00:13:18.000000Z","mmsi":376091000,"lon":-74.2513656616,"lat":11.0825662613,"expected":"376091000-2015-01-01T00:06:42.000000Z","speed":0.400000006}
{"timestamp":"2015-01-01T00:14:09.000000Z","mmsi":376091000,"lon":41.0257949829,"lat":-13.7254419327,"expected":"376091000-2015-01-01T00:09:07.000000Z","speed":6.3000001907}
{"timestamp":"2015-01-01T00:14:09.000000Z","mmsi":376091000,"lon":41.0257949829,"lat":-13.7254419327,"expected":"376091000-2015-01-01T00:09:07.000000Z","speed":6.3000001907}
{"timestamp":"2015-01-01T00:15:03.000000Z","mmsi":376091000,"lon":null,"lat":null,"expected":"376091000-2015-01-01T00:09:07.000000Z","speed":null}
{"timestamp":"2015-01-01T00:15:03.000000Z","mmsi":376091000,"lon":null,"lat":null,"expected":"376091000-2015-01-01T00:09:07.000000Z","speed":null}
{"timestamp":"2015-01-01T00:22:04.000000Z","mmsi":376091000,"lon":41.0348854065,"lat":-13.7360315323,"expected":"376091000-2015-01-01T00:09:07.000000Z","speed":5.6999998093}
{"timestamp":"2015-01-01T00:22:04.000000Z","mmsi":376091000,"lon":41.0348854065,"lat":-13.7360315323,"expected":"376091000-2015-01-01T00:09:07.000000Z","speed":5.6999998093}
{"timestamp":"2015-01-01T00:25:14.000000Z","mmsi":376091000,"lon":41.0392608643,"lat":-13.7374315262,"expected":"376091000-2015-01-01T00:09:07.000000Z","speed":4.9000000954}
{"timestamp":"2015-01-01T00:25:14.000000Z","mmsi":376091000,"lon":41.0392608643,"lat":-13.7374315262,"expected":"376091000-2015-01-01T00:09:07.000000Z","speed":4.9000000954}
{"timestamp":"2015-01-01T00:28:00.000000Z","mmsi":376091000,"lon":41.0411109924,"lat":-13.735168457,"expected":"376091000-2015-01-01T00:09:07.000000Z","speed":4}
{"timestamp":"2015-01-01T00:28:00.000000Z","mmsi":376091000,"lon":41.0411109924,"lat":-13.735168457,"expected":"376091000-2015-01-01T00:09:07.000000Z","speed":4}
{"timestamp":"2015-01-01T00:28:01.000000Z","mmsi":376091000,"lon":-74.2512817383,"lat":11.0825662613,"expected":"376091000-2015-01-01T00:06:42.000000Z","speed":0.3000000119}
{"timestamp":"2015-01-01T00:28:01.000000Z","mmsi":376091000,"lon":-74.2512817383,"lat":11.0825662613,"expected":"376091000-2015-01-01T00:06:42.000000Z","speed":0.3000000119}
{"timestamp":"2015-01-01T00:30:41.000000Z","mmsi":376091000,"lon":41.0427513123,"lat":-13.7328014374,"expected":"376091000-2015-01-01T00:09:07.000000Z","speed":3.2999999523}
{"timestamp":"2015-01-01T00:30:41.000000Z","mmsi":376091000,"lon":41.0427513123,"lat":-13.7328014374,"expected":"376091000-2015-01-01T00:09:07.000000Z","speed":3.2999999523}
{"timestamp":"2015-01-01T00:32:02.000000Z","mmsi":376091000,"lon":41.0436515808,"lat":-13.7313346863,"expected":"376091000-2015-01-01T00:09:07.000000Z","speed":5.3000001907}
{"timestamp":"2015-01-01T00:32:02.000000Z","mmsi":376091000,"lon":41.0436515808,"lat":-13.7313346863,"expected":"376091000-2015-01-01T00:09:07.000000Z","speed":5.3000001907}
{"timestamp":"2015-01-01T00:32:02.000000Z","mmsi":376091000,"lon":41.0436515808,"lat":-13.7313346863,"expected":"376091000-2015-01-01T00:09:07.000000Z","speed":5.3000001907}
{"timestamp":"2015-01-01T00:37:20.000000Z","mmsi":376091000,"lon":41.04712677,"lat":-13.7252502441,"expected":"376091000-2015-01-01T00:09:07.000000Z","speed":4.4000000954}
{"timestamp":"2015-01-01T00:37:20.000000Z","mmsi":376091000,"lon":41.04712677,"lat":-13.7252502441,"expected":"376091000-2015-01-01T00:09:07.000000Z","speed":4.4000000954}
{"timestamp":"2015-01-01T00:41:42.000000Z","mmsi":376091000,"lon":-74.2512969971,"lat":11.0825500488,"expected":"376091000-2015-01-01T00:06:42.000000Z","speed":0.3000000119}
{"timestamp":"2015-01-01T00:41:42.000000Z","mmsi":376091000,"lon":-74.2512969971,"lat":11.0825500488,"expected":"376091000-2015-01-01T00:06:42.000000Z","speed":0.3000000119}
{"timestamp":"2015-01-01T00:47:40.000000Z","mmsi":376091000,"lon":41.0545883179,"lat":-13.7131633759,"expected":"376091000-2015-01-01T00:09:07.000000Z","speed":5}
{"timestamp":"2015-01-01T00:47:40.000000Z","mmsi":376091000,"lon":41.0545883179,"lat":-13.7131633759,"expected":"376091000-2015-01-01T00:09:07.000000Z","speed":5}
{"timestamp":"2015-01-01T00:51:11.000000Z","mmsi":376091000,"lon":41.056476593,"lat":-13.7096214294,"expected":"376091000-2015-01-01T00:09:07.000000Z","speed":3.5999999046}
{"timestamp":"2015-01-01T00:51:11.000000Z","mmsi":376091000,"lon":41.056476593,"lat":-13.7096214294,"expected":"376091000-2015-01-01T00:09:07.000000Z","speed":3.5999999046}
{"timestamp":"2015-01-01T00:54:23.000000Z","mmsi":376091000,"lon":-74.2512130737,"lat":11.0825834274,"expected":"376091000-2015-01-01T00:06:42.000000Z","speed":0.3000000119}
{"timestamp":"2015-01-01T00:54:23.000000Z","mmsi":376091000,"lon":-74.2512130737,"lat":11.0825834274,"expected":"376091000-2015-01-01T00:06:42.000000Z","speed":0.3000000119}
{"timestamp":"2015-01-01T00:57:30.000000Z","mmsi":376091000,"lon":null,"lat":null,"expected":"376091000-2015-01-01T00:06:42.000000Z","speed":null}
{"timestamp":"2015-01-01T00:57:30.000000Z","mmsi":376091000,"lon":null,"lat":null,"expected":"376091000-2015-01-01T00:06:42.000000Z","speed":null}
{"timestamp":"2015-01-01T01:08:12.000000Z","mmsi":376091000,"lon":41.0582542419,"lat":-13.6997318268,"expected":"376091000-2015-01-01T00:09:07.000000Z","speed":2.5}
{"timestamp":"2015-01-01T01:08:12.000000Z","mmsi":376091000,"lon":41.0582542419,"lat":-13.6997318268,"expected":"376091000-2015-01-01T00:09:07.000000Z","speed":2.5}
{"timestamp":"2015-01-01T01:09:52.000000Z","mmsi":376091000,"lon":41.0582771301,"lat":-13.6987037659,"expected":"376091000-2015-01-01T00:09:07.000000Z","speed":2}
{"timestamp":"2015-01-01T01:09:52.000000Z","mmsi":376091000,"lon":41.0582771301,"lat":-13.6987037659,"expected":"376091000-2015-01-01T00:09:07.000000Z","speed":2}
{"timestamp":"2015-01-01T01:11:01.000000Z","mmsi":376091000,"lon":-74.2512512207,"lat":11.082616806,"expected":"376091000-2015-01-01T00:06:42.000000Z","speed":0.400000006}
{"timestamp":"2015-01-01T01:11:01.000000Z","mmsi":376091000,"lon":-74.2512512207,"lat":11.082616806,"expected":"376091000-2015-01-01T00:06:42.000000Z","speed":0.400000006}
{"timestamp":"2015-01-01T01:14:41.000000Z","mmsi":376091000,"lon":41.0581359863,"lat":-13.6974182129,"expected":"376091000-2015-01-01T00:09:07.000000Z","speed":1}
{"timestamp":"2015-01-01T01:14:41.000000Z","mmsi":376091000,"lon":41.0581359863,"lat":-13.6974182129,"expected":"376091000-2015-01-01T00:09:07.000000Z","speed":1}
{"timestamp":"2015-01-01T01:27:43.000000Z","mmsi":376091000,"lon":-74.2504348755,"lat":11.0833330154,"expected":"376091000-2015-01-01T00:06:42.000000Z","speed":6}
{"timestamp":"2015-01-01T01:27:43.000000Z","mmsi":376091000,"lon":-74.2504348755,"lat":11.0833330154,"expected":"376091000-2015-01-01T00:06:42.000000Z","speed":6}
{"timestamp":"2015-01-01T01:29:01.000000Z","mmsi":376091000,"lon":41.0557441711,"lat":-13.6930685043,"expected":"376091000-2015-01-01T00:09:07.000000Z","speed":8.6000003815}
{"timestamp":"2015-01-01T01:29:01.000000Z","mmsi":376091000,"lon":41.0557441711,"lat":-13.6930685043,"expected":"376091000-2015-01-01T00:09:07.000000Z","speed":8.6000003815}
{"timestamp":"2015-01-01T01:32:01.000000Z","mmsi":376091000,"lon":41.0533065796,"lat":-13.6982784271,"expected":"376091000-2015-01-01T00:09:07.000000Z","speed":6.0999999046}
{"timestamp":"2015-01-01T01:32:01.000000Z","mmsi":376091000,"lon":41.0533065796,"lat":-13.6982784271,"expected":"376091000-2015-01-01T00:09:07.000000Z","speed":6.0999999046}
{"timestamp":"2015-01-01T01:41:27.000000Z","mmsi":376091000,"lon":-74.2595214844,"lat":11.1013832092,"expected":"376091000-2015-01-01T00:06:42.000000Z","speed":5.5999999046}
{"timestamp":"2015-01-01T01:41:27.000000Z","mmsi":376091000,"lon":-74.2595214844,"lat":11.1013832092,"expected":"376091000-2015-01-01T00:06:42.000000Z","speed":5.5999999046}
{"timestamp":"2015-01-01T01:50:50.000000Z","mmsi":376091000,"lon":41.04246521,"lat":-13.7258548737,"expected":"376091000-2015-01-01T00:09:07.000000Z","speed":6}
{"timestamp":"2015-01-01T01:50:50.000000Z","mmsi":376091000,"lon":41.04246521,"lat":-13.7258548737,"expected":"376091000-2015-01-01T00:09:07.000000Z","speed":6}
{"timestamp":"2015-01-01T01:54:56.000000Z","mmsi":376091000,"lon":-74.2452163696,"lat":11.0832662582,"expected":"376091000-2015-01-01T00:06:42.000000Z","speed":6}
{"timestamp":"2015-01-01T01:54:56.000000Z","mmsi":376091000,"lon":-74.2452163696,"lat":11.0832662582,"expected":"376091000-2015-01-01T00:06:42.000000Z","speed":6}
{"timestamp":"2015-01-01T02:06:41.000000Z","mmsi":376091000,"lon":41.0391731262,"lat":-13.7303714752,"expected":"376091000-2015-01-01T00:09:07.000000Z","speed":1}
{"timestamp":"2015-01-01T02:06:41.000000Z","mmsi":376091000,"lon":41.0391731262,"lat":-13.7303714752,"expected":"376091000-2015-01-01T00:09:07.000000Z","speed":1}
{"timestamp":"2015-01-01T02:12:31.000000Z","mmsi":376091000,"lon":41.0389328003,"lat":-13.728386879,"expected":"376091000-2015-01-01T00:09:07.000000Z","speed":1.2999999523}
{"timestamp":"2015-01-01T02:12:31.000000Z","mmsi":376091000,"lon":41.0389328003,"lat":-13.728386879,"expected":"376091000-2015-01-01T00:09:07.000000Z","speed":1.2999999523}
{"timestamp":"2015-01-01T02:15:40.000000Z","mmsi":376091000,"lon":41.0385246277,"lat":-13.7276687622,"expected":"376091000-2015-01-01T00:09:07.000000Z","speed":0.8999999762}
{"timestamp":"2015-01-01T02:15:40.000000Z","mmsi":376091000,"lon":41.0385246277,"lat":-13.7276687622,"expected":"376091000-2015-01-01T00:09:07.000000Z","speed":0.8999999762}
{"timestamp":"2015-01-01T02:55:02.000000Z","mmsi":376091000,"lon":40.9930114746,"lat":-13.7909612656,"expected":"376091000-2015-01-01T00:09:07.000000Z","speed":11}
{"timestamp":"2015-01-01T03:17:40.000000Z","mmsi":376091000,"lon":40.9901924133,"lat":-13.8509168625,"expected":"376091000-2015-01-01T00:09:07.000000Z","speed":7.0999999046}
{"timestamp":"2015-01-01T03:17:40.000000Z","mmsi":376091000,"lon":40.9901924133,"lat":-13.8509168625,"expected":"376091000-2015-01-01T00:09:07.000000Z","speed":7.0999999046}
{"timestamp":"2015-01-01T03:42:19.000000Z","mmsi":376091000,"lon":40.9890937805,"lat":-13.8571214676,"expected":"376091000-2015-01-01T00:09:07.000000Z","speed":0.6999999881}
{"timestamp":"2015-01-01T03:42:19.000000Z","mmsi":376091000,"lon":40.9890937805,"lat":-13.8571214676,"expected":"376091000-2015-01-01T00:09:07.000000Z","speed":0.6999999881}
{"timestamp":"2015-01-01T04:08:21.000000Z","mmsi":376091000,"lon":-74.2503662109,"lat":11.082783699,"expected":"376091000-2015-01-01T00:06:42.000000Z","speed":0.3000000119}
{"timestamp":"2015-01-01T04:08:21.000000Z","mmsi":376091000,"lon":-74.2503662109,"lat":11.082783699,"expected":"376091000-2015-01-01T00:06:42.000000Z","speed":0.3000000119}
{"timestamp":"2015-01-01T04:12:33.000000Z","mmsi":376091000,"lon":-74.2503662109,"lat":11.082783699,"expected":"376091000-2015-01-01T00:06:42.000000Z","speed":0.5}
{"timestamp":"2015-01-01T04:12:33.000000Z","mmsi":376091000,"lon":-74.2503662109,"lat":11.082783699,"expected":"376091000-2015-01-01T00:06:42.000000Z","speed":0.5}
{"timestamp":"2015-01-01T05:10:01.000000Z","mmsi":376091000,"lon":-74.2503356934,"lat":11.0828170776,"expected":"376091000-2015-01-01T00:06:42.000000Z","speed":0.3000000119}
{"timestamp":"2015-01-01T05:10:01.000000Z","mmsi":376091000,"lon":-74.2503356934,"lat":11.0828170776,"expected":"376091000-2015-01-01T00:06:42.000000Z","speed":0.3000000119}
{"timestamp":"2015-01-01T05:10:01.000000Z","mmsi":376091000,"lon":-74.2503356934,"lat":11.0828170776,"expected":"376091000-2015-01-01T00:06:42.000000Z","speed":0.3000000119}
{"timestamp":"2015-01-01T05:10:01.000000Z","mmsi":376091000,"lon":-74.2503356934,"lat":11.0828170776,"expected":"376091000-2015-01-01T00:06:42.000000Z","speed":0.3000000119}
{"timestamp":"2015-01-01T05:10:01.000000Z","mmsi":376091000,"lon":-74.2503356934,"lat":11.0828170776,"expected":"376091000-2015-01-01T00:06:42.000000Z","speed":0.3000000119}
{"timestamp":"2015-01-01T05:47:53.000000Z","mmsi":376091000,"lon":-74.2501296997,"lat":11.0829162598,"expected":"376091000-2015-01-01T00:06:42.000000Z","speed":0.400000006}
{"timestamp":"2015-01-01T05:47:53.000000Z","mmsi":376091000,"lon":-74.2501296997,"lat":11.0829162598,"expected":"376091000-2015-01-01T00:06:42.000000Z","speed":0.400000006}
{"timestamp":"2015-01-01T06:00:21.000000Z","mmsi":376091000,"lon":-74.2500762939,"lat":11.0830163956,"expected":"376091000-2015-01-01T00:06:42.000000Z","speed":0.400000006}
{"timestamp":"2015-01-01T06:00:21.000000Z","mmsi":376091000,"lon":-74.2500762939,"lat":11.0830163956,"expected":"376091000-2015-01-01T00:06:42.000000Z","speed":0.400000006}
{"timestamp":"2015-01-01T06:00:21.000000Z","mmsi":376091000,"lon":-74.2500762939,"lat":11.0830163956,"expected":"376091000-2015-01-01T00:06:42.000000Z","speed":0.400000006}
{"timestamp":"2015-01-01T06:22:02.000000Z","mmsi":376091000,"lon":-74.2501831055,"lat":11.0828504562,"expected":"376091000-2015-01-01T00:06:42.000000Z","speed":0.3000000119}
{"timestamp":"2015-01-01T06:22:02.000000Z","mmsi":376091000,"lon":-74.2501831055,"lat":11.0828504562,"expected":"376091000-2015-01-01T00:06:42.000000Z","speed":0.3000000119}
{"timestamp":"2015-01-01T06:31:47.000000Z","mmsi":376091000,"lon":-74.2501449585,"lat":11.0828828812,"expected":"376091000-2015-01-01T00:06:42.000000Z","speed":0.8999999762}
{"timestamp":"2015-01-01T06:31:47.000000Z","mmsi":376091000,"lon":-74.2501449585,"lat":11.0828828812,"expected":"376091000-2015-01-01T00:06:42.000000Z","speed":0.8999999762}
{"timestamp":"2015-01-01T06:38:41.000000Z","mmsi":376091000,"lon":-74.2628097534,"lat":11.0895500183,"expected":"376091000-2015-01-01T00:06:42.000000Z","speed":8}
{"timestamp":"2015-01-01T06:38:41.000000Z","mmsi":376091000,"lon":-74.2628097534,"lat":11.0895500183,"expected":"376091000-2015-01-01T00:06:42.000000Z","speed":8}
{"timestamp":"2015-01-01T06:44:07.000000Z","mmsi":376091000,"lon":-74.2596817017,"lat":11.101849556,"expected":"376091000-2015-01-01T00:06:42.000000Z","speed":9}
{"timestamp":"2015-01-01T06:44:21.000000Z","mmsi":376091000,"lon":-74.2592315674,"lat":11.1020002365,"expected":"376091000-2015-01-01T00:06:42.000000Z","speed":6.9000000954}
{"timestamp":"2015-01-01T06:44:21.000000Z","mmsi":376091000,"lon":-74.2592315674,"lat":11.1020002365,"expected":"376091000-2015-01-01T00:06:42.000000Z","speed":6.9000000954}
{"timestamp":"2015-01-01T06:44:34.000000Z","mmsi":376091000,"lon":-74.2590103149,"lat":11.1017665863,"expected":"376091000-2015-01-01T00:06:42.000000Z","speed":5.5}
