{"timestamp":"2015-04-17T00:03:25.000000Z","mmsi":412349342,"lon":null,"lat":null,"expected":"412349342-2015-04-17T00:03:25.000000Z","speed":null}
{"timestamp":"2015-04-17T00:03:51.000000Z","mmsi":412349342,"lon":120.3414916992,"lat":35.7750549316,"expected":"412349342-2015-04-17T00:03:25.000000Z","speed":4.8000001907}
{"timestamp":"2015-04-17T00:04:52.000000Z","mmsi":412349342,"lon":null,"lat":null,"expected":"412349342-2015-04-17T00:03:25.000000Z","speed":null}
{"timestamp":"2015-04-17T00:04:52.000000Z","mmsi":412349342,"lon":null,"lat":null,"expected":"412349342-2015-04-17T00:03:25.000000Z","speed":null}
{"timestamp":"2015-04-17T00:13:05.000000Z","mmsi":412349342,"lon":120.351890564,"lat":35.7836761475,"expected":"412349342-2015-04-17T00:03:25.000000Z","speed":5.0999999046}
{"timestamp":"2015-04-17T00:25:08.000000Z","mmsi":412349342,"lon":120.3610534668,"lat":35.7967681885,"expected":"412349342-2015-04-17T00:03:25.000000Z","speed":5.4000000954}
{"timestamp":"2015-04-17T00:26:58.000000Z","mmsi":412349342,"lon":null,"lat":null,"expected":"412349342-2015-04-17T00:03:25.000000Z","speed":null}
{"timestamp":"2015-04-17T00:34:56.000000Z","mmsi":412349342,"lon":120.340637207,"lat":35.7806015015,"expected":"412349342-2015-04-17T00:03:25.000000Z","speed":4.9000000954}
{"timestamp":"2015-04-17T00:38:17.000000Z","mmsi":412349342,"lon":120.3797302246,"lat":35.8055267334,"expected":"412349342-2015-04-17T00:03:25.000000Z","speed":4.1999998093}
{"timestamp":"2015-04-17T00:45:02.000000Z","mmsi":412349342,"lon":null,"lat":null,"expected":"412349342-2015-04-17T00:03:25.000000Z","speed":null}
{"timestamp":"2015-04-17T00:48:27.000000Z","mmsi":412349342,"lon":120.3577575684,"lat":35.7905273438,"expected":"412349342-2015-04-17T00:03:25.000000Z","speed":4.6999998093}
{"timestamp":"2015-04-17T00:50:19.000000Z","mmsi":412349342,"lon":120.3949890137,"lat":35.8148078918,"expected":"412349342-2015-04-17T00:03:25.000000Z","speed":4.1999998093}
{"timestamp":"2015-04-17T00:57:38.000000Z","mmsi":412349342,"lon":null,"lat":null,"expected":"412349342-2015-04-17T00:03:25.000000Z","speed":null}
{"timestamp":"2015-04-17T01:02:08.000000Z","mmsi":412349342,"lon":120.3806152344,"lat":35.7961349487,"expected":"412349342-2015-04-17T00:03:25.000000Z","speed":5}
{"timestamp":"2015-04-17T01:02:44.000000Z","mmsi":412349342,"lon":120.3812408447,"lat":35.7962265015,"expected":"412349342-2015-04-17T00:03:25.000000Z","speed":4.6999998093}
{"timestamp":"2015-04-17T01:10:56.000000Z","mmsi":412349342,"lon":null,"lat":null,"expected":"412349342-2015-04-17T00:03:25.000000Z","speed":null}
{"timestamp":"2015-04-17T01:14:33.000000Z","mmsi":412349342,"lon":120.3836364746,"lat":35.7980766296,"expected":"412349342-2015-04-17T00:03:25.000000Z","speed":0.6999999881}
{"timestamp":"2015-04-17T01:14:33.000000Z","mmsi":412349342,"lon":120.3836364746,"lat":35.7980766296,"expected":"412349342-2015-04-17T00:03:25.000000Z","speed":0.6999999881}
{"timestamp":"2015-04-17T01:17:41.000000Z","mmsi":412349342,"lon":120.3845443726,"lat":35.7988319397,"expected":"412349342-2015-04-17T00:03:25.000000Z","speed":1.5}
{"timestamp":"2015-04-17T01:23:44.000000Z","mmsi":412349342,"lon":null,"lat":null,"expected":"412349342-2015-04-17T00:03:25.000000Z","speed":null}
{"timestamp":"2015-04-17T01:23:44.000000Z","mmsi":412349342,"lon":null,"lat":null,"expected":"412349342-2015-04-17T00:03:25.000000Z","speed":null}
{"timestamp":"2015-04-17T01:31:36.000000Z","mmsi":412349342,"lon":120.4143753052,"lat":35.8273010254,"expected":"412349342-2015-04-17T00:03:25.000000Z","speed":4.4000000954}
{"timestamp":"2015-04-17T01:32:42.000000Z","mmsi":412349342,"lon":120.3905715942,"lat":35.8038597107,"expected":"412349342-2015-04-17T00:03:25.000000Z","speed":0.8999999762}
{"timestamp":"2015-04-17T01:32:42.000000Z","mmsi":412349342,"lon":120.3905715942,"lat":35.8038597107,"expected":"412349342-2015-04-17T00:03:25.000000Z","speed":0.8999999762}
{"timestamp":"2015-04-17T01:32:42.000000Z","mmsi":412349342,"lon":120.3905715942,"lat":35.8038597107,"expected":"412349342-2015-04-17T00:03:25.000000Z","speed":0.8999999762}
{"timestamp":"2015-04-17T01:43:49.000000Z","mmsi":412349342,"lon":120.3987045288,"lat":35.8029212952,"expected":"412349342-2015-04-17T00:03:25.000000Z","speed":6}
{"timestamp":"2015-04-17T01:49:37.000000Z","mmsi":412349342,"lon":null,"lat":null,"expected":"412349342-2015-04-17T00:03:25.000000Z","speed":null}
{"timestamp":"2015-04-17T01:56:14.000000Z","mmsi":412349342,"lon":120.4142150879,"lat":35.78565979,"expected":"412349342-2015-04-17T00:03:25.000000Z","speed":1.2999999523}
{"timestamp":"2015-04-17T02:02:49.000000Z","mmsi":412349342,"lon":null,"lat":null,"expected":"412349342-2015-04-17T00:03:25.000000Z","speed":null}
{"timestamp":"2015-04-17T02:02:49.000000Z","mmsi":412349342,"lon":null,"lat":null,"expected":"412349342-2015-04-17T00:03:25.000000Z","speed":null}
{"timestamp":"2015-04-17T02:47:55.000000Z","mmsi":412349342,"lon":null,"lat":null,"expected":"412349342-2015-04-17T00:03:25.000000Z","speed":null}
{"timestamp":"2015-04-17T02:47:55.000000Z","mmsi":412349342,"lon":120.4304275513,"lat":35.7996749878,"expected":"412349342-2015-04-17T00:03:25.000000Z","speed":1.1000000238}
{"timestamp":"2015-04-17T02:47:55.000000Z","mmsi":412349342,"lon":120.4304275513,"lat":35.7996749878,"expected":"412349342-2015-04-17T00:03:25.000000Z","speed":1.1000000238}
{"timestamp":"2015-04-17T02:47:55.000000Z","mmsi":412349342,"lon":null,"lat":null,"expected":"412349342-2015-04-17T00:03:25.000000Z","speed":null}
{"timestamp":"2015-04-17T02:47:55.000000Z","mmsi":412349342,"lon":120.4304275513,"lat":35.7996749878,"expected":"412349342-2015-04-17T00:03:25.000000Z","speed":1.1000000238}
{"timestamp":"2015-04-17T03:03:59.000000Z","mmsi":412349342,"lon":120.4342498779,"lat":35.8042068481,"expected":"412349342-2015-04-17T00:03:25.000000Z","speed":1.2999999523}
{"timestamp":"2015-04-17T03:03:59.000000Z","mmsi":412349342,"lon":null,"lat":null,"expected":"412349342-2015-04-17T00:03:25.000000Z","speed":null}
{"timestamp":"2015-04-17T03:17:17.000000Z","mmsi":412349342,"lon":120.4273071289,"lat":35.7945518494,"expected":"412349342-2015-04-17T00:03:25.000000Z","speed":3.5}
{"timestamp":"2015-04-17T03:30:05.000000Z","mmsi":412349342,"lon":120.4132156372,"lat":35.7918701172,"expected":"412349342-2015-04-17T00:03:25.000000Z","speed":3.5999999046}
{"timestamp":"2015-04-17T03:42:19.000000Z","mmsi":412349342,"lon":120.3981323242,"lat":35.7925453186,"expected":"412349342-2015-04-17T00:03:25.000000Z","speed":3.0999999046}
{"timestamp":"2015-04-17T03:42:19.000000Z","mmsi":412349342,"lon":120.3981323242,"lat":35.7925453186,"expected":"412349342-2015-04-17T00:03:25.000000Z","speed":3.0999999046}
{"timestamp":"2015-04-17T03:49:15.000000Z","mmsi":412349342,"lon":null,"lat":null,"expected":"412349342-2015-04-17T00:03:25.000000Z","speed":null}
{"timestamp":"2015-04-17T03:49:15.000000Z","mmsi":412349342,"lon":null,"lat":null,"expected":"412349342-2015-04-17T00:03:25.000000Z","speed":null}
{"timestamp":"2015-04-17T03:54:25.000000Z","mmsi":412349342,"lon":120.4308166504,"lat":35.8409385681,"expected":"412349342-2015-04-17T00:03:25.000000Z","speed":4.4000000954}
{"timestamp":"2015-04-17T03:54:25.000000Z","mmsi":412349342,"lon":120.4308166504,"lat":35.8409385681,"expected":"412349342-2015-04-17T00:03:25.000000Z","speed":4.4000000954}
{"timestamp":"2015-04-17T04:02:24.000000Z","mmsi":412349342,"lon":null,"lat":null,"expected":"412349342-2015-04-17T00:03:25.000000Z","speed":null}
{"timestamp":"2015-04-17T04:06:48.000000Z","mmsi":412349342,"lon":120.4187164307,"lat":35.8489379883,"expected":"412349342-2015-04-17T00:03:25.000000Z","speed":3.7999999523}
{"timestamp":"2015-04-17T04:16:25.000000Z","mmsi":412349342,"lon":120.4116668701,"lat":35.856552124,"expected":"412349342-2015-04-17T00:03:25.000000Z","speed":5.3000001907}
{"timestamp":"2015-04-17T04:16:25.000000Z","mmsi":412349342,"lon":120.4116668701,"lat":35.856552124,"expected":"412349342-2015-04-17T00:03:25.000000Z","speed":5.3000001907}
{"timestamp":"2015-04-17T04:17:37.000000Z","mmsi":412349342,"lon":null,"lat":null,"expected":"412349342-2015-04-17T00:03:25.000000Z","speed":null}
{"timestamp":"2015-04-17T04:18:54.000000Z","mmsi":412349342,"lon":120.4147720337,"lat":35.8590583801,"expected":"412349342-2015-04-17T00:03:25.000000Z","speed":5.0999999046}
{"timestamp":"2015-04-17T04:18:54.000000Z","mmsi":412349342,"lon":120.4147720337,"lat":35.8590583801,"expected":"412349342-2015-04-17T00:03:25.000000Z","speed":5.0999999046}
{"timestamp":"2015-04-17T04:29:52.000000Z","mmsi":412349342,"lon":120.3461608887,"lat":35.8014411926,"expected":"412349342-2015-04-17T00:03:25.000000Z","speed":3.5}
{"timestamp":"2015-04-17T04:30:57.000000Z","mmsi":412349342,"lon":120.3475341797,"lat":35.8018493652,"expected":"412349342-2015-04-17T00:03:25.000000Z","speed":4.5}
{"timestamp":"2015-04-17T04:35:13.000000Z","mmsi":412349342,"lon":null,"lat":null,"expected":"412349342-2015-04-17T00:03:25.000000Z","speed":null}
{"timestamp":"2015-04-17T04:35:16.000000Z","mmsi":412349342,"lon":null,"lat":null,"expected":"412349342-2015-04-17T00:03:25.000000Z","speed":null}
{"timestamp":"2015-04-17T04:42:04.000000Z","mmsi":412349342,"lon":120.4328231812,"lat":35.845664978,"expected":"412349342-2015-04-17T00:03:25.000000Z","speed":2.7000000477}
{"timestamp":"2015-04-17T04:43:14.000000Z","mmsi":412349342,"lon":120.4338378906,"lat":35.8435401917,"expected":"412349342-2015-04-17T00:03:25.000000Z","speed":4.4000000954}
{"timestamp":"2015-04-17T04:45:17.000000Z","mmsi":412349342,"lon":120.4362411499,"lat":35.844165802,"expected":"412349342-2015-04-17T00:03:25.000000Z","speed":4.4000000954}
{"timestamp":"2015-04-17T04:47:17.000000Z","mmsi":412349342,"lon":null,"lat":null,"expected":"412349342-2015-04-17T00:03:25.000000Z","speed":null}
{"timestamp":"2015-04-17T04:50:31.000000Z","mmsi":412349342,"lon":null,"lat":null,"expected":"412349342-2015-04-17T00:03:25.000000Z","speed":null}
{"timestamp":"2015-04-17T04:55:08.000000Z","mmsi":412349342,"lon":120.3616790771,"lat":35.8140640259,"expected":"412349342-2015-04-17T00:03:25.000000Z","speed":3.0999999046}
{"timestamp":"2015-04-17T04:55:16.000000Z","mmsi":412349342,"lon":120.4391098022,"lat":35.8530158997,"expected":"412349342-2015-04-17T00:03:25.000000Z","speed":3.5999999046}
{"timestamp":"2015-04-17T04:55:16.000000Z","mmsi":412349342,"lon":120.4391098022,"lat":35.8530158997,"expected":"412349342-2015-04-17T00:03:25.000000Z","speed":3.5999999046}
{"timestamp":"2015-04-17T05:02:54.000000Z","mmsi":412349342,"lon":null,"lat":null,"expected":"412349342-2015-04-17T00:03:25.000000Z","speed":null}
{"timestamp":"2015-04-17T05:07:26.000000Z","mmsi":412349342,"lon":120.3685836792,"lat":35.827507019,"expected":"412349342-2015-04-17T00:03:25.000000Z","speed":3.0999999046}
{"timestamp":"2015-04-17T05:15:37.000000Z","mmsi":412349342,"lon":120.3751831055,"lat":35.8310012817,"expected":"412349342-2015-04-17T00:03:25.000000Z","speed":3}
{"timestamp":"2015-04-17T05:15:37.000000Z","mmsi":412349342,"lon":120.3751831055,"lat":35.8310012817,"expected":"412349342-2015-04-17T00:03:25.000000Z","speed":3}
{"timestamp":"2015-04-17T05:15:37.000000Z","mmsi":412349342,"lon":120.3751831055,"lat":35.8310012817,"expected":"412349342-2015-04-17T00:03:25.000000Z","speed":3}
{"timestamp":"2015-04-17T05:17:26.000000Z","mmsi":412349342,"lon":null,"lat":null,"expected":"412349342-2015-04-17T00:03:25.000000Z","speed":null}
{"timestamp":"2015-04-17T05:18:27.000000Z","mmsi":412349342,"lon":null,"lat":null,"expected":"412349342-2015-04-17T00:03:25.000000Z","speed":null}
{"timestamp":"2015-04-17T05:19:28.000000Z","mmsi":412349342,"lon":120.3778533936,"lat":35.8330116272,"expected":"412349342-2015-04-17T00:03:25.000000Z","speed":2.9000000954}
{"timestamp":"2015-04-17T05:19:28.000000Z","mmsi":412349342,"lon":120.3778533936,"lat":35.8330116272,"expected":"412349342-2015-04-17T00:03:25.000000Z","speed":2.9000000954}
{"timestamp":"2015-04-17T05:27:41.000000Z","mmsi":412349342,"lon":120.4126968384,"lat":35.8341941833,"expected":"412349342-2015-04-17T00:03:25.000000Z","speed":3.2999999523}
{"timestamp":"2015-04-17T05:27:41.000000Z","mmsi":412349342,"lon":120.4126968384,"lat":35.8341941833,"expected":"412349342-2015-04-17T00:03:25.000000Z","speed":3.2999999523}
{"timestamp":"2015-04-17T05:31:09.000000Z","mmsi":412349342,"lon":null,"lat":null,"expected":"412349342-2015-04-17T00:03:25.000000Z","speed":null}
{"timestamp":"2015-04-17T05:31:43.000000Z","mmsi":412349342,"lon":120.3840637207,"lat":35.8416671753,"expected":"412349342-2015-04-17T00:03:25.000000Z","speed":3.2999999523}
{"timestamp":"2015-04-17T05:43:58.000000Z","mmsi":412349342,"lon":120.4273986816,"lat":35.8353805542,"expected":"412349342-2015-04-17T00:03:25.000000Z","speed":3.2999999523}
{"timestamp":"2015-04-17T05:46:10.000000Z","mmsi":412349342,"lon":null,"lat":null,"expected":"412349342-2015-04-17T00:03:25.000000Z","speed":null}
{"timestamp":"2015-04-17T05:46:10.000000Z","mmsi":412349342,"lon":null,"lat":null,"expected":"412349342-2015-04-17T00:03:25.000000Z","speed":null}
{"timestamp":"2015-04-17T05:46:10.000000Z","mmsi":412349342,"lon":null,"lat":null,"expected":"412349342-2015-04-17T00:03:25.000000Z","speed":null}
{"timestamp":"2015-04-17T05:51:54.000000Z","mmsi":412349342,"lon":120.4333877563,"lat":35.8375282288,"expected":"412349342-2015-04-17T00:03:25.000000Z","speed":3.4000000954}
{"timestamp":"2015-04-17T05:58:13.000000Z","mmsi":412349342,"lon":null,"lat":null,"expected":"412349342-2015-04-17T00:03:25.000000Z","speed":null}
{"timestamp":"2015-04-17T06:06:43.000000Z","mmsi":412349342,"lon":120.3950500488,"lat":35.8643302917,"expected":"412349342-2015-04-17T00:03:25.000000Z","speed":2.7000000477}
{"timestamp":"2015-04-17T06:06:43.000000Z","mmsi":412349342,"lon":120.3950500488,"lat":35.8643302917,"expected":"412349342-2015-04-17T00:03:25.000000Z","speed":2.7000000477}
{"timestamp":"2015-04-17T06:06:43.000000Z","mmsi":412349342,"lon":120.3950500488,"lat":35.8643302917,"expected":"412349342-2015-04-17T00:03:25.000000Z","speed":2.7000000477}
{"timestamp":"2015-04-17T06:06:43.000000Z","mmsi":412349342,"lon":120.3950500488,"lat":35.8643302917,"expected":"412349342-2015-04-17T00:03:25.000000Z","speed":2.7000000477}
{"timestamp":"2015-04-17T06:06:43.000000Z","mmsi":412349342,"lon":120.3950500488,"lat":35.8643302917,"expected":"412349342-2015-04-17T00:03:25.000000Z","speed":2.7000000477}
{"timestamp":"2015-04-17T06:08:15.000000Z","mmsi":412349342,"lon":120.4337463379,"lat":35.8460197449,"expected":"412349342-2015-04-17T00:03:25.000000Z","speed":5.3000001907}
{"timestamp":"2015-04-17T06:11:21.000000Z","mmsi":412349342,"lon":null,"lat":null,"expected":"412349342-2015-04-17T00:03:25.000000Z","speed":null}
{"timestamp":"2015-04-17T06:18:22.000000Z","mmsi":412349342,"lon":null,"lat":null,"expected":"412349342-2015-04-17T00:03:25.000000Z","speed":null}
{"timestamp":"2015-04-17T06:18:22.000000Z","mmsi":412349342,"lon":null,"lat":null,"expected":"412349342-2015-04-17T00:03:25.000000Z","speed":null}
{"timestamp":"2015-04-17T06:20:29.000000Z","mmsi":412349342,"lon":120.4155502319,"lat":35.8414535522,"expected":"412349342-2015-04-17T00:03:25.000000Z","speed":5.4000000954}
{"timestamp":"2015-04-17T06:20:38.000000Z","mmsi":412349342,"lon":120.4028244019,"lat":35.8695678711,"expected":"412349342-2015-04-17T00:03:25.000000Z","speed":4.9000000954}
{"timestamp":"2015-04-17T06:25:44.000000Z","mmsi":412349342,"lon":null,"lat":null,"expected":"412349342-2015-04-17T00:03:25.000000Z","speed":null}
{"timestamp":"2015-04-17T06:32:33.000000Z","mmsi":412349342,"lon":120.3985900879,"lat":35.835773468,"expected":"412349342-2015-04-17T00:03:25.000000Z","speed":5.4000000954}
{"timestamp":"2015-04-17T06:38:46.000000Z","mmsi":412349342,"lon":null,"lat":null,"expected":"412349342-2015-04-17T00:03:25.000000Z","speed":null}
{"timestamp":"2015-04-17T06:38:46.000000Z","mmsi":412349342,"lon":null,"lat":null,"expected":"412349342-2015-04-17T00:03:25.000000Z","speed":null}
{"timestamp":"2015-04-17T06:45:23.000000Z","mmsi":412349342,"lon":120.3995056152,"lat":35.8425140381,"expected":"412349342-2015-04-17T00:03:25.000000Z","speed":5.8000001907}
{"timestamp":"2015-04-17T07:00:18.000000Z","mmsi":412349342,"lon":120.3636016846,"lat":35.8187675476,"expected":"412349342-2015-04-17T00:03:25.000000Z","speed":4.4000000954}
