{"timestamp":"2015-11-05T00:06:06.000000Z","mmsi":412449638,"lon":123.3520278931,"lat":30.6396598816,"expected":"412449638-2015-11-05T00:06:06.000000Z","speed":0.3000000119}
{"timestamp":"2015-11-05T00:24:38.000000Z","mmsi":412449638,"lon":123.3473434448,"lat":30.6249542236,"expected":"412449638-2015-11-05T00:06:06.000000Z","speed":8.1000003815}
{"timestamp":"2015-11-05T01:19:37.000000Z","mmsi":412449638,"lon":123.3460159302,"lat":30.6176300049,"expected":"412449638-2015-11-05T00:06:06.000000Z","speed":0.400000006}
{"timestamp":"2015-11-05T01:46:37.000000Z","mmsi":412449638,"lon":123.3464508057,"lat":30.6172924042,"expected":"412449638-2015-11-05T00:06:06.000000Z","speed":0.200000003}
{"timestamp":"2015-11-05T02:07:35.000000Z","mmsi":412449638,"lon":123.3460006714,"lat":30.6166362762,"expected":"412449638-2015-11-05T00:06:06.000000Z","speed":0.5}
{"timestamp":"2015-11-05T02:26:38.000000Z","mmsi":412449638,"lon":123.3474807739,"lat":30.6194133759,"expected":"412449638-2015-11-05T00:06:06.000000Z","speed":7.1999998093}
{"timestamp":"2015-11-05T02:43:07.000000Z","mmsi":412449638,"lon":123.3469848633,"lat":30.6232528687,"expected":"412449638-2015-11-05T00:06:06.000000Z","speed":2}
{"timestamp":"2015-11-05T03:33:40.000000Z","mmsi":412449638,"lon":123.3483047485,"lat":30.6317558289,"expected":"412449638-2015-11-05T00:06:06.000000Z","speed":2.2000000477}
{"timestamp":"2015-11-05T04:00:09.000000Z","mmsi":412449638,"lon":123.3448791504,"lat":30.621679306,"expected":"412449638-2015-11-05T00:06:06.000000Z","speed":0.400000006}
{"timestamp":"2015-11-05T04:19:10.000000Z","mmsi":412449638,"lon":123.3442687988,"lat":30.6202297211,"expected":"412449638-2015-11-05T00:06:06.000000Z","speed":3.9000000954}
{"timestamp":"2015-11-05T04:38:38.000000Z","mmsi":412449638,"lon":123.345703125,"lat":30.6270809174,"expected":"412449638-2015-11-05T00:06:06.000000Z","speed":0.5}
{"timestamp":"2015-11-05T04:56:39.000000Z","mmsi":412449638,"lon":123.3447494507,"lat":30.6249732971,"expected":"412449638-2015-11-05T00:06:06.000000Z","speed":1.8999999762}
{"timestamp":"2015-11-05T05:21:10.000000Z","mmsi":412449638,"lon":123.3477325439,"lat":30.632932663,"expected":"412449638-2015-11-05T00:06:06.000000Z","speed":0.6000000238}
{"timestamp":"2015-11-05T05:43:08.000000Z","mmsi":412449638,"lon":123.351890564,"lat":30.6424674988,"expected":"412449638-2015-11-05T00:06:06.000000Z","speed":1}
{"timestamp":"2015-11-05T06:00:40.000000Z","mmsi":412449638,"lon":123.3593215942,"lat":30.6556568146,"expected":"412449638-2015-11-05T00:06:06.000000Z","speed":2.4000000954}
{"timestamp":"2015-11-05T06:20:40.000000Z","mmsi":412449638,"lon":123.3555831909,"lat":30.6492462158,"expected":"412449638-2015-11-05T00:06:06.000000Z","speed":8.1999998093}
{"timestamp":"2015-11-05T06:37:10.000000Z","mmsi":412449638,"lon":123.351852417,"lat":30.6391391754,"expected":"412449638-2015-11-05T00:06:06.000000Z","speed":0.5}
{"timestamp":"2015-11-05T06:55:10.000000Z","mmsi":412449638,"lon":123.3349761963,"lat":30.6422901154,"expected":"412449638-2015-11-05T00:06:06.000000Z","speed":3.7999999523}
{"timestamp":"2015-11-05T07:13:13.000000Z","mmsi":412449638,"lon":123.3465194702,"lat":30.635679245,"expected":"412449638-2015-11-05T00:06:06.000000Z","speed":8.5}
{"timestamp":"2015-11-05T07:32:13.000000Z","mmsi":412449638,"lon":123.349105835,"lat":30.6378803253,"expected":"412449638-2015-11-05T00:06:06.000000Z","speed":6.9000000954}
{"timestamp":"2015-11-05T08:54:42.000000Z","mmsi":412449638,"lon":123.3456954956,"lat":30.6596870422,"expected":"412449638-2015-11-05T00:06:06.000000Z","speed":4.3000001907}
{"timestamp":"2015-11-05T09:10:14.000000Z","mmsi":412449638,"lon":123.3547058105,"lat":30.647026062,"expected":"412449638-2015-11-05T00:06:06.000000Z","speed":1.6000000238}
{"timestamp":"2015-11-05T09:50:55.000000Z","mmsi":412449638,"lon":120.4371871948,"lat":27.073600769,"expected":"412449638-2015-11-05T09:50:55.000000Z","speed":7.6999998093}
{"timestamp":"2015-11-05T10:05:58.000000Z","mmsi":412449638,"lon":120.4734268188,"lat":27.0768661499,"expected":"412449638-2015-11-05T09:50:55.000000Z","speed":7.9000000954}
{"timestamp":"2015-11-05T10:23:58.000000Z","mmsi":412449638,"lon":120.5166931152,"lat":27.0836334229,"expected":"412449638-2015-11-05T09:50:55.000000Z","speed":7.9000000954}
{"timestamp":"2015-11-05T10:39:56.000000Z","mmsi":412449638,"lon":120.5549850464,"lat":27.0868606567,"expected":"412449638-2015-11-05T09:50:55.000000Z","speed":7.1999998093}
{"timestamp":"2015-11-05T10:58:12.000000Z","mmsi":412449638,"lon":123.3415756226,"lat":30.6564064026,"expected":"412449638-2015-11-05T00:06:06.000000Z","speed":1.3999999762}
{"timestamp":"2015-11-05T11:16:12.000000Z","mmsi":412449638,"lon":123.3539352417,"lat":30.6455936432,"expected":"412449638-2015-11-05T00:06:06.000000Z","speed":2.0999999046}
{"timestamp":"2015-11-05T11:33:41.000000Z","mmsi":412449638,"lon":123.3545837402,"lat":30.6474075317,"expected":"412449638-2015-11-05T00:06:06.000000Z","speed":0.200000003}
{"timestamp":"2015-11-05T12:30:44.000000Z","mmsi":412449638,"lon":123.3549194336,"lat":30.6472473145,"expected":"412449638-2015-11-05T00:06:06.000000Z","speed":0.3000000119}
{"timestamp":"2015-11-05T12:49:28.000000Z","mmsi":412449638,"lon":120.8508834839,"lat":27.1704311371,"expected":"412449638-2015-11-05T09:50:55.000000Z","speed":8}
{"timestamp":"2015-11-05T13:08:59.000000Z","mmsi":412449638,"lon":120.8921051025,"lat":27.189207077,"expected":"412449638-2015-11-05T09:50:55.000000Z","speed":8.6999998093}
{"timestamp":"2015-11-05T13:27:59.000000Z","mmsi":412449638,"lon":120.932144165,"lat":27.2103290558,"expected":"412449638-2015-11-05T09:50:55.000000Z","speed":7.5}
{"timestamp":"2015-11-05T13:43:59.000000Z","mmsi":412449638,"lon":120.9666519165,"lat":27.227689743,"expected":"412449638-2015-11-05T09:50:55.000000Z","speed":8.5}
{"timestamp":"2015-11-05T14:00:00.000000Z","mmsi":412449638,"lon":121.0023193359,"lat":27.2431125641,"expected":"412449638-2015-11-05T09:50:55.000000Z","speed":7.6999998093}
{"timestamp":"2015-11-05T14:17:00.000000Z","mmsi":412449638,"lon":121.0419845581,"lat":27.2561359406,"expected":"412449638-2015-11-05T09:50:55.000000Z","speed":7.9000000954}
{"timestamp":"2015-11-05T14:33:33.000000Z","mmsi":412449638,"lon":121.0807723999,"lat":27.2679691315,"expected":"412449638-2015-11-05T09:50:55.000000Z","speed":7.4000000954}
{"timestamp":"2015-11-05T14:51:44.000000Z","mmsi":412449638,"lon":123.3554534912,"lat":30.6460132599,"expected":"412449638-2015-11-05T00:06:06.000000Z","speed":0.5}
{"timestamp":"2015-11-05T15:08:32.000000Z","mmsi":412449638,"lon":121.160736084,"lat":27.2968559265,"expected":"412449638-2015-11-05T09:50:55.000000Z","speed":8.1000003815}
{"timestamp":"2015-11-05T15:24:56.000000Z","mmsi":412449638,"lon":121.1994247437,"lat":27.3044872284,"expected":"412449638-2015-11-05T09:50:55.000000Z","speed":7.3000001907}
{"timestamp":"2015-11-05T15:40:28.000000Z","mmsi":412449638,"lon":121.2355728149,"lat":27.3127307892,"expected":"412449638-2015-11-05T09:50:55.000000Z","speed":7.9000000954}
{"timestamp":"2015-11-05T15:58:30.000000Z","mmsi":412449638,"lon":121.276184082,"lat":27.3320713043,"expected":"412449638-2015-11-05T09:50:55.000000Z","speed":8.3000001907}
{"timestamp":"2015-11-05T16:16:27.000000Z","mmsi":412449638,"lon":121.318321228,"lat":27.3508720398,"expected":"412449638-2015-11-05T09:50:55.000000Z","speed":9.1000003815}
{"timestamp":"2015-11-05T16:33:59.000000Z","mmsi":412449638,"lon":121.3573303223,"lat":27.3723678589,"expected":"412449638-2015-11-05T09:50:55.000000Z","speed":7.9000000954}
{"timestamp":"2015-11-05T16:52:27.000000Z","mmsi":412449638,"lon":121.3977050781,"lat":27.396030426,"expected":"412449638-2015-11-05T09:50:55.000000Z","speed":8.3000001907}
{"timestamp":"2015-11-05T17:09:43.000000Z","mmsi":412449638,"lon":123.3553848267,"lat":30.6463909149,"expected":"412449638-2015-11-05T00:06:06.000000Z","speed":0.5}
{"timestamp":"2015-11-05T17:42:45.000000Z","mmsi":412449638,"lon":123.3544540405,"lat":30.6473999023,"expected":"412449638-2015-11-05T00:06:06.000000Z","speed":0.3000000119}
{"timestamp":"2015-11-05T18:09:47.000000Z","mmsi":412449638,"lon":123.3529891968,"lat":30.6473426819,"expected":"412449638-2015-11-05T00:06:06.000000Z","speed":0.3000000119}
{"timestamp":"2015-11-05T18:30:47.000000Z","mmsi":412449638,"lon":123.3527755737,"lat":30.647233963,"expected":"412449638-2015-11-05T00:06:06.000000Z","speed":0.400000006}
{"timestamp":"2015-11-06T00:51:56.000000Z","mmsi":412449638,"lon":123.4331054688,"lat":30.7815761566,"expected":"412449638-2015-11-05T00:06:06.000000Z","speed":0.6999999881}
{"timestamp":"2015-11-06T07:16:27.000000Z","mmsi":412449638,"lon":123.2886123657,"lat":30.6379299164,"expected":"412449638-2015-11-05T00:06:06.000000Z","speed":8.1999998093}
{"timestamp":"2015-11-06T07:16:27.000000Z","mmsi":412449638,"lon":123.2886123657,"lat":30.6379299164,"expected":"412449638-2015-11-05T00:06:06.000000Z","speed":8.1999998093}
{"timestamp":"2015-11-06T07:33:03.000000Z","mmsi":412449638,"lon":123.2720108032,"lat":30.6038398743,"expected":"412449638-2015-11-05T00:06:06.000000Z","speed":8}
{"timestamp":"2015-11-06T07:50:03.000000Z","mmsi":412449638,"lon":123.2568511963,"lat":30.5697994232,"expected":"412449638-2015-11-05T00:06:06.000000Z","speed":7.6999998093}
{"timestamp":"2015-11-06T08:06:31.000000Z","mmsi":412449638,"lon":123.2452392578,"lat":30.5395202637,"expected":"412449638-2015-11-05T00:06:06.000000Z","speed":7.0999999046}
{"timestamp":"2015-11-06T08:21:35.000000Z","mmsi":412449638,"lon":123.230758667,"lat":30.5125198364,"expected":"412449638-2015-11-05T00:06:06.000000Z","speed":7}
{"timestamp":"2015-11-06T08:41:02.000000Z","mmsi":412449638,"lon":123.2114105225,"lat":30.4778404236,"expected":"412449638-2015-11-05T00:06:06.000000Z","speed":7}
{"timestamp":"2015-11-06T09:00:33.000000Z","mmsi":412449638,"lon":123.1933441162,"lat":30.44231987,"expected":"412449638-2015-11-05T00:06:06.000000Z","speed":7}
{"timestamp":"2015-11-06T09:17:35.000000Z","mmsi":412449638,"lon":123.181427002,"lat":30.410900116,"expected":"412449638-2015-11-05T00:06:06.000000Z","speed":7.0999999046}
{"timestamp":"2015-11-06T09:35:03.000000Z","mmsi":412449638,"lon":123.1675186157,"lat":30.3785591125,"expected":"412449638-2015-11-05T00:06:06.000000Z","speed":7.4000000954}
{"timestamp":"2015-11-06T09:53:00.000000Z","mmsi":412449638,"lon":123.1509628296,"lat":30.3462657928,"expected":"412449638-2015-11-05T00:06:06.000000Z","speed":7}
{"timestamp":"2015-11-06T10:12:34.000000Z","mmsi":412449638,"lon":123.1468429565,"lat":30.3114738464,"expected":"412449638-2015-11-05T00:06:06.000000Z","speed":6.4000000954}
{"timestamp":"2015-11-06T10:28:33.000000Z","mmsi":412449638,"lon":123.1447982788,"lat":30.2834091187,"expected":"412449638-2015-11-05T00:06:06.000000Z","speed":6.3000001907}
{"timestamp":"2015-11-06T10:44:29.000000Z","mmsi":412449638,"lon":123.1435852051,"lat":30.2557659149,"expected":"412449638-2015-11-05T00:06:06.000000Z","speed":6}
{"timestamp":"2015-11-06T11:12:01.000000Z","mmsi":412449638,"lon":123.1393051147,"lat":30.2070503235,"expected":"412449638-2015-11-05T00:06:06.000000Z","speed":6.5999999046}
{"timestamp":"2015-11-06T11:29:06.000000Z","mmsi":412449638,"lon":123.1365966797,"lat":30.1756000519,"expected":"412449638-2015-11-05T00:06:06.000000Z","speed":6.5999999046}
{"timestamp":"2015-11-06T11:47:06.000000Z","mmsi":412449638,"lon":123.133895874,"lat":30.1420860291,"expected":"412449638-2015-11-05T00:06:06.000000Z","speed":6.5999999046}
{"timestamp":"2015-11-06T12:04:33.000000Z","mmsi":412449638,"lon":123.1299591064,"lat":30.1096630096,"expected":"412449638-2015-11-05T00:06:06.000000Z","speed":6.6999998093}
{"timestamp":"2015-11-06T12:38:08.000000Z","mmsi":412449638,"lon":123.1243057251,"lat":30.0553874969,"expected":"412449638-2015-11-05T00:06:06.000000Z","speed":4.9000000954}
{"timestamp":"2015-11-06T12:54:40.000000Z","mmsi":412449638,"lon":123.1229095459,"lat":30.0324802399,"expected":"412449638-2015-11-05T00:06:06.000000Z","speed":5.3000001907}
{"timestamp":"2015-11-06T13:14:37.000000Z","mmsi":412449638,"lon":123.1191711426,"lat":30.0032863617,"expected":"412449638-2015-11-05T00:06:06.000000Z","speed":5.3000001907}
{"timestamp":"2015-11-06T13:30:37.000000Z","mmsi":412449638,"lon":123.1178970337,"lat":29.9797458649,"expected":"412449638-2015-11-05T00:06:06.000000Z","speed":5}
{"timestamp":"2015-11-06T13:50:29.000000Z","mmsi":412449638,"lon":121.565322876,"lat":27.5488166809,"expected":"412449638-2015-11-05T09:50:55.000000Z","speed":0.1000000015}
{"timestamp":"2015-11-06T14:16:37.000000Z","mmsi":412449638,"lon":123.1160507202,"lat":29.9097690582,"expected":"412449638-2015-11-05T00:06:06.000000Z","speed":5.3000001907}
