{"lat":22.1954517365,"timestamp":"2015-01-01T00:10:38.000000Z","mmsi":477320700,"lon":113.9194030762,"expected":"477320700-2015-01-01T00:10:38.000000Z"}
{"lat":null,"timestamp":"2015-01-01T00:16:38.000000Z","mmsi":477320700,"lon":null,"expected":"477320700-2015-01-01T00:10:38.000000Z"}
{"lat":22.1968326569,"timestamp":"2015-01-01T00:23:13.000000Z","mmsi":477320700,"lon":113.9250030518,"expected":"477320700-2015-01-01T00:10:38.000000Z"}
{"lat":null,"timestamp":"2015-01-01T00:30:06.000000Z","mmsi":477320700,"lon":null,"expected":"477320700-2015-01-01T00:10:38.000000Z"}
{"lat":22.295665741,"timestamp":"2015-01-01T00:35:40.000000Z","mmsi":477320700,"lon":114.1591720581,"expected":"477320700-2015-01-01T00:35:40.000000Z"}
{"lat":22.2992019653,"timestamp":"2015-01-01T00:47:52.000000Z","mmsi":477320700,"lon":114.1653900146,"expected":"477320700-2015-01-01T00:35:40.000000Z"}
{"lat":null,"timestamp":"2015-01-01T00:50:57.000000Z","mmsi":477320700,"lon":null,"expected":"477320700-2015-01-01T00:35:40.000000Z"}
{"lat":22.2992095947,"timestamp":"2015-01-01T01:00:14.000000Z","mmsi":477320700,"lon":114.1653747559,"expected":"477320700-2015-01-01T00:35:40.000000Z"}
{"lat":null,"timestamp":"2015-01-01T01:05:58.000000Z","mmsi":477320700,"lon":null,"expected":"477320700-2015-01-01T00:35:40.000000Z"}
{"lat":22.2893314362,"timestamp":"2015-01-01T01:12:40.000000Z","mmsi":477320700,"lon":114.1148300171,"expected":"477320700-2015-01-01T00:35:40.000000Z"}
{"lat":null,"timestamp":"2015-01-01T01:18:04.000000Z","mmsi":477320700,"lon":null,"expected":"477320700-2015-01-01T00:35:40.000000Z"}
{"lat":22.2991657257,"timestamp":"2015-01-01T01:24:48.000000Z","mmsi":477320700,"lon":114.1653366089,"expected":"477320700-2015-01-01T00:35:40.000000Z"}
{"lat":null,"timestamp":"2015-01-01T01:31:14.000000Z","mmsi":477320700,"lon":null,"expected":"477320700-2015-01-01T00:35:40.000000Z"}
{"lat":22.1903324127,"timestamp":"2015-01-01T01:38:03.000000Z","mmsi":477320700,"lon":113.846824646,"expected":"477320700-2015-01-01T00:10:38.000000Z"}
{"lat":22.19231987,"timestamp":"2015-01-01T01:51:55.000000Z","mmsi":477320700,"lon":113.6836547852,"expected":"477320700-2015-01-01T00:10:38.000000Z"}
{"lat":22.19231987,"timestamp":"2015-01-01T01:51:55.000000Z","mmsi":477320700,"lon":113.6836547852,"expected":"477320700-2015-01-01T00:10:38.000000Z"}
{"lat":null,"timestamp":"2015-01-01T01:52:25.000000Z","mmsi":477320700,"lon":null,"expected":"477320700-2015-01-01T00:10:38.000000Z"}
{"lat":22.1880073547,"timestamp":"2015-01-01T02:04:03.000000Z","mmsi":477320700,"lon":113.567489624,"expected":"477320700-2015-01-01T00:10:38.000000Z"}
{"lat":null,"timestamp":"2015-01-01T02:06:53.000000Z","mmsi":477320700,"lon":null,"expected":"477320700-2015-01-01T00:10:38.000000Z"}
{"lat":null,"timestamp":"2015-01-01T02:06:53.000000Z","mmsi":477320700,"lon":null,"expected":"477320700-2015-01-01T00:10:38.000000Z"}
{"lat":22.1961650848,"timestamp":"2015-01-01T02:17:06.000000Z","mmsi":477320700,"lon":113.5586700439,"expected":"477320700-2015-01-01T00:10:38.000000Z"}
{"lat":22.1961650848,"timestamp":"2015-01-01T02:17:06.000000Z","mmsi":477320700,"lon":113.5586700439,"expected":"477320700-2015-01-01T00:10:38.000000Z"}
{"lat":22.2992115021,"timestamp":"2015-01-01T02:29:33.000000Z","mmsi":477320700,"lon":114.1653747559,"expected":"477320700-2015-01-01T00:35:40.000000Z"}
{"lat":null,"timestamp":"2015-01-01T02:33:34.000000Z","mmsi":477320700,"lon":null,"expected":"477320700-2015-01-01T00:35:40.000000Z"}
{"lat":22.1744995117,"timestamp":"2015-01-01T02:41:44.000000Z","mmsi":477320700,"lon":113.599822998,"expected":"477320700-2015-01-01T00:10:38.000000Z"}
{"lat":null,"timestamp":"2015-01-01T02:45:44.000000Z","mmsi":477320700,"lon":null,"expected":"477320700-2015-01-01T00:10:38.000000Z"}
{"lat":22.1847858429,"timestamp":"2015-01-01T02:54:01.000000Z","mmsi":477320700,"lon":113.7394561768,"expected":"477320700-2015-01-01T00:10:38.000000Z"}
{"lat":null,"timestamp":"2015-01-01T02:58:01.000000Z","mmsi":477320700,"lon":null,"expected":"477320700-2015-01-01T00:10:38.000000Z"}
{"lat":null,"timestamp":"2015-01-01T02:58:01.000000Z","mmsi":477320700,"lon":null,"expected":"477320700-2015-01-01T00:10:38.000000Z"}
{"lat":22.1924991608,"timestamp":"2015-01-01T03:06:13.000000Z","mmsi":477320700,"lon":113.8828277588,"expected":"477320700-2015-01-01T00:10:38.000000Z"}
{"lat":22.216999054,"timestamp":"2015-01-01T03:18:19.000000Z","mmsi":477320700,"lon":114.0173339844,"expected":"477320700-2015-01-01T00:10:38.000000Z"}
{"lat":null,"timestamp":"2015-01-01T03:26:15.000000Z","mmsi":477320700,"lon":null,"expected":"477320700-2015-01-01T00:10:38.000000Z"}
{"lat":22.2905006409,"timestamp":"2015-01-01T03:30:40.000000Z","mmsi":477320700,"lon":114.1303329468,"expected":"477320700-2015-01-01T00:10:38.000000Z"}
{"lat":null,"timestamp":"2015-01-01T03:38:32.000000Z","mmsi":477320700,"lon":null,"expected":"477320700-2015-01-01T00:10:38.000000Z"}
{"lat":22.2991657257,"timestamp":"2015-01-01T03:43:10.000000Z","mmsi":477320700,"lon":114.1653366089,"expected":"477320700-2015-01-01T00:35:40.000000Z"}
{"lat":22.2991657257,"timestamp":"2015-01-01T03:55:10.000000Z","mmsi":477320700,"lon":114.1653366089,"expected":"477320700-2015-01-01T00:35:40.000000Z"}
{"lat":null,"timestamp":"2015-01-01T03:58:01.000000Z","mmsi":477320700,"lon":null,"expected":"477320700-2015-01-01T00:35:40.000000Z"}
{"lat":null,"timestamp":"2015-01-01T03:58:01.000000Z","mmsi":477320700,"lon":null,"expected":"477320700-2015-01-01T00:35:40.000000Z"}
{"lat":22.2994995117,"timestamp":"2015-01-01T04:07:21.000000Z","mmsi":477320700,"lon":114.1645050049,"expected":"477320700-2015-01-01T00:35:40.000000Z"}
{"lat":null,"timestamp":"2015-01-01T04:10:29.000000Z","mmsi":477320700,"lon":null,"expected":"477320700-2015-01-01T00:35:40.000000Z"}
{"lat":22.2900009155,"timestamp":"2015-01-01T04:19:31.000000Z","mmsi":477320700,"lon":114.1148300171,"expected":"477320700-2015-01-01T00:35:40.000000Z"}
{"lat":null,"timestamp":"2015-01-01T04:23:27.000000Z","mmsi":477320700,"lon":null,"expected":"477320700-2015-01-01T00:35:40.000000Z"}
{"lat":null,"timestamp":"2015-01-01T04:23:27.000000Z","mmsi":477320700,"lon":null,"expected":"477320700-2015-01-01T00:35:40.000000Z"}
{"lat":22.2093334198,"timestamp":"2015-01-01T04:32:39.000000Z","mmsi":477320700,"lon":113.9946670532,"expected":"477320700-2015-01-01T00:35:40.000000Z"}
{"lat":null,"timestamp":"2015-01-01T04:35:55.000000Z","mmsi":477320700,"lon":null,"expected":"477320700-2015-01-01T00:35:40.000000Z"}
{"lat":null,"timestamp":"2015-01-01T04:35:55.000000Z","mmsi":477320700,"lon":null,"expected":"477320700-2015-01-01T00:35:40.000000Z"}
{"lat":22.1916675568,"timestamp":"2015-01-01T04:44:55.000000Z","mmsi":477320700,"lon":113.8561630249,"expected":"477320700-2015-01-01T00:35:40.000000Z"}
{"lat":null,"timestamp":"2015-01-01T04:50:10.000000Z","mmsi":477320700,"lon":null,"expected":"477320700-2015-01-01T00:35:40.000000Z"}
{"lat":22.1940002441,"timestamp":"2015-01-01T04:58:12.000000Z","mmsi":477320700,"lon":113.7040023804,"expected":"477320700-2015-01-01T00:35:40.000000Z"}
{"lat":null,"timestamp":"2015-01-01T05:02:21.000000Z","mmsi":477320700,"lon":null,"expected":"477320700-2015-01-01T00:35:40.000000Z"}
{"lat":22.1828308105,"timestamp":"2015-01-01T05:10:13.000000Z","mmsi":477320700,"lon":113.575668335,"expected":"477320700-2015-01-01T00:35:40.000000Z"}
{"lat":null,"timestamp":"2015-01-01T05:14:28.000000Z","mmsi":477320700,"lon":null,"expected":"477320700-2015-01-01T00:35:40.000000Z"}
{"lat":22.1961269379,"timestamp":"2015-01-01T05:25:48.000000Z","mmsi":477320700,"lon":113.5586395264,"expected":"477320700-2015-01-01T00:35:40.000000Z"}
{"lat":null,"timestamp":"2015-01-01T05:28:29.000000Z","mmsi":477320700,"lon":null,"expected":"477320700-2015-01-01T00:35:40.000000Z"}
{"lat":22.1961269379,"timestamp":"2015-01-01T05:39:27.000000Z","mmsi":477320700,"lon":113.5586395264,"expected":"477320700-2015-01-01T00:35:40.000000Z"}
{"lat":22.1961269379,"timestamp":"2015-01-01T05:39:27.000000Z","mmsi":477320700,"lon":113.5586395264,"expected":"477320700-2015-01-01T00:35:40.000000Z"}
{"lat":null,"timestamp":"2015-01-01T05:40:51.000000Z","mmsi":477320700,"lon":null,"expected":"477320700-2015-01-01T00:35:40.000000Z"}
{"lat":22.1961574554,"timestamp":"2015-01-01T05:53:27.000000Z","mmsi":477320700,"lon":113.5586395264,"expected":"477320700-2015-01-01T00:35:40.000000Z"}
{"lat":null,"timestamp":"2015-01-01T05:54:31.000000Z","mmsi":477320700,"lon":null,"expected":"477320700-2015-01-01T00:35:40.000000Z"}
{"lat":22.1961650848,"timestamp":"2015-01-01T06:06:29.000000Z","mmsi":477320700,"lon":113.5586700439,"expected":"477320700-2015-01-01T00:35:40.000000Z"}
{"lat":null,"timestamp":"2015-01-01T06:06:32.000000Z","mmsi":477320700,"lon":null,"expected":"477320700-2015-01-01T00:35:40.000000Z"}
{"lat":22.1744995117,"timestamp":"2015-01-01T06:18:31.000000Z","mmsi":477320700,"lon":113.6206665039,"expected":"477320700-2015-01-01T00:35:40.000000Z"}
{"lat":null,"timestamp":"2015-01-01T06:20:54.000000Z","mmsi":477320700,"lon":null,"expected":"477320700-2015-01-01T00:35:40.000000Z"}
{"lat":22.1831665039,"timestamp":"2015-01-01T06:30:32.000000Z","mmsi":477320700,"lon":113.7583312988,"expected":"477320700-2015-01-01T00:35:40.000000Z"}
{"lat":null,"timestamp":"2015-01-01T06:33:26.000000Z","mmsi":477320700,"lon":null,"expected":"477320700-2015-01-01T00:35:40.000000Z"}
{"lat":null,"timestamp":"2015-01-01T06:33:26.000000Z","mmsi":477320700,"lon":null,"expected":"477320700-2015-01-01T00:35:40.000000Z"}
{"lat":22.1913318634,"timestamp":"2015-01-01T06:42:43.000000Z","mmsi":477320700,"lon":113.8956680298,"expected":"477320700-2015-01-01T00:35:40.000000Z"}
{"lat":22.2224979401,"timestamp":"2015-01-01T06:54:52.000000Z","mmsi":477320700,"lon":114.0236663818,"expected":"477320700-2015-01-01T00:35:40.000000Z"}
{"lat":null,"timestamp":"2015-01-01T07:02:00.000000Z","mmsi":477320700,"lon":null,"expected":"477320700-2015-01-01T00:35:40.000000Z"}
{"lat":22.2909088135,"timestamp":"2015-01-01T07:06:58.000000Z","mmsi":477320700,"lon":114.1359329224,"expected":"477320700-2015-01-01T00:10:38.000000Z"}
{"lat":22.2992172241,"timestamp":"2015-01-01T07:20:43.000000Z","mmsi":477320700,"lon":114.1653594971,"expected":"477320700-2015-01-01T00:10:38.000000Z"}
{"lat":null,"timestamp":"2015-01-01T07:22:01.000000Z","mmsi":477320700,"lon":null,"expected":"477320700-2015-01-01T00:10:38.000000Z"}
{"lat":null,"timestamp":"2015-01-01T07:22:01.000000Z","mmsi":477320700,"lon":null,"expected":"477320700-2015-01-01T00:10:38.000000Z"}
{"lat":22.2991657257,"timestamp":"2015-01-01T07:32:44.000000Z","mmsi":477320700,"lon":114.1653366089,"expected":"477320700-2015-01-01T00:10:38.000000Z"}
{"lat":22.2964992523,"timestamp":"2015-01-01T07:45:15.000000Z","mmsi":477320700,"lon":114.1554946899,"expected":"477320700-2015-01-01T00:10:38.000000Z"}
{"lat":null,"timestamp":"2015-01-01T07:45:22.000000Z","mmsi":477320700,"lon":null,"expected":"477320700-2015-01-01T00:10:38.000000Z"}
{"lat":22.2439994812,"timestamp":"2015-01-01T07:57:47.000000Z","mmsi":477320700,"lon":114.0518417358,"expected":"477320700-2015-01-01T00:10:38.000000Z"}
{"lat":null,"timestamp":"2015-01-01T07:58:27.000000Z","mmsi":477320700,"lon":null,"expected":"477320700-2015-01-01T00:10:38.000000Z"}
{"lat":22.201499939,"timestamp":"2015-01-01T08:10:58.000000Z","mmsi":477320700,"lon":113.9103317261,"expected":"477320700-2015-01-01T00:10:38.000000Z"}
{"lat":null,"timestamp":"2015-01-01T08:12:30.000000Z","mmsi":477320700,"lon":null,"expected":"477320700-2015-01-01T00:10:38.000000Z"}
{"lat":22.1966667175,"timestamp":"2015-01-01T08:23:01.000000Z","mmsi":477320700,"lon":113.7683334351,"expected":"477320700-2015-01-01T00:10:38.000000Z"}
{"lat":null,"timestamp":"2015-01-01T08:24:59.000000Z","mmsi":477320700,"lon":null,"expected":"477320700-2015-01-01T00:10:38.000000Z"}
{"lat":22.1800003052,"timestamp":"2015-01-01T08:35:04.000000Z","mmsi":477320700,"lon":113.6245040894,"expected":"477320700-2015-01-01T00:35:40.000000Z"}
{"lat":null,"timestamp":"2015-01-01T08:37:15.000000Z","mmsi":477320700,"lon":null,"expected":"477320700-2015-01-01T00:35:40.000000Z"}
{"lat":22.1961364746,"timestamp":"2015-01-01T08:50:24.000000Z","mmsi":477320700,"lon":113.5586395264,"expected":"477320700-2015-01-01T00:35:40.000000Z"}
{"lat":null,"timestamp":"2015-01-01T08:50:25.000000Z","mmsi":477320700,"lon":null,"expected":"477320700-2015-01-01T00:35:40.000000Z"}
{"lat":22.1961307526,"timestamp":"2015-01-01T09:05:44.000000Z","mmsi":477320700,"lon":113.5586700439,"expected":"477320700-2015-01-01T00:35:40.000000Z"}
{"lat":null,"timestamp":"2015-01-01T09:05:44.000000Z","mmsi":477320700,"lon":null,"expected":"477320700-2015-01-01T00:35:40.000000Z"}
{"lat":22.1961307526,"timestamp":"2015-01-01T09:05:44.000000Z","mmsi":477320700,"lon":113.5586700439,"expected":"477320700-2015-01-01T00:35:40.000000Z"}
{"lat":null,"timestamp":"2015-01-01T09:05:44.000000Z","mmsi":477320700,"lon":null,"expected":"477320700-2015-01-01T00:35:40.000000Z"}
{"lat":22.1753311157,"timestamp":"2015-01-01T09:17:51.000000Z","mmsi":477320700,"lon":113.5950012207,"expected":"477320700-2015-01-01T00:35:40.000000Z"}
{"lat":null,"timestamp":"2015-01-01T09:19:05.000000Z","mmsi":477320700,"lon":null,"expected":"477320700-2015-01-01T00:35:40.000000Z"}
{"lat":22.1865005493,"timestamp":"2015-01-01T09:30:44.000000Z","mmsi":477320700,"lon":113.75050354,"expected":"477320700-2015-01-01T00:10:38.000000Z"}
{"lat":null,"timestamp":"2015-01-01T09:31:59.000000Z","mmsi":477320700,"lon":null,"expected":"477320700-2015-01-01T00:10:38.000000Z"}
{"lat":null,"timestamp":"2015-01-01T09:31:59.000000Z","mmsi":477320700,"lon":null,"expected":"477320700-2015-01-01T00:10:38.000000Z"}
{"lat":22.1943321228,"timestamp":"2015-01-01T09:43:05.000000Z","mmsi":477320700,"lon":113.8981628418,"expected":"477320700-2015-01-01T09:43:05.000000Z"}
{"lat":null,"timestamp":"2015-01-01T09:44:08.000000Z","mmsi":477320700,"lon":null,"expected":"477320700-2015-01-01T09:43:05.000000Z"}
{"lat":22.2348327637,"timestamp":"2015-01-01T09:56:02.000000Z","mmsi":477320700,"lon":114.0458374023,"expected":"477320700-2015-01-01T09:43:05.000000Z"}
{"lat":null,"timestamp":"2015-01-01T09:59:26.000000Z","mmsi":477320700,"lon":null,"expected":"477320700-2015-01-01T09:43:05.000000Z"}
{"lat":22.2928524017,"timestamp":"2015-01-01T10:08:19.000000Z","mmsi":477320700,"lon":114.1538772583,"expected":"477320700-2015-01-01T09:43:05.000000Z"}
