{"timestamp":"2015-01-10T22:58:41.000000Z","mmsi":987357559,"lon":-79.9079208374,"lat":-2.1991517544,"expected":"987357559-2015-01-10T22:58:41.000000Z","speed":77.1999969482}
{"timestamp":"2015-01-12T15:49:16.000000Z","mmsi":987357559,"lon":-81.1801223755,"lat":-2.9075050354,"expected":"987357559-2015-01-12T15:49:16.000000Z","speed":74.8000030518}
{"timestamp":"2015-01-12T15:51:16.000000Z","mmsi":987357559,"lon":-81.141456604,"lat":-2.9009282589,"expected":"987357559-2015-01-12T15:49:16.000000Z","speed":79.4000015259}
{"timestamp":"2015-01-12T15:56:19.000000Z","mmsi":987357559,"lon":-81.0251464844,"lat":-2.8817999363,"expected":"987357559-2015-01-12T15:49:16.000000Z","speed":84.5}
{"timestamp":"2015-01-12T15:58:38.000000Z","mmsi":987357559,"lon":-80.9714813232,"lat":-2.8716933727,"expected":"987357559-2015-01-12T15:49:16.000000Z","speed":89}
{"timestamp":"2015-01-12T16:10:47.000000Z","mmsi":987357559,"lon":-80.6852645874,"lat":-2.8205916882,"expected":"987357559-2015-01-12T15:49:16.000000Z","speed":82.9000015259}
{"timestamp":"2015-01-12T16:14:22.000000Z","mmsi":987357559,"lon":-80.5999450684,"lat":-2.8054466248,"expected":"987357559-2015-01-12T15:49:16.000000Z","speed":84.1999969482}
{"timestamp":"2015-01-12T16:34:46.000000Z","mmsi":987357559,"lon":-80.2511291504,"lat":-2.7237451077,"expected":"987357559-2015-01-12T15:49:16.000000Z","speed":45.2000007629}
{"timestamp":"2015-01-12T16:52:39.000000Z","mmsi":987357559,"lon":-80.6344451904,"lat":-2.8062334061,"expected":"987357559-2015-01-12T15:49:16.000000Z","speed":87.1999969482}
{"timestamp":"2015-01-12T20:25:12.000000Z","mmsi":987357559,"lon":-81.5241165161,"lat":-3.1352798939,"expected":"987357559-2015-01-12T15:49:16.000000Z","speed":102.1999969482}
{"timestamp":"2015-01-12T20:25:28.000000Z","mmsi":987357559,"lon":-81.5180130005,"lat":-3.1302249432,"expected":"987357559-2015-01-12T15:49:16.000000Z","speed":102.1999969482}
{"timestamp":"2015-01-12T20:28:24.000000Z","mmsi":987357559,"lon":-81.4649810791,"lat":-3.1159698963,"expected":"987357559-2015-01-12T15:49:16.000000Z","speed":72.8000030518}
{"timestamp":"2015-01-12T20:28:24.000000Z","mmsi":987357559,"lon":-81.4649810791,"lat":-3.1159698963,"expected":"987357559-2015-01-12T15:49:16.000000Z","speed":72.8000030518}
{"timestamp":"2015-01-16T13:11:23.000000Z","mmsi":987357559,"lon":-82.8690643311,"lat":-10.7885379791,"expected":"987357559-2015-01-16T13:11:23.000000Z","speed":90.8000030518}
{"timestamp":"2015-01-16T13:11:42.000000Z","mmsi":987357559,"lon":-82.8747711182,"lat":-10.7842416763,"expected":"987357559-2015-01-16T13:11:23.000000Z","speed":90.9000015259}
{"timestamp":"2015-01-16T13:12:55.000000Z","mmsi":987357559,"lon":-82.9036026001,"lat":-10.7690029144,"expected":"987357559-2015-01-16T13:11:23.000000Z","speed":97.5}
{"timestamp":"2015-01-16T13:18:26.000000Z","mmsi":987357559,"lon":-82.9372024536,"lat":-10.7473487854,"expected":"987357559-2015-01-16T13:11:23.000000Z","speed":74}
{"timestamp":"2015-01-16T13:30:42.000000Z","mmsi":987357559,"lon":-82.9206924438,"lat":-10.955160141,"expected":"987357559-2015-01-16T13:11:23.000000Z","speed":81.9000015259}
{"timestamp":"2015-01-16T13:34:32.000000Z","mmsi":987357559,"lon":-82.8694915771,"lat":-10.9852514267,"expected":"987357559-2015-01-16T13:11:23.000000Z","speed":41.0999984741}
{"timestamp":"2015-01-16T13:35:05.000000Z","mmsi":987357559,"lon":null,"lat":null,"expected":"987357559-2015-01-16T13:11:23.000000Z","speed":null}
{"timestamp":"2015-01-16T13:40:22.000000Z","mmsi":987357559,"lon":-82.8149032593,"lat":-10.9728746414,"expected":"987357559-2015-01-16T13:11:23.000000Z","speed":76.5999984741}
{"timestamp":"2015-01-17T14:01:26.000000Z","mmsi":987357559,"lon":-79.9906768799,"lat":-14.6228380203,"expected":"987357559-2015-01-17T14:01:26.000000Z","speed":67.6999969482}
{"timestamp":"2015-01-17T14:08:36.000000Z","mmsi":987357559,"lon":-79.9603424072,"lat":-14.6564750671,"expected":"987357559-2015-01-17T14:01:26.000000Z","speed":90.0999984741}
{"timestamp":"2015-01-17T14:20:40.000000Z","mmsi":987357559,"lon":-80.0019226074,"lat":-14.5986948013,"expected":"987357559-2015-01-17T14:01:26.000000Z","speed":11.1999998093}
{"timestamp":"2015-01-17T19:24:15.000000Z","mmsi":987357559,"lon":-79.0449066162,"lat":-14.6804418564,"expected":"987357559-2015-01-17T14:01:26.000000Z","speed":75.3000030518}
{"timestamp":"2015-01-17T19:24:15.000000Z","mmsi":987357559,"lon":-79.0449066162,"lat":-14.6804418564,"expected":"987357559-2015-01-17T14:01:26.000000Z","speed":75.3000030518}
{"timestamp":"2015-01-17T19:26:07.000000Z","mmsi":987357559,"lon":-79.0491027832,"lat":-14.7194499969,"expected":"987357559-2015-01-17T14:01:26.000000Z","speed":74.3000030518}
{"timestamp":"2015-01-17T19:26:07.000000Z","mmsi":987357559,"lon":-79.0491027832,"lat":-14.7194499969,"expected":"987357559-2015-01-17T14:01:26.000000Z","speed":74.3000030518}
{"timestamp":"2015-01-18T14:51:34.000000Z","mmsi":987357559,"lon":-79.112159729,"lat":-14.7072200775,"expected":"987357559-2015-01-17T14:01:26.000000Z","speed":91.5999984741}
{"timestamp":"2015-01-18T14:54:00.000000Z","mmsi":987357559,"lon":-79.1282958984,"lat":-14.6470985413,"expected":"987357559-2015-01-17T14:01:26.000000Z","speed":89.5999984741}
{"timestamp":"2015-01-18T16:24:38.000000Z","mmsi":987357559,"lon":-79.0775604248,"lat":-14.7100028992,"expected":"987357559-2015-01-17T14:01:26.000000Z","speed":80}
{"timestamp":"2015-01-19T15:43:09.000000Z","mmsi":987357559,"lon":-78.7570953369,"lat":-14.0906534195,"expected":"987357559-2015-01-17T14:01:26.000000Z","speed":76}
{"timestamp":"2015-01-19T16:07:34.000000Z","mmsi":987357559,"lon":-78.5823135376,"lat":-13.6964235306,"expected":"987357559-2015-01-17T14:01:26.000000Z","speed":70.5}
{"timestamp":"2015-01-19T16:07:34.000000Z","mmsi":987357559,"lon":-78.5823135376,"lat":-13.6964235306,"expected":"987357559-2015-01-17T14:01:26.000000Z","speed":70.5}
{"timestamp":"2015-01-20T10:54:26.000000Z","mmsi":987357559,"lon":-78.1549224854,"lat":-15.9689083099,"expected":"987357559-2015-01-17T14:01:26.000000Z","speed":61.4000015259}
{"timestamp":"2015-01-20T11:14:21.000000Z","mmsi":987357559,"lon":-78.1543884277,"lat":-15.9696731567,"expected":"987357559-2015-01-17T14:01:26.000000Z","speed":23.6000003815}
{"timestamp":"2015-01-20T11:38:44.000000Z","mmsi":987357559,"lon":-78.1444015503,"lat":-15.9520998001,"expected":"987357559-2015-01-17T14:01:26.000000Z","speed":12.8000001907}
{"timestamp":"2015-01-20T11:54:57.000000Z","mmsi":987357559,"lon":-78.0431594849,"lat":-15.7784852982,"expected":"987357559-2015-01-17T14:01:26.000000Z","speed":64.0999984741}
{"timestamp":"2015-01-20T11:57:27.000000Z","mmsi":987357559,"lon":-78.0442123413,"lat":-15.7816295624,"expected":"987357559-2015-01-17T14:01:26.000000Z","speed":54.7000007629}
{"timestamp":"2015-01-20T12:43:11.000000Z","mmsi":987357559,"lon":-78.1560134888,"lat":-15.9913730621,"expected":"987357559-2015-01-17T14:01:26.000000Z","speed":13.1999998093}
{"timestamp":"2015-01-20T12:48:16.000000Z","mmsi":987357559,"lon":-78.178817749,"lat":-16.0256824493,"expected":"987357559-2015-01-17T14:01:26.000000Z","speed":80.8000030518}
{"timestamp":"2015-01-20T12:58:59.000000Z","mmsi":987357559,"lon":-78.2756652832,"lat":-16.1022415161,"expected":"987357559-2015-01-17T14:01:26.000000Z","speed":88.5999984741}
{"timestamp":"2015-01-20T13:00:44.000000Z","mmsi":987357559,"lon":null,"lat":null,"expected":"987357559-2015-01-17T14:01:26.000000Z","speed":null}
{"timestamp":"2015-01-20T13:04:11.000000Z","mmsi":987357559,"lon":-78.3456802368,"lat":-16.0924091339,"expected":"987357559-2015-01-17T14:01:26.000000Z","speed":72.5999984741}
{"timestamp":"2015-01-20T13:19:53.000000Z","mmsi":987357559,"lon":-78.3477783203,"lat":-16.0245857239,"expected":"987357559-2015-01-17T14:01:26.000000Z","speed":67.4000015259}
{"timestamp":"2015-01-20T13:24:13.000000Z","mmsi":987357559,"lon":-78.2805709839,"lat":-16.0650310516,"expected":"987357559-2015-01-17T14:01:26.000000Z","speed":17.3999996185}
{"timestamp":"2015-01-21T11:00:15.000000Z","mmsi":987357559,"lon":-78.3504104614,"lat":-16.6262741089,"expected":"987357559-2015-01-17T14:01:26.000000Z","speed":61.0999984741}
{"timestamp":"2015-01-21T17:24:01.000000Z","mmsi":987357559,"lon":-78.2657318115,"lat":-17.2420845032,"expected":"987357559-2015-01-17T14:01:26.000000Z","speed":74.4000015259}
{"timestamp":"2015-01-21T17:28:32.000000Z","mmsi":987357559,"lon":null,"lat":null,"expected":"987357559-2015-01-17T14:01:26.000000Z","speed":null}
{"timestamp":"2015-01-21T17:33:41.000000Z","mmsi":987357559,"lon":-78.2945632935,"lat":-17.2678318024,"expected":"987357559-2015-01-17T14:01:26.000000Z","speed":93.6999969482}
{"timestamp":"2015-01-21T17:33:41.000000Z","mmsi":987357559,"lon":-78.2945632935,"lat":-17.2678318024,"expected":"987357559-2015-01-17T14:01:26.000000Z","speed":93.6999969482}
{"timestamp":"2015-01-21T17:38:18.000000Z","mmsi":987357559,"lon":-78.3842163086,"lat":-17.2513370514,"expected":"987357559-2015-01-17T14:01:26.000000Z","speed":66.6999969482}
{"timestamp":"2015-01-21T17:38:18.000000Z","mmsi":987357559,"lon":-78.3842163086,"lat":-17.2513370514,"expected":"987357559-2015-01-17T14:01:26.000000Z","speed":66.6999969482}
{"timestamp":"2015-01-21T17:38:25.000000Z","mmsi":987357559,"lon":-78.3844146729,"lat":-17.2534809113,"expected":"987357559-2015-01-17T14:01:26.000000Z","speed":62.7000007629}
{"timestamp":"2015-01-21T17:38:27.000000Z","mmsi":987357559,"lon":-78.3843307495,"lat":-17.2540569305,"expected":"987357559-2015-01-17T14:01:26.000000Z","speed":61}
{"timestamp":"2015-01-21T17:38:27.000000Z","mmsi":987357559,"lon":-78.3843307495,"lat":-17.2540569305,"expected":"987357559-2015-01-17T14:01:26.000000Z","speed":61}
{"timestamp":"2015-01-21T17:39:21.000000Z","mmsi":987357559,"lon":-78.3838119507,"lat":-17.2567176819,"expected":"987357559-2015-01-17T14:01:26.000000Z","speed":50.7000007629}
{"timestamp":"2015-01-21T17:39:21.000000Z","mmsi":987357559,"lon":-78.3838119507,"lat":-17.2567176819,"expected":"987357559-2015-01-17T14:01:26.000000Z","speed":50.7000007629}
{"timestamp":"2015-01-22T11:15:21.000000Z","mmsi":987357559,"lon":-78.262336731,"lat":-17.3785953522,"expected":"987357559-2015-01-17T14:01:26.000000Z","speed":66.1999969482}
{"timestamp":"2015-01-22T11:28:23.000000Z","mmsi":987357559,"lon":-78.3609542847,"lat":-17.3925952911,"expected":"987357559-2015-01-17T14:01:26.000000Z","speed":86.6999969482}
{"timestamp":"2015-01-22T11:29:16.000000Z","mmsi":987357559,"lon":-78.3828964233,"lat":-17.3871173859,"expected":"987357559-2015-01-17T14:01:26.000000Z","speed":88}
{"timestamp":"2015-01-22T11:33:24.000000Z","mmsi":987357559,"lon":-78.4114685059,"lat":-17.3730926514,"expected":"987357559-2015-01-17T14:01:26.000000Z","speed":62.5999984741}
{"timestamp":"2015-01-22T11:40:20.000000Z","mmsi":987357559,"lon":-78.2759094238,"lat":-17.40766716,"expected":"987357559-2015-01-17T14:01:26.000000Z","speed":47.5}
{"timestamp":"2015-01-22T16:40:21.000000Z","mmsi":987357559,"lon":null,"lat":null,"expected":"987357559-2015-01-17T14:01:26.000000Z","speed":null}
{"timestamp":"2015-01-22T16:40:21.000000Z","mmsi":987357559,"lon":null,"lat":null,"expected":"987357559-2015-01-17T14:01:26.000000Z","speed":null}
{"timestamp":"2015-01-22T16:40:29.000000Z","mmsi":987357559,"lon":-77.7061233521,"lat":-16.8750095367,"expected":"987357559-2015-01-17T14:01:26.000000Z","speed":73.8000030518}
{"timestamp":"2015-01-22T16:40:29.000000Z","mmsi":987357559,"lon":-77.7061233521,"lat":-16.8750095367,"expected":"987357559-2015-01-17T14:01:26.000000Z","speed":73.8000030518}
{"timestamp":"2015-01-22T16:40:44.000000Z","mmsi":987357559,"lon":-77.700843811,"lat":-16.8738803864,"expected":"987357559-2015-01-17T14:01:26.000000Z","speed":74.1999969482}
{"timestamp":"2015-01-22T16:40:44.000000Z","mmsi":987357559,"lon":-77.700843811,"lat":-16.8738803864,"expected":"987357559-2015-01-17T14:01:26.000000Z","speed":74.1999969482}
{"timestamp":"2015-01-22T16:41:44.000000Z","mmsi":987357559,"lon":-77.6800460815,"lat":-16.8703041077,"expected":"987357559-2015-01-17T14:01:26.000000Z","speed":72.3000030518}
{"timestamp":"2015-01-22T16:41:55.000000Z","mmsi":987357559,"lon":-77.6765975952,"lat":-16.8697776794,"expected":"987357559-2015-01-17T14:01:26.000000Z","speed":72.3000030518}
{"timestamp":"2015-01-22T16:42:15.000000Z","mmsi":987357559,"lon":-77.6698913574,"lat":-16.8686523438,"expected":"987357559-2015-01-17T14:01:26.000000Z","speed":73.6999969482}
{"timestamp":"2015-01-22T16:42:15.000000Z","mmsi":987357559,"lon":-77.6698913574,"lat":-16.8686523438,"expected":"987357559-2015-01-17T14:01:26.000000Z","speed":73.6999969482}
{"timestamp":"2015-01-22T16:42:44.000000Z","mmsi":987357559,"lon":-77.6587982178,"lat":-16.8669395447,"expected":"987357559-2015-01-17T14:01:26.000000Z","speed":77.0999984741}
{"timestamp":"2015-01-22T16:42:44.000000Z","mmsi":987357559,"lon":-77.6587982178,"lat":-16.8669395447,"expected":"987357559-2015-01-17T14:01:26.000000Z","speed":77.0999984741}
{"timestamp":"2015-01-22T16:42:48.000000Z","mmsi":987357559,"lon":-77.6573257446,"lat":-16.8667316437,"expected":"987357559-2015-01-17T14:01:26.000000Z","speed":77.4000015259}
{"timestamp":"2015-01-22T16:42:48.000000Z","mmsi":987357559,"lon":-77.6573257446,"lat":-16.8667316437,"expected":"987357559-2015-01-17T14:01:26.000000Z","speed":77.4000015259}
{"timestamp":"2015-01-22T16:42:48.000000Z","mmsi":987357559,"lon":-77.6573257446,"lat":-16.8667316437,"expected":"987357559-2015-01-17T14:01:26.000000Z","speed":77.4000015259}
{"timestamp":"2015-01-22T16:42:52.000000Z","mmsi":987357559,"lon":-77.6558456421,"lat":-16.8665180206,"expected":"987357559-2015-01-17T14:01:26.000000Z","speed":76.9000015259}
{"timestamp":"2015-01-22T16:42:52.000000Z","mmsi":987357559,"lon":-77.6558456421,"lat":-16.8665180206,"expected":"987357559-2015-01-17T14:01:26.000000Z","speed":76.9000015259}
{"timestamp":"2015-01-22T16:42:56.000000Z","mmsi":987357559,"lon":-77.6543960571,"lat":-16.8663158417,"expected":"987357559-2015-01-17T14:01:26.000000Z","speed":75.3000030518}
{"timestamp":"2015-01-22T16:42:56.000000Z","mmsi":987357559,"lon":-77.6543960571,"lat":-16.8663158417,"expected":"987357559-2015-01-17T14:01:26.000000Z","speed":75.3000030518}
{"timestamp":"2015-01-22T16:43:04.000000Z","mmsi":987357559,"lon":-77.6511764526,"lat":-16.8658638,"expected":"987357559-2015-01-17T14:01:26.000000Z","speed":74.9000015259}
{"timestamp":"2015-01-22T16:43:04.000000Z","mmsi":987357559,"lon":-77.6511764526,"lat":-16.8658638,"expected":"987357559-2015-01-17T14:01:26.000000Z","speed":74.9000015259}
{"timestamp":"2015-01-22T16:43:10.000000Z","mmsi":987357559,"lon":-77.6493759155,"lat":-16.8656177521,"expected":"987357559-2015-01-17T14:01:26.000000Z","speed":75.1999969482}
{"timestamp":"2015-01-22T16:43:10.000000Z","mmsi":987357559,"lon":-77.6493759155,"lat":-16.8656177521,"expected":"987357559-2015-01-17T14:01:26.000000Z","speed":75.1999969482}
{"timestamp":"2015-01-22T16:43:13.000000Z","mmsi":987357559,"lon":-77.6482925415,"lat":-16.8654766083,"expected":"987357559-2015-01-17T14:01:26.000000Z","speed":75.1999969482}
{"timestamp":"2015-01-22T16:43:13.000000Z","mmsi":987357559,"lon":-77.6482925415,"lat":-16.8654766083,"expected":"987357559-2015-01-17T14:01:26.000000Z","speed":75.1999969482}
{"timestamp":"2015-01-22T16:43:17.000000Z","mmsi":987357559,"lon":-77.6468505859,"lat":-16.8652973175,"expected":"987357559-2015-01-17T14:01:26.000000Z","speed":75}
{"timestamp":"2015-01-22T16:43:17.000000Z","mmsi":987357559,"lon":-77.6468505859,"lat":-16.8652973175,"expected":"987357559-2015-01-17T14:01:26.000000Z","speed":75}
{"timestamp":"2015-01-22T16:43:25.000000Z","mmsi":987357559,"lon":-77.6439819336,"lat":-16.8648586273,"expected":"987357559-2015-01-17T14:01:26.000000Z","speed":75.3000030518}
{"timestamp":"2015-01-22T16:43:25.000000Z","mmsi":987357559,"lon":-77.6439819336,"lat":-16.8648586273,"expected":"987357559-2015-01-17T14:01:26.000000Z","speed":75.3000030518}
{"timestamp":"2015-01-22T16:43:31.000000Z","mmsi":987357559,"lon":-77.6421737671,"lat":-16.8645515442,"expected":"987357559-2015-01-17T14:01:26.000000Z","speed":76}
{"timestamp":"2015-01-22T16:43:31.000000Z","mmsi":987357559,"lon":-77.6421737671,"lat":-16.8645515442,"expected":"987357559-2015-01-17T14:01:26.000000Z","speed":76}
{"timestamp":"2015-01-22T16:43:32.000000Z","mmsi":987357559,"lon":-77.6410903931,"lat":-16.8643531799,"expected":"987357559-2015-01-17T14:01:26.000000Z","speed":75.8000030518}
{"timestamp":"2015-01-22T16:43:32.000000Z","mmsi":987357559,"lon":-77.6410903931,"lat":-16.8643531799,"expected":"987357559-2015-01-17T14:01:26.000000Z","speed":75.8000030518}
{"timestamp":"2015-01-22T16:43:34.000000Z","mmsi":987357559,"lon":-77.6407394409,"lat":-16.864282608,"expected":"987357559-2015-01-17T14:01:26.000000Z","speed":75.0999984741}
{"timestamp":"2015-01-22T16:43:34.000000Z","mmsi":987357559,"lon":-77.6407394409,"lat":-16.864282608,"expected":"987357559-2015-01-17T14:01:26.000000Z","speed":75.0999984741}
{"timestamp":"2015-01-22T16:43:37.000000Z","mmsi":987357559,"lon":-77.6396865845,"lat":-16.8640460968,"expected":"987357559-2015-01-17T14:01:26.000000Z","speed":74.5999984741}
{"timestamp":"2015-01-22T16:43:37.000000Z","mmsi":987357559,"lon":-77.6396865845,"lat":-16.8640460968,"expected":"987357559-2015-01-17T14:01:26.000000Z","speed":74.5999984741}
