{"Index": 95805, "msgid": "8e3e58e7-14cd-57ac-aa58-b1f66d402dde", "source": "orbcomm", "type": "AIS.24", "ssvid": "633310367", "timestamp": "2021-01-05T04:53:00+00:00", "lon": NaN, "lat": NaN, "speed": NaN, "course": NaN, "heading": NaN, "shipname": "BINTANG MUTIARA 26", "callsign": null, "destination": null, "imo": null, "shiptype": null, "receiver_type": "satellite", "receiver": "rORBCOMM999", "length": NaN, "width": NaN, "status": NaN, "shipnames": {}, "callsigns": {}, "imos": {}, "expected": "633310367-2021-01-05T04:53:00.000000Z"}
{"Index": 95806, "msgid": "3bd7342d-d9ed-5a2a-87d6-4f85fcbf2ec1", "source": "orbcomm", "type": "AIS.18", "ssvid": "633310367", "timestamp": "2021-01-05T12:28:46+00:00", "lon": 140.060865, "lat": -9.6212766667, "speed": 0.8999999762, "course": 153.3000030518, "heading": 511.0, "shipname": null, "callsign": null, "destination": null, "imo": null, "shiptype": null, "receiver_type": "satellite", "receiver": "rORBCOMM999", "length": NaN, "width": NaN, "status": NaN, "shipnames": {}, "callsigns": {}, "imos": {}, "n_shipnames": {}, "n_callsigns": {}, "n_imos": {}, "expected": "633310367-2021-01-05T12:28:46.000000Z"}
{"Index": 95807, "msgid": "33da6c00-8225-572d-97fe-b321963402af", "source": "orbcomm", "type": "AIS.18", "ssvid": "633310367", "timestamp": "2021-01-07T19:17:03+00:00", "lon": 140.000805, "lat": -9.1800983333, "speed": 1.6000000238, "course": 45.5999984741, "heading": 511.0, "shipname": null, "callsign": null, "destination": null, "imo": null, "shiptype": null, "receiver_type": "satellite", "receiver": "rORBCOMM999", "length": NaN, "width": NaN, "status": NaN, "shipnames": {}, "callsigns": {}, "imos": {}, "n_shipnames": {}, "n_callsigns": {}, "n_imos": {}, "expected": "633310367-2021-01-07T19:17:03.000000Z"}
{"Index": 95808, "msgid": "47b8263f-8521-5d9f-a7bb-5bb5d3167403", "source": "orbcomm", "type": "AIS.18", "ssvid": "633310367", "timestamp": "2021-01-08T05:30:48+00:00", "lon": 139.74184, "lat": -9.087985, "speed": 0.400000006, "course": 158.3999938965, "heading": 511.0, "shipname": null, "callsign": null, "destination": null, "imo": null, "shiptype": null, "receiver_type": "satellite", "receiver": "rORBCOMM999", "length": NaN, "width": NaN, "status": NaN, "shipnames": {}, "callsigns": {}, "imos": {}, "n_shipnames": {}, "n_callsigns": {}, "n_imos": {}, "expected": "633310367-2021-01-08T05:30:48.000000Z"}
{"Index": 95809, "msgid": "10ca4784-4432-5c0a-9c91-a28849a2c888", "source": "orbcomm", "type": "AIS.18", "ssvid": "633310367", "timestamp": "2021-01-08T07:36:40+00:00", "lon": 139.7435383333, "lat": -9.0872116667, "speed": 0.1000000015, "course": 2.7000000477, "heading": 511.0, "shipname": null, "callsign": null, "destination": null, "imo": null, "shiptype": null, "receiver_type": "satellite", "receiver": "rORBCOMM999", "length": NaN, "width": NaN, "status": NaN, "shipnames": {}, "callsigns": {}, "imos": {}, "n_shipnames": {}, "n_callsigns": {}, "n_imos": {}, "expected": "633310367-2021-01-08T05:30:48.000000Z"}
{"Index": 95810, "msgid": "2eff972d-fae1-5b9a-8f3c-e25e74a65622", "source": "orbcomm", "type": "AIS.18", "ssvid": "633310367", "timestamp": "2021-01-08T07:36:40+00:00", "lon": 139.7435383333, "lat": -9.0872116667, "speed": 0.1000000015, "course": 2.7000000477, "heading": 511.0, "shipname": null, "callsign": null, "destination": null, "imo": null, "shiptype": null, "receiver_type": "satellite", "receiver": "rORBCOMM999", "length": NaN, "width": NaN, "status": NaN, "shipnames": {}, "callsigns": {}, "imos": {}, "expected": null}
{"Index": 95811, "msgid": "2eff972d-fae1-5b9a-8f3c-e25e74a65622", "source": "orbcomm", "type": "AIS.18", "ssvid": "633310367", "timestamp": "2021-01-08T07:36:40+00:00", "lon": 139.7435383333, "lat": -9.0872116667, "speed": 0.1000000015, "course": 2.7000000477, "heading": 511.0, "shipname": null, "callsign": null, "destination": null, "imo": null, "shiptype": null, "receiver_type": "satellite", "receiver": "rORBCOMM999", "length": NaN, "width": NaN, "status": NaN, "shipnames": {}, "callsigns": {}, "imos": {}, "expected": null}
{"Index": 95812, "msgid": "1a96e045-f8b1-5ec2-8ebe-8cdc4a045060", "source": "orbcomm", "type": "AIS.24", "ssvid": "633310367", "timestamp": "2021-01-08T19:44:17+00:00", "lon": NaN, "lat": NaN, "speed": NaN, "course": NaN, "heading": NaN, "shipname": null, "callsign": "YEB5856", "destination": null, "imo": null, "shiptype": "Cargo, all ships of this type", "receiver_type": "satellite", "receiver": "rORBCOMM999", "length": 0.0, "width": 0.0, "status": NaN, "shipnames": {}, "callsigns": {}, "imos": {}, "expected": "633310367-2021-01-08T19:44:17.000000Z"}
{"Index": 95813, "msgid": "9ec07448-4328-578f-bd52-e6de4af20a25", "source": "orbcomm", "type": "AIS.24", "ssvid": "633310367", "timestamp": "2021-01-09T06:32:34+00:00", "lon": NaN, "lat": NaN, "speed": NaN, "course": NaN, "heading": NaN, "shipname": null, "callsign": "YEB5856", "destination": null, "imo": null, "shiptype": "Cargo, all ships of this type", "receiver_type": "satellite", "receiver": "rORBCOMM999", "length": 0.0, "width": 0.0, "status": NaN, "shipnames": {}, "callsigns": {}, "imos": {}, "expected": "633310367-2021-01-09T06:32:34.000000Z"}
{"Index": 95814, "msgid": "c49b7568-62d7-5420-9ab3-11ac3ebf5822", "source": "orbcomm", "type": "AIS.18", "ssvid": "633310367", "timestamp": "2021-01-09T19:03:14+00:00", "lon": 139.6525883333, "lat": -9.1891383333, "speed": 0.8999999762, "course": 55.2999992371, "heading": 511.0, "shipname": null, "callsign": null, "destination": null, "imo": null, "shiptype": null, "receiver_type": "satellite", "receiver": "rORBCOMM999", "length": NaN, "width": NaN, "status": NaN, "shipnames": {}, "callsigns": {}, "imos": {}, "n_shipnames": {}, "n_callsigns": {}, "n_imos": {}, "expected": "633310367-2021-01-09T19:03:14.000000Z"}
{"Index": 95815, "msgid": "c49b7568-62d7-5420-9ab3-11ac3ebf5822", "source": "orbcomm", "type": "AIS.18", "ssvid": "633310367", "timestamp": "2021-01-09T19:03:14+00:00", "lon": 139.6525883333, "lat": -9.1891383333, "speed": 0.8999999762, "course": 55.2999992371, "heading": 511.0, "shipname": null, "callsign": null, "destination": null, "imo": null, "shiptype": null, "receiver_type": "satellite", "receiver": "rORBCOMM999", "length": NaN, "width": NaN, "status": NaN, "shipnames": {}, "callsigns": {}, "imos": {}, "expected": null}
{"Index": 95816, "msgid": "2f5efe81-2d82-5cca-964a-1b0150476fdc", "source": "orbcomm", "type": "AIS.24", "ssvid": "633310367", "timestamp": "2021-01-09T20:20:34+00:00", "lon": NaN, "lat": NaN, "speed": NaN, "course": NaN, "heading": NaN, "shipname": null, "callsign": "YEB5856", "destination": null, "imo": null, "shiptype": "Cargo, all ships of this type", "receiver_type": "satellite", "receiver": "rORBCOMM999", "length": 0.0, "width": 0.0, "status": NaN, "shipnames": {}, "callsigns": {}, "imos": {}, "expected": "633310367-2021-01-09T20:20:34.000000Z"}
{"Index": 95817, "msgid": "5465bd62-da39-5bd7-a122-f3146cbd71d3", "source": "orbcomm", "type": "AIS.18", "ssvid": "633310367", "timestamp": "2021-01-09T21:33:50+00:00", "lon": 139.6551766667, "lat": -9.2470016667, "speed": 5.5, "course": 179.8000030518, "heading": 511.0, "shipname": null, "callsign": null, "destination": null, "imo": null, "shiptype": null, "receiver_type": "satellite", "receiver": "rORBCOMM999", "length": NaN, "width": NaN, "status": NaN, "shipnames": {}, "callsigns": {}, "imos": {}, "n_shipnames": {}, "n_callsigns": {}, "n_imos": {}, "expected": "633310367-2021-01-09T19:03:14.000000Z"}
{"Index": 95818, "msgid": "dfb46f72-3f49-5963-b666-5d82c0555e4e", "source": "orbcomm", "type": "AIS.18", "ssvid": "633310367", "timestamp": "2021-01-09T22:11:08+00:00", "lon": 139.654455, "lat": -9.30212, "speed": 5.5999999046, "course": 182.5, "heading": 511.0, "shipname": null, "callsign": null, "destination": null, "imo": null, "shiptype": null, "receiver_type": "satellite", "receiver": "rORBCOMM999", "length": NaN, "width": NaN, "status": NaN, "shipnames": {}, "callsigns": {}, "imos": {}, "n_shipnames": {}, "n_callsigns": {}, "n_imos": {}, "expected": "633310367-2021-01-09T19:03:14.000000Z"}
