{"Index": 69161, "msgid": "3c579998-24ba-516e-aa5d-15d606411df9", "source": "orbcomm", "type": "AIS.18", "ssvid": "416558000", "timestamp": "2021-01-01T00:17:37+00:00", "lon": 54.3927716667, "lat": -8.2357416667, "speed": 9.6000003815, "course": 272.299987793, "heading": 511.0, "shipname": null, "callsign": null, "destination": null, "imo": null, "shiptype": null, "receiver_type": "satellite", "receiver": "rORBCOMM999", "length": NaN, "width": NaN, "status": NaN, "shipnames": {}, "callsigns": {}, "imos": {}, "n_shipnames": {}, "n_callsigns": {}, "n_imos": {}, "expected": "416558000-2021-01-01T00:17:37.000000Z"}
{"Index": 69162, "msgid": "3c4b2495-27f8-5d2f-bb5e-d0263a9c5fa4", "source": "orbcomm", "type": "AIS.18", "ssvid": "416558000", "timestamp": "2021-01-01T00:19:09+00:00", "lon": 54.38879, "lat": -8.2358366667, "speed": 9.3000001907, "course": 270.5, "heading": 511.0, "shipname": null, "callsign": null, "destination": null, "imo": null, "shiptype": null, "receiver_type": "satellite", "receiver": "rORBCOMM999", "length": NaN, "width": NaN, "status": NaN, "shipnames": {}, "callsigns": {}, "imos": {}, "n_shipnames": {}, "n_callsigns": {}, "n_imos": {}, "expected": "416558000-2021-01-01T00:17:37.000000Z"}
{"Index": 69163, "msgid": "3c4b2495-27f8-5d2f-bb5e-d0263a9c5fa4", "source": "orbcomm", "type": "AIS.18", "ssvid": "416558000", "timestamp": "2021-01-01T00:19:09+00:00", "lon": 54.38879, "lat": -8.2358366667, "speed": 9.3000001907, "course": 270.5, "heading": 511.0, "shipname": null, "callsign": null, "destination": null, "imo": null, "shiptype": null, "receiver_type": "satellite", "receiver": "rORBCOMM999", "length": NaN, "width": NaN, "status": NaN, "shipnames": {}, "callsigns": {}, "imos": {}, "expected": null}
{"Index": 69164, "msgid": "58a241ca-6455-59c9-8d68-3ab62bc19378", "source": "orbcomm", "type": "AIS.18", "ssvid": "416558000", "timestamp": "2021-01-01T01:06:59+00:00", "lon": 54.2590383333, "lat": -8.2423866667, "speed": 9.8000001907, "course": 267.5, "heading": 511.0, "shipname": null, "callsign": null, "destination": null, "imo": null, "shiptype": null, "receiver_type": "satellite", "receiver": "rORBCOMM999", "length": NaN, "width": NaN, "status": NaN, "shipnames": {}, "callsigns": {}, "imos": {}, "n_shipnames": {}, "n_callsigns": {}, "n_imos": {}, "expected": "416558000-2021-01-01T00:17:37.000000Z"}
{"Index": 69165, "msgid": "a4961061-0c29-5c63-82ea-02c4a7367721", "source": "orbcomm", "type": "AIS.18", "ssvid": "416558000", "timestamp": "2021-01-01T02:46:43+00:00", "lon": 53.9994266667, "lat": -8.24973, "speed": 8.6000003815, "course": 263.5, "heading": 511.0, "shipname": null, "callsign": null, "destination": null, "imo": null, "shiptype": null, "receiver_type": "satellite", "receiver": "rORBCOMM999", "length": NaN, "width": NaN, "status": NaN, "shipnames": {}, "callsigns": {}, "imos": {}, "n_shipnames": {}, "n_callsigns": {}, "n_imos": {}, "expected": "416558000-2021-01-01T00:17:37.000000Z"}
{"Index": 69166, "msgid": "71fa6f00-7a3e-5e03-beb3-360e849d7fbd", "source": "orbcomm", "type": "AIS.18", "ssvid": "416558000", "timestamp": "2021-01-02T00:39:25+00:00", "lon": 53.792385, "lat": -8.428405, "speed": 8.1000003815, "course": 258.799987793, "heading": 511.0, "shipname": null, "callsign": null, "destination": null, "imo": null, "shiptype": null, "receiver_type": "satellite", "receiver": "rORBCOMM999", "length": NaN, "width": NaN, "status": NaN, "shipnames": {}, "callsigns": {}, "imos": {}, "n_shipnames": {}, "n_callsigns": {}, "n_imos": {}, "expected": "416558000-2021-01-02T00:39:25.000000Z"}
{"Index": 69167, "msgid": "71fa6f00-7a3e-5e03-beb3-360e849d7fbd", "source": "orbcomm", "type": "AIS.18", "ssvid": "416558000", "timestamp": "2021-01-02T00:39:25+00:00", "lon": 53.792385, "lat": -8.428405, "speed": 8.1000003815, "course": 258.799987793, "heading": 511.0, "shipname": null, "callsign": null, "destination": null, "imo": null, "shiptype": null, "receiver_type": "satellite", "receiver": "rORBCOMM999", "length": NaN, "width": NaN, "status": NaN, "shipnames": {}, "callsigns": {}, "imos": {}, "expected": null}
{"Index": 69168, "msgid": "712a80ec-a52e-5149-96ad-e7f1cf16b88d", "source": "orbcomm", "type": "AIS.18", "ssvid": "416558000", "timestamp": "2021-01-02T12:33:54+00:00", "lon": 53.373935, "lat": -8.466735, "speed": 2.7999999523, "course": 264.0, "heading": 511.0, "shipname": null, "callsign": null, "destination": null, "imo": null, "shiptype": null, "receiver_type": "satellite", "receiver": "rORBCOMM999", "length": NaN, "width": NaN, "status": NaN, "shipnames": {}, "callsigns": {"BH2962": 1}, "imos": {}, "n_shipnames": {}, "n_callsigns": {"null": 1}, "n_imos": {}, "expected": "416558000-2021-01-02T12:33:54.000000Z"}
{"Index": 69169, "msgid": "cfe3f60c-4831-578b-9243-a33f31a2fccc", "source": "orbcomm", "type": "AIS.24", "ssvid": "416558000", "timestamp": "2021-01-02T12:34:27+00:00", "lon": NaN, "lat": NaN, "speed": NaN, "course": NaN, "heading": NaN, "shipname": null, "callsign": "BH2962", "destination": null, "imo": null, "shiptype": "Fishing", "receiver_type": "satellite", "receiver": "rORBCOMM999", "length": 45.0, "width": 10.0, "status": NaN, "shipnames": {}, "callsigns": {}, "imos": {}, "expected": "416558000-2021-01-02T12:34:27.000000Z"}
{"Index": 69170, "msgid": "b6dfdf78-90fc-56eb-8079-21152d3cfaf2", "source": "orbcomm", "type": "AIS.18", "ssvid": "416558000", "timestamp": "2021-01-03T00:53:37+00:00", "lon": 53.31789, "lat": -8.5984433333, "speed": 8.5, "course": 247.3000030518, "heading": 511.0, "shipname": null, "callsign": null, "destination": null, "imo": null, "shiptype": null, "receiver_type": "satellite", "receiver": "rORBCOMM999", "length": NaN, "width": NaN, "status": NaN, "shipnames": {}, "callsigns": {}, "imos": {}, "n_shipnames": {}, "n_callsigns": {}, "n_imos": {}, "expected": "416558000-2021-01-03T00:53:37.000000Z"}
{"Index": 69171, "msgid": "7596d0b5-3239-5445-b5a9-41d54efd6f11", "source": "orbcomm", "type": "AIS.18", "ssvid": "416558000", "timestamp": "2021-01-03T02:13:34+00:00", "lon": 53.13746, "lat": -8.6586866667, "speed": 8.3000001907, "course": 271.299987793, "heading": 511.0, "shipname": null, "callsign": null, "destination": null, "imo": null, "shiptype": null, "receiver_type": "satellite", "receiver": "rORBCOMM999", "length": NaN, "width": NaN, "status": NaN, "shipnames": {}, "callsigns": {}, "imos": {}, "n_shipnames": {}, "n_callsigns": {}, "n_imos": {}, "expected": "416558000-2021-01-03T00:53:37.000000Z"}
{"Index": 69172, "msgid": "3c676cb7-0fe9-5bf5-af61-a336828ec688", "source": "orbcomm", "type": "AIS.18", "ssvid": "416558000", "timestamp": "2021-01-03T02:14:04+00:00", "lon": 53.1362966667, "lat": -8.65869, "speed": 8.3999996185, "course": 270.700012207, "heading": 511.0, "shipname": null, "callsign": null, "destination": null, "imo": null, "shiptype": null, "receiver_type": "satellite", "receiver": "rORBCOMM999", "length": NaN, "width": NaN, "status": NaN, "shipnames": {}, "callsigns": {}, "imos": {}, "n_shipnames": {}, "n_callsigns": {}, "n_imos": {}, "expected": "416558000-2021-01-03T00:53:37.000000Z"}
{"Index": 69173, "msgid": "1d7dfd54-f72c-5865-a0f7-0e65f00c17dc", "source": "orbcomm", "type": "AIS.18", "ssvid": "416558000", "timestamp": "2021-01-03T02:16:35+00:00", "lon": 53.1305533333, "lat": -8.65859, "speed": 8.3000001907, "course": 273.6000061035, "heading": 511.0, "shipname": null, "callsign": null, "destination": null, "imo": null, "shiptype": null, "receiver_type": "satellite", "receiver": "rORBCOMM999", "length": NaN, "width": NaN, "status": NaN, "shipnames": {}, "callsigns": {}, "imos": {}, "n_shipnames": {}, "n_callsigns": {}, "n_imos": {}, "expected": "416558000-2021-01-03T00:53:37.000000Z"}
{"Index": 69174, "msgid": "456da65f-c307-5f11-9695-0738025785a1", "source": "orbcomm", "type": "AIS.18", "ssvid": "416558000", "timestamp": "2021-01-03T02:16:43+00:00", "lon": 53.1302033333, "lat": -8.6585566667, "speed": 7.5, "course": 268.299987793, "heading": 511.0, "shipname": null, "callsign": null, "destination": null, "imo": null, "shiptype": null, "receiver_type": "satellite", "receiver": "rORBCOMM999", "length": NaN, "width": NaN, "status": NaN, "shipnames": {}, "callsigns": {}, "imos": {}, "n_shipnames": {}, "n_callsigns": {}, "n_imos": {}, "expected": "416558000-2021-01-03T00:53:37.000000Z"}
{"Index": 69175, "msgid": "4c991d90-3f7f-5479-b8bc-d29c84f7df9a", "source": "orbcomm", "type": "AIS.18", "ssvid": "416558000", "timestamp": "2021-01-03T02:16:44+00:00", "lon": 53.1302033333, "lat": -8.6585566667, "speed": 7.5, "course": 268.299987793, "heading": 511.0, "shipname": null, "callsign": null, "destination": null, "imo": null, "shiptype": null, "receiver_type": "satellite", "receiver": "rORBCOMM999", "length": NaN, "width": NaN, "status": NaN, "shipnames": {}, "callsigns": {}, "imos": {}, "expected": null}
{"Index": 69176, "msgid": "7ef7cb6d-84b3-586b-a4f6-939754e47c31", "source": "orbcomm", "type": "AIS.18", "ssvid": "416558000", "timestamp": "2021-01-03T02:17:04+00:00", "lon": 53.1294166667, "lat": -8.6585933333, "speed": 8.3000001907, "course": 267.299987793, "heading": 511.0, "shipname": null, "callsign": null, "destination": null, "imo": null, "shiptype": null, "receiver_type": "satellite", "receiver": "rORBCOMM999", "length": NaN, "width": NaN, "status": NaN, "shipnames": {}, "callsigns": {}, "imos": {}, "n_shipnames": {}, "n_callsigns": {}, "n_imos": {}, "expected": "416558000-2021-01-03T00:53:37.000000Z"}
{"Index": 69177, "msgid": "44c4b9dd-fdf6-5ecd-b9a3-69773236e558", "source": "orbcomm", "type": "AIS.18", "ssvid": "416558000", "timestamp": "2021-01-03T14:41:18+00:00", "lon": 52.751275, "lat": -8.6741366667, "speed": 2.0, "course": 109.9000015259, "heading": 511.0, "shipname": null, "callsign": null, "destination": null, "imo": null, "shiptype": null, "receiver_type": "satellite", "receiver": "rORBCOMM999", "length": NaN, "width": NaN, "status": NaN, "shipnames": {}, "callsigns": {}, "imos": {}, "n_shipnames": {}, "n_callsigns": {}, "n_imos": {}, "expected": "416558000-2021-01-03T14:41:18.000000Z"}
{"Index": 69178, "msgid": "bb51223d-5adc-5ad7-95f2-efda71ff5d56", "source": "orbcomm", "type": "AIS.18", "ssvid": "416558000", "timestamp": "2021-01-03T14:41:18+00:00", "lon": 52.751275, "lat": -8.6741366667, "speed": 2.0, "course": 109.9000015259, "heading": 511.0, "shipname": null, "callsign": null, "destination": null, "imo": null, "shiptype": null, "receiver_type": "satellite", "receiver": "rORBCOMM999", "length": NaN, "width": NaN, "status": NaN, "shipnames": {}, "callsigns": {}, "imos": {}, "expected": null}
{"Index": 69179, "msgid": "dd8cccb6-cd17-54b9-9a07-320f0988ee15", "source": "orbcomm", "type": "AIS.18", "ssvid": "416558000", "timestamp": "2021-01-04T01:10:18+00:00", "lon": 52.6363283333, "lat": -8.892735, "speed": 8.6999998093, "course": 249.6000061035, "heading": 511.0, "shipname": null, "callsign": null, "destination": null, "imo": null, "shiptype": null, "receiver_type": "satellite", "receiver": "rORBCOMM999", "length": NaN, "width": NaN, "status": NaN, "shipnames": {}, "callsigns": {}, "imos": {}, "n_shipnames": {}, "n_callsigns": {}, "n_imos": {}, "expected": "416558000-2021-01-04T01:10:18.000000Z"}
{"Index": 69180, "msgid": "53e6aabd-904d-5603-a694-fd93ce8c2640", "source": "orbcomm", "type": "AIS.18", "ssvid": "416558000", "timestamp": "2021-01-04T02:45:32+00:00", "lon": 52.6118633333, "lat": -9.0911766667, "speed": 8.1999998093, "course": 177.3000030518, "heading": 511.0, "shipname": null, "callsign": null, "destination": null, "imo": null, "shiptype": null, "receiver_type": "satellite", "receiver": "rORBCOMM999", "length": NaN, "width": NaN, "status": NaN, "shipnames": {}, "callsigns": {"BH2962": 1}, "imos": {}, "n_shipnames": {}, "n_callsigns": {"null": 1}, "n_imos": {}, "expected": "416558000-2021-01-04T01:10:18.000000Z"}
{"Index": 69181, "msgid": "789bd22e-5692-5135-8780-22b196eb7a81", "source": "orbcomm", "type": "AIS.18", "ssvid": "416558000", "timestamp": "2021-01-04T02:50:34+00:00", "lon": 52.6117016667, "lat": -9.1025933333, "speed": 8.5, "course": 181.1000061035, "heading": 511.0, "shipname": null, "callsign": null, "destination": null, "imo": null, "shiptype": null, "receiver_type": "satellite", "receiver": "rORBCOMM999", "length": NaN, "width": NaN, "status": NaN, "shipnames": {}, "callsigns": {"BH2962": 1}, "imos": {}, "n_shipnames": {}, "n_callsigns": {"null": 1}, "n_imos": {}, "expected": "416558000-2021-01-04T01:10:18.000000Z"}
{"Index": 69182, "msgid": "f6378f05-06a6-5a78-9060-050816d97f74", "source": "orbcomm", "type": "AIS.24", "ssvid": "416558000", "timestamp": "2021-01-04T02:51:30+00:00", "lon": NaN, "lat": NaN, "speed": NaN, "course": NaN, "heading": NaN, "shipname": null, "callsign": "BH2962", "destination": null, "imo": null, "shiptype": "Fishing", "receiver_type": "satellite", "receiver": "rORBCOMM999", "length": 45.0, "width": 10.0, "status": NaN, "shipnames": {}, "callsigns": {}, "imos": {}, "expected": "416558000-2021-01-04T02:51:30.000000Z"}
{"Index": 69183, "msgid": "b13bedb7-a996-53b9-b079-16c87e5614e6", "source": "orbcomm", "type": "AIS.18", "ssvid": "416558000", "timestamp": "2021-01-05T01:31:24+00:00", "lon": 52.58588, "lat": -9.030525, "speed": 8.1000003815, "course": 180.3999938965, "heading": 511.0, "shipname": null, "callsign": null, "destination": null, "imo": null, "shiptype": null, "receiver_type": "satellite", "receiver": "rORBCOMM999", "length": NaN, "width": NaN, "status": NaN, "shipnames": {}, "callsigns": {}, "imos": {}, "n_shipnames": {}, "n_callsigns": {}, "n_imos": {}, "expected": "416558000-2021-01-05T01:31:24.000000Z"}
{"Index": 69184, "msgid": "b13bedb7-a996-53b9-b079-16c87e5614e6", "source": "orbcomm", "type": "AIS.18", "ssvid": "416558000", "timestamp": "2021-01-05T01:31:24+00:00", "lon": 52.58588, "lat": -9.030525, "speed": 8.1000003815, "course": 180.3999938965, "heading": 511.0, "shipname": null, "callsign": null, "destination": null, "imo": null, "shiptype": null, "receiver_type": "satellite", "receiver": "rORBCOMM999", "length": NaN, "width": NaN, "status": NaN, "shipnames": {}, "callsigns": {}, "imos": {}, "expected": null}
{"Index": 69185, "msgid": "109a4d9d-aecf-5bd6-9457-3faaea5f41a0", "source": "orbcomm", "type": "AIS.18", "ssvid": "416558000", "timestamp": "2021-01-05T01:31:55+00:00", "lon": 52.5858433333, "lat": -9.0316516667, "speed": 8.0, "course": 182.8999938965, "heading": 511.0, "shipname": null, "callsign": null, "destination": null, "imo": null, "shiptype": null, "receiver_type": "satellite", "receiver": "rORBCOMM999", "length": NaN, "width": NaN, "status": NaN, "shipnames": {}, "callsigns": {}, "imos": {}, "n_shipnames": {}, "n_callsigns": {}, "n_imos": {}, "expected": "416558000-2021-01-05T01:31:24.000000Z"}
{"Index": 69186, "msgid": "109a4d9d-aecf-5bd6-9457-3faaea5f41a0", "source": "orbcomm", "type": "AIS.18", "ssvid": "416558000", "timestamp": "2021-01-05T01:31:55+00:00", "lon": 52.5858433333, "lat": -9.0316516667, "speed": 8.0, "course": 182.8999938965, "heading": 511.0, "shipname": null, "callsign": null, "destination": null, "imo": null, "shiptype": null, "receiver_type": "satellite", "receiver": "rORBCOMM999", "length": NaN, "width": NaN, "status": NaN, "shipnames": {}, "callsigns": {}, "imos": {}, "expected": null}
{"Index": 69187, "msgid": "746ad331-f169-5ba3-ad68-d2868ff51fac", "source": "orbcomm", "type": "AIS.18", "ssvid": "416558000", "timestamp": "2021-01-05T01:33:25+00:00", "lon": 52.5858616667, "lat": -9.0348083333, "speed": 7.6999998093, "course": 174.8999938965, "heading": 511.0, "shipname": null, "callsign": null, "destination": null, "imo": null, "shiptype": null, "receiver_type": "satellite", "receiver": "rORBCOMM999", "length": NaN, "width": NaN, "status": NaN, "shipnames": {}, "callsigns": {}, "imos": {}, "n_shipnames": {}, "n_callsigns": {}, "n_imos": {}, "expected": "416558000-2021-01-05T01:31:24.000000Z"}
{"Index": 69188, "msgid": "746ad331-f169-5ba3-ad68-d2868ff51fac", "source": "orbcomm", "type": "AIS.18", "ssvid": "416558000", "timestamp": "2021-01-05T01:33:25+00:00", "lon": 52.5858616667, "lat": -9.0348083333, "speed": 7.6999998093, "course": 174.8999938965, "heading": 511.0, "shipname": null, "callsign": null, "destination": null, "imo": null, "shiptype": null, "receiver_type": "satellite", "receiver": "rORBCOMM999", "length": NaN, "width": NaN, "status": NaN, "shipnames": {}, "callsigns": {}, "imos": {}, "expected": null}
{"Index": 69189, "msgid": "369d6e8c-6c66-5be3-a257-90e69d033670", "source": "orbcomm", "type": "AIS.18", "ssvid": "416558000", "timestamp": "2021-01-05T01:39:57+00:00", "lon": 52.5865616667, "lat": -9.0488966667, "speed": 8.1999998093, "course": 177.6999969482, "heading": 511.0, "shipname": null, "callsign": null, "destination": null, "imo": null, "shiptype": null, "receiver_type": "satellite", "receiver": "rORBCOMM999", "length": NaN, "width": NaN, "status": NaN, "shipnames": {}, "callsigns": {}, "imos": {}, "n_shipnames": {}, "n_callsigns": {}, "n_imos": {}, "expected": "416558000-2021-01-05T01:31:24.000000Z"}
{"Index": 69190, "msgid": "50ad73b9-961c-5464-be2f-c424acee2380", "source": "orbcomm", "type": "AIS.18", "ssvid": "416558000", "timestamp": "2021-01-05T12:33:01+00:00", "lon": 52.5076933333, "lat": -9.2045216667, "speed": 1.6000000238, "course": 201.1999969482, "heading": 511.0, "shipname": null, "callsign": null, "destination": null, "imo": null, "shiptype": null, "receiver_type": "satellite", "receiver": "rORBCOMM999", "length": NaN, "width": NaN, "status": NaN, "shipnames": {}, "callsigns": {}, "imos": {}, "n_shipnames": {}, "n_callsigns": {}, "n_imos": {}, "expected": "416558000-2021-01-05T12:33:01.000000Z"}
{"Index": 69191, "msgid": "50e96d3b-ffba-5317-9bbb-62b95bb2e54c", "source": "orbcomm", "type": "AIS.18", "ssvid": "416558000", "timestamp": "2021-01-05T14:09:16+00:00", "lon": 52.50153, "lat": -9.28717, "speed": 3.7999999523, "course": 183.3000030518, "heading": 511.0, "shipname": null, "callsign": null, "destination": null, "imo": null, "shiptype": null, "receiver_type": "satellite", "receiver": "rORBCOMM999", "length": NaN, "width": NaN, "status": NaN, "shipnames": {}, "callsigns": {}, "imos": {}, "n_shipnames": {}, "n_callsigns": {}, "n_imos": {}, "expected": "416558000-2021-01-05T12:33:01.000000Z"}
{"Index": 69192, "msgid": "287609eb-142a-5e10-8ffa-011fdc6650bf", "source": "orbcomm", "type": "AIS.18", "ssvid": "416558000", "timestamp": "2021-01-06T00:12:04+00:00", "lon": 52.556605, "lat": -9.1162133333, "speed": 3.2999999523, "course": 342.799987793, "heading": 511.0, "shipname": null, "callsign": null, "destination": null, "imo": null, "shiptype": null, "receiver_type": "satellite", "receiver": "rORBCOMM999", "length": NaN, "width": NaN, "status": NaN, "shipnames": {}, "callsigns": {}, "imos": {}, "n_shipnames": {}, "n_callsigns": {}, "n_imos": {}, "expected": "416558000-2021-01-06T00:12:04.000000Z"}
{"Index": 69193, "msgid": "3bbfa062-d671-5eaf-8ab7-dfc971169392", "source": "orbcomm", "type": "AIS.18", "ssvid": "416558000", "timestamp": "2021-01-06T02:13:41+00:00", "lon": 52.5709016667, "lat": -9.1471866667, "speed": 8.6999998093, "course": 181.8999938965, "heading": 511.0, "shipname": null, "callsign": null, "destination": null, "imo": null, "shiptype": null, "receiver_type": "satellite", "receiver": "rORBCOMM999", "length": NaN, "width": NaN, "status": NaN, "shipnames": {}, "callsigns": {}, "imos": {}, "n_shipnames": {}, "n_callsigns": {}, "n_imos": {}, "expected": "416558000-2021-01-06T00:12:04.000000Z"}
{"Index": 69194, "msgid": "fed86bfe-7311-5f3c-aee1-7e262d3c66c3", "source": "orbcomm", "type": "AIS.18", "ssvid": "416558000", "timestamp": "2021-01-06T02:17:12+00:00", "lon": 52.5709866667, "lat": -9.1553266667, "speed": 7.8000001907, "course": 178.5, "heading": 511.0, "shipname": null, "callsign": null, "destination": null, "imo": null, "shiptype": null, "receiver_type": "satellite", "receiver": "rORBCOMM999", "length": NaN, "width": NaN, "status": NaN, "shipnames": {}, "callsigns": {}, "imos": {}, "n_shipnames": {}, "n_callsigns": {}, "n_imos": {}, "expected": "416558000-2021-01-06T00:12:04.000000Z"}
{"Index": 69195, "msgid": "9ad1db74-6b7f-5b3d-a71c-300e67fd9217", "source": "orbcomm", "type": "AIS.18", "ssvid": "416558000", "timestamp": "2021-01-06T13:51:07+00:00", "lon": 52.483165, "lat": -9.29674, "speed": 3.9000000954, "course": 155.6000061035, "heading": 511.0, "shipname": null, "callsign": null, "destination": null, "imo": null, "shiptype": null, "receiver_type": "satellite", "receiver": "rORBCOMM999", "length": NaN, "width": NaN, "status": NaN, "shipnames": {"WEII SHEN": 1}, "callsigns": {}, "imos": {}, "n_shipnames": {"null": 1}, "n_callsigns": {}, "n_imos": {}, "expected": "416558000-2021-01-06T13:51:07.000000Z"}
{"Index": 69196, "msgid": "2037967b-a87f-57f7-8ded-1df73936252c", "source": "orbcomm", "type": "AIS.24", "ssvid": "416558000", "timestamp": "2021-01-06T13:52:58+00:00", "lon": NaN, "lat": NaN, "speed": NaN, "course": NaN, "heading": NaN, "shipname": "WEII SHEN", "callsign": null, "destination": null, "imo": null, "shiptype": null, "receiver_type": "satellite", "receiver": "rORBCOMM999", "length": NaN, "width": NaN, "status": NaN, "shipnames": {}, "callsigns": {}, "imos": {}, "expected": "416558000-2021-01-06T13:52:58.000000Z"}
{"Index": 69197, "msgid": "1ce1b9af-1f87-53b4-84ba-9251e90c9507", "source": "orbcomm", "type": "AIS.18", "ssvid": "416558000", "timestamp": "2021-01-06T13:56:10+00:00", "lon": 52.4846983333, "lat": -9.3011166667, "speed": 4.4000000954, "course": 183.6999969482, "heading": 511.0, "shipname": null, "callsign": null, "destination": null, "imo": null, "shiptype": null, "receiver_type": "satellite", "receiver": "rORBCOMM999", "length": NaN, "width": NaN, "status": NaN, "shipnames": {"WEII SHEN": 1}, "callsigns": {}, "imos": {}, "n_shipnames": {"null": 1}, "n_callsigns": {}, "n_imos": {}, "expected": "416558000-2021-01-06T13:51:07.000000Z"}
{"Index": 69198, "msgid": "8615d7be-46ec-5338-a3b8-5f8a2bef99a4", "source": "orbcomm", "type": "AIS.18", "ssvid": "416558000", "timestamp": "2021-01-07T13:36:54+00:00", "lon": 52.5148333333, "lat": -9.3677116667, "speed": 2.9000000954, "course": 178.6999969482, "heading": 511.0, "shipname": null, "callsign": null, "destination": null, "imo": null, "shiptype": null, "receiver_type": "satellite", "receiver": "rORBCOMM999", "length": NaN, "width": NaN, "status": NaN, "shipnames": {}, "callsigns": {}, "imos": {}, "n_shipnames": {}, "n_callsigns": {}, "n_imos": {}, "expected": "416558000-2021-01-07T13:36:54.000000Z"}
{"Index": 69199, "msgid": "f7d7f238-6dca-5b18-abe1-0b58e4a3af2c", "source": "orbcomm", "type": "AIS.18", "ssvid": "416558000", "timestamp": "2021-01-08T00:54:10+00:00", "lon": 52.575435, "lat": -9.20979, "speed": 7.8000001907, "course": 185.6000061035, "heading": 511.0, "shipname": null, "callsign": null, "destination": null, "imo": null, "shiptype": null, "receiver_type": "satellite", "receiver": "rORBCOMM999", "length": NaN, "width": NaN, "status": NaN, "shipnames": {}, "callsigns": {}, "imos": {}, "n_shipnames": {}, "n_callsigns": {}, "n_imos": {}, "expected": "416558000-2021-01-08T00:54:10.000000Z"}
{"Index": 69200, "msgid": "9019d800-7590-5cb0-bf22-4dd9430fcef3", "source": "orbcomm", "type": "AIS.18", "ssvid": "416558000", "timestamp": "2021-01-08T01:45:09+00:00", "lon": 52.57558, "lat": -9.3185666667, "speed": 7.0999999046, "course": 177.3000030518, "heading": 511.0, "shipname": null, "callsign": null, "destination": null, "imo": null, "shiptype": null, "receiver_type": "satellite", "receiver": "rORBCOMM999", "length": NaN, "width": NaN, "status": NaN, "shipnames": {}, "callsigns": {}, "imos": {}, "n_shipnames": {}, "n_callsigns": {}, "n_imos": {}, "expected": "416558000-2021-01-08T00:54:10.000000Z"}
{"Index": 69201, "msgid": "f83dbeaa-f3e0-565d-bfad-077d39651d65", "source": "orbcomm", "type": "AIS.18", "ssvid": "416558000", "timestamp": "2021-01-08T12:34:55+00:00", "lon": 52.5234033333, "lat": -9.3605516667, "speed": 1.8999999762, "course": 190.6000061035, "heading": 511.0, "shipname": null, "callsign": null, "destination": null, "imo": null, "shiptype": null, "receiver_type": "satellite", "receiver": "rORBCOMM999", "length": NaN, "width": NaN, "status": NaN, "shipnames": {}, "callsigns": {}, "imos": {}, "n_shipnames": {}, "n_callsigns": {}, "n_imos": {}, "expected": "416558000-2021-01-08T12:34:55.000000Z"}
{"Index": 69202, "msgid": "c602e2de-fd63-5db1-a7dc-6f8402fe1f07", "source": "orbcomm", "type": "AIS.18", "ssvid": "416558000", "timestamp": "2021-01-08T12:52:35+00:00", "lon": 52.5220883333, "lat": -9.3747666667, "speed": 3.2000000477, "course": 170.1999969482, "heading": 511.0, "shipname": null, "callsign": null, "destination": null, "imo": null, "shiptype": null, "receiver_type": "satellite", "receiver": "rORBCOMM999", "length": NaN, "width": NaN, "status": NaN, "shipnames": {}, "callsigns": {}, "imos": {}, "n_shipnames": {}, "n_callsigns": {}, "n_imos": {}, "expected": "416558000-2021-01-08T12:34:55.000000Z"}
{"Index": 69203, "msgid": "78c65ff1-9458-57a1-856f-4801f4277c1e", "source": "orbcomm", "type": "AIS.18", "ssvid": "416558000", "timestamp": "2021-01-08T12:53:36+00:00", "lon": 52.5222033333, "lat": -9.3754383333, "speed": 2.9000000954, "course": 157.3999938965, "heading": 511.0, "shipname": null, "callsign": null, "destination": null, "imo": null, "shiptype": null, "receiver_type": "satellite", "receiver": "rORBCOMM999", "length": NaN, "width": NaN, "status": NaN, "shipnames": {}, "callsigns": {}, "imos": {}, "n_shipnames": {}, "n_callsigns": {}, "n_imos": {}, "expected": "416558000-2021-01-08T12:34:55.000000Z"}
{"Index": 69204, "msgid": "be96ff49-3997-544b-b3b2-e8571e3d6d25", "source": "orbcomm", "type": "AIS.18", "ssvid": "416558000", "timestamp": "2021-01-09T01:07:30+00:00", "lon": 52.5836933333, "lat": -9.2433983333, "speed": 7.4000000954, "course": 176.6999969482, "heading": 511.0, "shipname": null, "callsign": null, "destination": null, "imo": null, "shiptype": null, "receiver_type": "satellite", "receiver": "rORBCOMM999", "length": NaN, "width": NaN, "status": NaN, "shipnames": {}, "callsigns": {}, "imos": {}, "n_shipnames": {}, "n_callsigns": {}, "n_imos": {}, "expected": "416558000-2021-01-09T01:07:30.000000Z"}
{"Index": 69205, "msgid": "fd719a2f-0a9e-5cd1-9b78-3d49004f6585", "source": "orbcomm", "type": "AIS.18", "ssvid": "416558000", "timestamp": "2021-01-09T01:09:01+00:00", "lon": 52.5837233333, "lat": -9.2465383333, "speed": 7.4000000954, "course": 180.6000061035, "heading": 511.0, "shipname": null, "callsign": null, "destination": null, "imo": null, "shiptype": null, "receiver_type": "satellite", "receiver": "rORBCOMM999", "length": NaN, "width": NaN, "status": NaN, "shipnames": {}, "callsigns": {}, "imos": {}, "n_shipnames": {}, "n_callsigns": {}, "n_imos": {}, "expected": "416558000-2021-01-09T01:07:30.000000Z"}
{"Index": 69206, "msgid": "60e3f4dc-eb13-51b0-802d-b22d8400d70e", "source": "orbcomm", "type": "AIS.18", "ssvid": "416558000", "timestamp": "2021-01-09T01:10:00+00:00", "lon": 52.5837, "lat": -9.2485983333, "speed": 7.5999999046, "course": 181.6000061035, "heading": 511.0, "shipname": null, "callsign": null, "destination": null, "imo": null, "shiptype": null, "receiver_type": "satellite", "receiver": "rORBCOMM999", "length": NaN, "width": NaN, "status": NaN, "shipnames": {}, "callsigns": {}, "imos": {}, "n_shipnames": {}, "n_callsigns": {}, "n_imos": {}, "expected": "416558000-2021-01-09T01:07:30.000000Z"}
{"Index": 69207, "msgid": "3ba47346-cf6c-5ade-ade4-5688ac7733b8", "source": "orbcomm", "type": "AIS.18", "ssvid": "416558000", "timestamp": "2021-01-09T01:12:00+00:00", "lon": 52.58377, "lat": -9.252705, "speed": 7.5, "course": 180.3000030518, "heading": 511.0, "shipname": null, "callsign": null, "destination": null, "imo": null, "shiptype": null, "receiver_type": "satellite", "receiver": "rORBCOMM999", "length": NaN, "width": NaN, "status": NaN, "shipnames": {}, "callsigns": {}, "imos": {}, "n_shipnames": {}, "n_callsigns": {}, "n_imos": {}, "expected": "416558000-2021-01-09T01:07:30.000000Z"}
{"Index": 69208, "msgid": "3ba47346-cf6c-5ade-ade4-5688ac7733b8", "source": "orbcomm", "type": "AIS.18", "ssvid": "416558000", "timestamp": "2021-01-09T01:12:00+00:00", "lon": 52.58377, "lat": -9.252705, "speed": 7.5, "course": 180.3000030518, "heading": 511.0, "shipname": null, "callsign": null, "destination": null, "imo": null, "shiptype": null, "receiver_type": "satellite", "receiver": "rORBCOMM999", "length": NaN, "width": NaN, "status": NaN, "shipnames": {}, "callsigns": {}, "imos": {}, "expected": null}
{"Index": 69209, "msgid": "cb74b178-6e8e-55e8-972e-d4663b219e35", "source": "orbcomm", "type": "AIS.18", "ssvid": "416558000", "timestamp": "2021-01-09T01:14:02+00:00", "lon": 52.5839066667, "lat": -9.256765, "speed": 6.8000001907, "course": 179.0, "heading": 511.0, "shipname": null, "callsign": null, "destination": null, "imo": null, "shiptype": null, "receiver_type": "satellite", "receiver": "rORBCOMM999", "length": NaN, "width": NaN, "status": NaN, "shipnames": {}, "callsigns": {}, "imos": {}, "n_shipnames": {}, "n_callsigns": {}, "n_imos": {}, "expected": "416558000-2021-01-09T01:07:30.000000Z"}
{"Index": 69210, "msgid": "cb74b178-6e8e-55e8-972e-d4663b219e35", "source": "orbcomm", "type": "AIS.18", "ssvid": "416558000", "timestamp": "2021-01-09T01:14:02+00:00", "lon": 52.5839066667, "lat": -9.256765, "speed": 6.8000001907, "course": 179.0, "heading": 511.0, "shipname": null, "callsign": null, "destination": null, "imo": null, "shiptype": null, "receiver_type": "satellite", "receiver": "rORBCOMM999", "length": NaN, "width": NaN, "status": NaN, "shipnames": {}, "callsigns": {}, "imos": {}, "expected": null}
{"Index": 69211, "msgid": "f10ec857-e09e-5ecc-89dd-47e47b208ef6", "source": "orbcomm", "type": "AIS.18", "ssvid": "416558000", "timestamp": "2021-01-09T01:14:32+00:00", "lon": 52.5839216667, "lat": -9.25773, "speed": 7.0999999046, "course": 181.8000030518, "heading": 511.0, "shipname": null, "callsign": null, "destination": null, "imo": null, "shiptype": null, "receiver_type": "satellite", "receiver": "rORBCOMM999", "length": NaN, "width": NaN, "status": NaN, "shipnames": {}, "callsigns": {}, "imos": {}, "n_shipnames": {}, "n_callsigns": {}, "n_imos": {}, "expected": "416558000-2021-01-09T01:07:30.000000Z"}
{"Index": 69212, "msgid": "8d88479b-517e-5b86-a34f-53a8914c6b6d", "source": "orbcomm", "type": "AIS.18", "ssvid": "416558000", "timestamp": "2021-01-09T02:22:06+00:00", "lon": 52.590885, "lat": -9.39878, "speed": 8.0, "course": 186.3999938965, "heading": 511.0, "shipname": null, "callsign": null, "destination": null, "imo": null, "shiptype": null, "receiver_type": "satellite", "receiver": "rORBCOMM999", "length": NaN, "width": NaN, "status": NaN, "shipnames": {}, "callsigns": {}, "imos": {}, "n_shipnames": {}, "n_callsigns": {}, "n_imos": {}, "expected": "416558000-2021-01-09T01:07:30.000000Z"}
