{"Index": 43422, "msgid": "fba7e731-abbe-5b65-a492-3c61253ff166", "source": "orbcomm", "type": "AIS.19", "ssvid": "412327821", "timestamp": "2021-01-01T06:09:36+00:00", "lon": 122.4517216667, "lat": 36.893355, "speed": 6.6999998093, "course": 126.4000015259, "heading": 511.0, "shipname": "LURONGYU0788", "callsign": null, "destination": null, "imo": null, "shiptype": "Fishing", "receiver_type": "terrestrial", "receiver": "rORBCOMM000", "length": 27.0, "width": 6.0, "status": NaN, "identities": [{"shipname": "LURONGYU0788", "callsign": null, "imo": null, "transponder_type": "AIS-B", "length": 27.0, "width": 6.0, "count": 1}], "destinations": [{"destination": null, "count": 1}], "expected": "412327821-2021-01-01T06:09:36.000000Z"}
{"Index": 43423, "msgid": "20112f58-a2c7-56fb-aff4-d88f0d22d4bb", "source": "orbcomm", "type": "AIS.18", "ssvid": "412327821", "timestamp": "2021-01-01T06:24:19+00:00", "lon": 122.4772683333, "lat": 36.87413, "speed": 7.4000000954, "course": 134.3000030518, "heading": 511.0, "shipname": null, "callsign": null, "destination": null, "imo": null, "shiptype": null, "receiver_type": "terrestrial", "receiver": "rORBCOMM000", "length": NaN, "width": NaN, "status": NaN, "identities": [{"shipname": "LURONGYU0788", "callsign": null, "imo": null, "transponder_type": "AIS-B", "length": 27.0, "width": 6.0, "count": 2}], "destinations": [{"destination": null, "count": 2}], "expected": "412327821-2021-01-01T06:09:36.000000Z"}
{"Index": 43424, "msgid": "bac0989e-7a5f-5160-9b5d-104713344703", "source": "orbcomm", "type": "AIS.19", "ssvid": "412327821", "timestamp": "2021-01-01T06:33:39+00:00", "lon": 122.4926316667, "lat": 36.86017, "speed": 7.9000000954, "course": 172.3999938965, "heading": 511.0, "shipname": "LURONGYU0788", "callsign": null, "destination": null, "imo": null, "shiptype": "Fishing", "receiver_type": "terrestrial", "receiver": "rORBCOMM000", "length": 27.0, "width": 6.0, "status": NaN, "identities": [{"shipname": "LURONGYU0788", "callsign": null, "imo": null, "transponder_type": "AIS-B", "length": 27.0, "width": 6.0, "count": 1}], "destinations": [{"destination": null, "count": 1}], "expected": "412327821-2021-01-01T06:09:36.000000Z"}
{"Index": 43425, "msgid": "af5808ee-6db7-585d-9267-bfbdaf09df06", "source": "orbcomm", "type": "AIS.18", "ssvid": "412327821", "timestamp": "2021-01-01T06:41:16+00:00", "lon": 122.50188, "lat": 36.8451683333, "speed": 8.1999998093, "course": 154.3999938965, "heading": 511.0, "shipname": null, "callsign": null, "destination": null, "imo": null, "shiptype": null, "receiver_type": "terrestrial", "receiver": "rORBCOMM000", "length": NaN, "width": NaN, "status": NaN, "identities": [{"shipname": "LURONGYU0788", "callsign": null, "imo": null, "transponder_type": "AIS-B", "length": 27.0, "width": 6.0, "count": 1}], "destinations": [{"destination": null, "count": 1}], "expected": "412327821-2021-01-01T06:09:36.000000Z"}
{"Index": 43426, "msgid": "52ccd76c-b40d-5a25-97d1-ed9e42f84e20", "source": "orbcomm", "type": "AIS.24", "ssvid": "412327821", "timestamp": "2021-01-01T09:10:46+00:00", "lon": NaN, "lat": NaN, "speed": NaN, "course": NaN, "heading": NaN, "shipname": "LURONGYU50788", "callsign": null, "destination": null, "imo": null, "shiptype": null, "receiver_type": "terrestrial", "receiver": "rORBCOMM000", "length": NaN, "width": NaN, "status": NaN, "identities": {}, "destinations": {}, "expected": "412327821-2021-01-01T09:10:46.000000Z"}
{"Index": 43427, "msgid": "eb5255b0-f8dc-5ea5-b5de-1e646e905669", "source": "orbcomm", "type": "AIS.18", "ssvid": "412327821", "timestamp": "2021-01-01T09:39:17+00:00", "lon": 122.6476033333, "lat": 36.652605, "speed": 8.8999996185, "course": 148.3999938965, "heading": 511.0, "shipname": null, "callsign": null, "destination": null, "imo": null, "shiptype": null, "receiver_type": "terrestrial", "receiver": "rORBCOMM000", "length": NaN, "width": NaN, "status": NaN, "identities": {}, "destinations": {}, "expected": "412327821-2021-01-01T06:09:36.000000Z"}
{"Index": 43428, "msgid": "3d3485af-a792-53ef-b66d-fe0dcf8a94fb", "source": "orbcomm", "type": "AIS.18", "ssvid": "412327821", "timestamp": "2021-01-02T12:52:13+00:00", "lon": 124.6936383333, "lat": 34.43401, "speed": 2.7999999523, "course": 187.6000061035, "heading": 511.0, "shipname": null, "callsign": null, "destination": null, "imo": null, "shiptype": null, "receiver_type": "terrestrial", "receiver": "rORBCOMM000", "length": NaN, "width": NaN, "status": NaN, "identities": {}, "destinations": {}, "expected": "412327821-2021-01-02T12:52:13.000000Z"}
{"Index": 43429, "msgid": "85d82ced-2cee-5a41-86f5-2d4daf1bd0f4", "source": "orbcomm", "type": "AIS.18", "ssvid": "412327821", "timestamp": "2021-01-05T17:11:45+00:00", "lon": 124.7248533333, "lat": 34.4993716667, "speed": 7.0, "course": 300.8999938965, "heading": 511.0, "shipname": null, "callsign": null, "destination": null, "imo": null, "shiptype": null, "receiver_type": "terrestrial", "receiver": "rORBCOMM000", "length": NaN, "width": NaN, "status": NaN, "identities": {}, "destinations": {}, "expected": "412327821-2021-01-05T17:11:45.000000Z"}
