{"Index": 59952, "msgid": "1ef4f2bd-a84b-5947-8c31-f50bc543c08b", "source": "orbcomm", "type": "AIS.18", "ssvid": "416229900", "timestamp": "2021-01-03T23:38:22+00:00", "lon": 65.4590033333, "lat": -7.8692883333, "speed": 1.7000000477, "course": 77.3000030518, "heading": 511.0, "shipname": null, "callsign": null, "destination": null, "imo": null, "shiptype": null, "receiver_type": "satellite", "receiver": "rORBCOMM999", "length": NaN, "width": NaN, "status": NaN, "identities": {}, "destinations": {}, "expected": "416229900-2021-01-03T23:38:22.000000Z"}
{"Index": 59953, "msgid": "1ef4f2bd-a84b-5947-8c31-f50bc543c08b", "source": "orbcomm", "type": "AIS.18", "ssvid": "416229900", "timestamp": "2021-01-03T23:38:22+00:00", "lon": 65.4590033333, "lat": -7.8692883333, "speed": 1.7000000477, "course": 77.3000030518, "heading": 511.0, "shipname": null, "callsign": null, "destination": null, "imo": null, "shiptype": null, "receiver_type": "satellite", "receiver": "rORBCOMM999", "length": NaN, "width": NaN, "status": NaN, "identities": {}, "destinations": {}, "expected": null}
{"Index": 59954, "msgid": "c22a2f59-8ce5-56ee-9e4b-8993f57bcdee", "source": "orbcomm", "type": "AIS.24", "ssvid": "416229900", "timestamp": "2021-01-04T00:50:17+00:00", "lon": NaN, "lat": NaN, "speed": NaN, "course": NaN, "heading": NaN, "shipname": "DER HAE NO.2", "callsign": null, "destination": null, "imo": null, "shiptype": null, "receiver_type": "satellite", "receiver": "rORBCOMM999", "length": NaN, "width": NaN, "status": NaN, "identities": {}, "destinations": {}, "expected": "416229900-2021-01-04T00:50:17.000000Z"}
{"Index": 59955, "msgid": "8f09e789-6562-5e21-8d05-32a41dc42c83", "source": "orbcomm", "type": "AIS.18", "ssvid": "416229900", "timestamp": "2021-01-04T01:14:40+00:00", "lon": 65.4801383333, "lat": -8.001825, "speed": 5.4000000954, "course": 193.8999938965, "heading": 511.0, "shipname": null, "callsign": null, "destination": null, "imo": null, "shiptype": null, "receiver_type": "satellite", "receiver": "rORBCOMM999", "length": NaN, "width": NaN, "status": NaN, "identities": {}, "destinations": {}, "expected": "416229900-2021-01-03T23:38:22.000000Z"}
{"Index": 59956, "msgid": "cd05d76d-5251-56c9-b730-be2010957764", "source": "orbcomm", "type": "AIS.18", "ssvid": "416229900", "timestamp": "2021-01-04T07:58:14+00:00", "lon": 65.42719, "lat": -8.270975, "speed": 6.3000001907, "course": 340.299987793, "heading": 511.0, "shipname": null, "callsign": null, "destination": null, "imo": null, "shiptype": null, "receiver_type": "satellite", "receiver": "rORBCOMM999", "length": NaN, "width": NaN, "status": NaN, "identities": {}, "destinations": {}, "expected": "416229900-2021-01-03T23:38:22.000000Z"}
{"Index": 59957, "msgid": "19ec5ca2-f5d0-59bd-8386-63d7f74f6d97", "source": "orbcomm", "type": "AIS.18", "ssvid": "416229900", "timestamp": "2021-01-04T09:41:04+00:00", "lon": 65.45712, "lat": -8.1618516667, "speed": 5.0999999046, "course": 208.3000030518, "heading": 511.0, "shipname": null, "callsign": null, "destination": null, "imo": null, "shiptype": null, "receiver_type": "satellite", "receiver": "rORBCOMM999", "length": NaN, "width": NaN, "status": NaN, "identities": {}, "destinations": {}, "expected": "416229900-2021-01-03T23:38:22.000000Z"}
{"Index": 59958, "msgid": "9c8f7876-e342-5504-be67-a299475fcde4", "source": "orbcomm", "type": "AIS.18", "ssvid": "416229900", "timestamp": "2021-01-04T11:37:06+00:00", "lon": 65.4587883333, "lat": -8.2707433333, "speed": 3.7999999523, "course": 189.6000061035, "heading": 511.0, "shipname": null, "callsign": null, "destination": null, "imo": null, "shiptype": null, "receiver_type": "satellite", "receiver": "rORBCOMM999", "length": NaN, "width": NaN, "status": NaN, "identities": {}, "destinations": {}, "expected": "416229900-2021-01-03T23:38:22.000000Z"}
{"Index": 59959, "msgid": "9c8f7876-e342-5504-be67-a299475fcde4", "source": "orbcomm", "type": "AIS.18", "ssvid": "416229900", "timestamp": "2021-01-04T11:37:06+00:00", "lon": 65.4587883333, "lat": -8.2707433333, "speed": 3.7999999523, "course": 189.6000061035, "heading": 511.0, "shipname": null, "callsign": null, "destination": null, "imo": null, "shiptype": null, "receiver_type": "satellite", "receiver": "rORBCOMM999", "length": NaN, "width": NaN, "status": NaN, "identities": {}, "destinations": {}, "expected": null}
{"Index": 59960, "msgid": "a26dd71f-c371-565f-b7c4-d51be0842786", "source": "orbcomm", "type": "AIS.18", "ssvid": "416229900", "timestamp": "2021-01-04T20:48:30+00:00", "lon": 65.3304833333, "lat": -8.1825016667, "speed": 1.3999999762, "course": 10.6999998093, "heading": 511.0, "shipname": null, "callsign": null, "destination": null, "imo": null, "shiptype": null, "receiver_type": "satellite", "receiver": "rORBCOMM999", "length": NaN, "width": NaN, "status": NaN, "identities": {}, "destinations": {}, "expected": "416229900-2021-01-03T23:38:22.000000Z"}
{"Index": 59961, "msgid": "dd25b5a1-333f-5271-b4e5-464642a2264d", "source": "orbcomm", "type": "AIS.18", "ssvid": "416229900", "timestamp": "2021-01-04T23:54:38+00:00", "lon": 65.49759, "lat": -8.0821066667, "speed": 7.5, "course": 80.0999984741, "heading": 511.0, "shipname": null, "callsign": null, "destination": null, "imo": null, "shiptype": null, "receiver_type": "satellite", "receiver": "rORBCOMM999", "length": NaN, "width": NaN, "status": NaN, "identities": [{"shipname": null, "callsign": "BJ4980", "imo": null, "transponder_type": "AIS-B", "length": 0.0, "width": 0.0, "count": 1}], "destinations": [{"destination": null, "count": 1}], "expected": "416229900-2021-01-03T23:38:22.000000Z"}
{"Index": 59962, "msgid": "988b509a-5218-505e-bce9-eadf4e8eee26", "source": "orbcomm", "type": "AIS.24", "ssvid": "416229900", "timestamp": "2021-01-04T23:56:17+00:00", "lon": NaN, "lat": NaN, "speed": NaN, "course": NaN, "heading": NaN, "shipname": null, "callsign": "BJ4980", "destination": null, "imo": null, "shiptype": "Fishing", "receiver_type": "satellite", "receiver": "rORBCOMM999", "length": 0.0, "width": 0.0, "status": NaN, "identities": {}, "destinations": {}, "expected": "416229900-2021-01-04T23:56:17.000000Z"}
{"Index": 59963, "msgid": "3d3fd948-ac47-50b4-92b9-e8a5fa3172c7", "source": "orbcomm", "type": "AIS.18", "ssvid": "416229900", "timestamp": "2021-01-05T19:16:37+00:00", "lon": 65.8182816667, "lat": -8.1517933333, "speed": 2.5999999046, "course": 336.799987793, "heading": 511.0, "shipname": null, "callsign": null, "destination": null, "imo": null, "shiptype": null, "receiver_type": "satellite", "receiver": "rORBCOMM999", "length": NaN, "width": NaN, "status": NaN, "identities": {}, "destinations": {}, "expected": "416229900-2021-01-03T23:38:22.000000Z"}
{"Index": 59964, "msgid": "62fd4978-14e9-599e-84fd-1c1958de181e", "source": "orbcomm", "type": "AIS.18", "ssvid": "416229900", "timestamp": "2021-01-05T19:51:40+00:00", "lon": 65.8156583333, "lat": -8.1227683333, "speed": 2.7000000477, "course": 54.9000015259, "heading": 511.0, "shipname": null, "callsign": null, "destination": null, "imo": null, "shiptype": null, "receiver_type": "satellite", "receiver": "rORBCOMM999", "length": NaN, "width": NaN, "status": NaN, "identities": {}, "destinations": {}, "expected": "416229900-2021-01-03T23:38:22.000000Z"}
{"Index": 59965, "msgid": "3d036ea5-8c8a-56d2-b740-33fbb7a13844", "source": "orbcomm", "type": "AIS.18", "ssvid": "416229900", "timestamp": "2021-01-06T07:12:44+00:00", "lon": 66.0305716667, "lat": -8.386075, "speed": 5.5999999046, "course": 286.3999938965, "heading": 511.0, "shipname": null, "callsign": null, "destination": null, "imo": null, "shiptype": null, "receiver_type": "satellite", "receiver": "rORBCOMM999", "length": NaN, "width": NaN, "status": NaN, "identities": {}, "destinations": {}, "expected": "416229900-2021-01-03T23:38:22.000000Z"}
{"Index": 59966, "msgid": "7788e400-9405-5364-bba1-35c62e4a7034", "source": "orbcomm", "type": "AIS.18", "ssvid": "416229900", "timestamp": "2021-01-07T12:31:18+00:00", "lon": 64.1476916667, "lat": -10.2049433333, "speed": 6.4000000954, "course": 228.8999938965, "heading": 511.0, "shipname": null, "callsign": null, "destination": null, "imo": null, "shiptype": null, "receiver_type": "satellite", "receiver": "rORBCOMM999", "length": NaN, "width": NaN, "status": NaN, "identities": {}, "destinations": {}, "expected": "416229900-2021-01-07T12:31:18.000000Z"}
{"Index": 59967, "msgid": "1054c717-3200-5c4f-a6fe-6da85edbdbd2", "source": "orbcomm", "type": "AIS.18", "ssvid": "416229900", "timestamp": "2021-01-07T19:04:20+00:00", "lon": 63.4783416667, "lat": -10.64309, "speed": 7.5999999046, "course": 241.6999969482, "heading": 511.0, "shipname": null, "callsign": null, "destination": null, "imo": null, "shiptype": null, "receiver_type": "satellite", "receiver": "rORBCOMM999", "length": NaN, "width": NaN, "status": NaN, "identities": {}, "destinations": {}, "expected": "416229900-2021-01-07T12:31:18.000000Z"}
{"Index": 59968, "msgid": "d1846a0a-0819-5f36-929e-811490067e4d", "source": "orbcomm", "type": "AIS.18", "ssvid": "416229900", "timestamp": "2021-01-08T00:53:03+00:00", "lon": 62.974205, "lat": -11.113695, "speed": 6.9000000954, "course": 184.3999938965, "heading": 511.0, "shipname": null, "callsign": null, "destination": null, "imo": null, "shiptype": null, "receiver_type": "satellite", "receiver": "rORBCOMM999", "length": NaN, "width": NaN, "status": NaN, "identities": {}, "destinations": {}, "expected": "416229900-2021-01-07T12:31:18.000000Z"}
{"Index": 59969, "msgid": "c7c08e1f-18b1-5802-8cf8-4a056576b8c7", "source": "orbcomm", "type": "AIS.18", "ssvid": "416229900", "timestamp": "2021-01-08T02:41:37+00:00", "lon": 62.9311366667, "lat": -11.3186533333, "speed": 6.6999998093, "course": 192.6999969482, "heading": 511.0, "shipname": null, "callsign": null, "destination": null, "imo": null, "shiptype": null, "receiver_type": "satellite", "receiver": "rORBCOMM999", "length": NaN, "width": NaN, "status": NaN, "identities": {}, "destinations": {}, "expected": "416229900-2021-01-07T12:31:18.000000Z"}
{"Index": 59970, "msgid": "26e6a89f-6412-55d7-bdf7-2f24f935dcfa", "source": "orbcomm", "type": "AIS.24", "ssvid": "416229900", "timestamp": "2021-01-08T03:14:25+00:00", "lon": NaN, "lat": NaN, "speed": NaN, "course": NaN, "heading": NaN, "shipname": "DER HAE NO.2", "callsign": null, "destination": null, "imo": null, "shiptype": null, "receiver_type": "satellite", "receiver": "rORBCOMM999", "length": NaN, "width": NaN, "status": NaN, "identities": {}, "destinations": {}, "expected": "416229900-2021-01-08T03:14:25.000000Z"}
{"Index": 59971, "msgid": "b42d2e5c-ce08-5cbb-825b-f247d8d73529", "source": "orbcomm", "type": "AIS.18", "ssvid": "416229900", "timestamp": "2021-01-08T04:21:06+00:00", "lon": 62.8890733333, "lat": -11.2080033333, "speed": 7.0999999046, "course": 25.2999992371, "heading": 511.0, "shipname": null, "callsign": null, "destination": null, "imo": null, "shiptype": null, "receiver_type": "satellite", "receiver": "rORBCOMM999", "length": NaN, "width": NaN, "status": NaN, "identities": {}, "destinations": {}, "expected": "416229900-2021-01-07T12:31:18.000000Z"}
{"Index": 59972, "msgid": "b42d2e5c-ce08-5cbb-825b-f247d8d73529", "source": "orbcomm", "type": "AIS.18", "ssvid": "416229900", "timestamp": "2021-01-08T04:21:06+00:00", "lon": 62.8890733333, "lat": -11.2080033333, "speed": 7.0999999046, "course": 25.2999992371, "heading": 511.0, "shipname": null, "callsign": null, "destination": null, "imo": null, "shiptype": null, "receiver_type": "satellite", "receiver": "rORBCOMM999", "length": NaN, "width": NaN, "status": NaN, "identities": {}, "destinations": {}, "expected": null}
{"Index": 59973, "msgid": "b42d2e5c-ce08-5cbb-825b-f247d8d73529", "source": "orbcomm", "type": "AIS.18", "ssvid": "416229900", "timestamp": "2021-01-08T04:21:06+00:00", "lon": 62.8890733333, "lat": -11.2080033333, "speed": 7.0999999046, "course": 25.2999992371, "heading": 511.0, "shipname": null, "callsign": null, "destination": null, "imo": null, "shiptype": null, "receiver_type": "satellite", "receiver": "rORBCOMM999", "length": NaN, "width": NaN, "status": NaN, "identities": {}, "destinations": {}, "expected": null}
{"Index": 59974, "msgid": "d70d0875-e5a1-5d1b-b94e-6bcdb8d3148a", "source": "orbcomm", "type": "AIS.18", "ssvid": "416229900", "timestamp": "2021-01-08T04:57:36+00:00", "lon": 62.9216266667, "lat": -11.1463233333, "speed": 7.5999999046, "course": 35.0999984741, "heading": 511.0, "shipname": null, "callsign": null, "destination": null, "imo": null, "shiptype": null, "receiver_type": "satellite", "receiver": "rORBCOMM999", "length": NaN, "width": NaN, "status": NaN, "identities": {}, "destinations": {}, "expected": "416229900-2021-01-07T12:31:18.000000Z"}
{"Index": 59975, "msgid": "1d782c32-eb42-598a-9aea-ab3f2883ff9c", "source": "orbcomm", "type": "AIS.18", "ssvid": "416229900", "timestamp": "2021-01-08T08:10:42+00:00", "lon": 62.9751666667, "lat": -11.2604033333, "speed": 4.5, "course": 225.1000061035, "heading": 511.0, "shipname": null, "callsign": null, "destination": null, "imo": null, "shiptype": null, "receiver_type": "satellite", "receiver": "rORBCOMM999", "length": NaN, "width": NaN, "status": NaN, "identities": {}, "destinations": {}, "expected": "416229900-2021-01-07T12:31:18.000000Z"}
{"Index": 59976, "msgid": "b84dff10-378c-5c6c-bb03-c77bb80896b2", "source": "orbcomm", "type": "AIS.18", "ssvid": "416229900", "timestamp": "2021-01-08T12:49:55+00:00", "lon": 62.9169033333, "lat": -11.4233333333, "speed": 2.9000000954, "course": 37.4000015259, "heading": 511.0, "shipname": null, "callsign": null, "destination": null, "imo": null, "shiptype": null, "receiver_type": "satellite", "receiver": "rORBCOMM999", "length": NaN, "width": NaN, "status": NaN, "identities": [{"shipname": "DER HAE NO.2", "callsign": null, "imo": null, "transponder_type": "AIS-B", "length": NaN, "width": NaN, "count": 1}, {"shipname": null, "callsign": "BJ4980", "imo": null, "transponder_type": "AIS-B", "length": 0.0, "width": 0.0, "count": 1}], "destinations": [{"destination": null, "count": 2}], "expected": "416229900-2021-01-07T12:31:18.000000Z"}
{"Index": 59977, "msgid": "946da6f2-ee27-58d7-a603-37347178ea1d", "source": "orbcomm", "type": "AIS.24", "ssvid": "416229900", "timestamp": "2021-01-08T12:50:24+00:00", "lon": NaN, "lat": NaN, "speed": NaN, "course": NaN, "heading": NaN, "shipname": "DER HAE NO.2", "callsign": null, "destination": null, "imo": null, "shiptype": null, "receiver_type": "satellite", "receiver": "rORBCOMM999", "length": NaN, "width": NaN, "status": NaN, "identities": {}, "destinations": {}, "expected": "416229900-2021-01-08T12:50:24.000000Z"}
{"Index": 59978, "msgid": "b6ffaa1b-c97e-5cf6-a75f-4a7d75bac43e", "source": "orbcomm", "type": "AIS.24", "ssvid": "416229900", "timestamp": "2021-01-08T12:50:25+00:00", "lon": NaN, "lat": NaN, "speed": NaN, "course": NaN, "heading": NaN, "shipname": null, "callsign": "BJ4980", "destination": null, "imo": null, "shiptype": "Fishing", "receiver_type": "satellite", "receiver": "rORBCOMM999", "length": 0.0, "width": 0.0, "status": NaN, "identities": {}, "destinations": {}, "expected": "416229900-2021-01-08T12:50:25.000000Z"}
{"Index": 59979, "msgid": "5e75162f-2ec7-5c9d-9664-1dde1e1a2104", "source": "orbcomm", "type": "AIS.18", "ssvid": "416229900", "timestamp": "2021-01-08T12:51:25+00:00", "lon": 62.916945, "lat": -11.4222316667, "speed": 2.2000000477, "course": 359.299987793, "heading": 511.0, "shipname": null, "callsign": null, "destination": null, "imo": null, "shiptype": null, "receiver_type": "satellite", "receiver": "rORBCOMM999", "length": NaN, "width": NaN, "status": NaN, "identities": [{"shipname": "DER HAE NO.2", "callsign": null, "imo": null, "transponder_type": "AIS-B", "length": NaN, "width": NaN, "count": 1}, {"shipname": null, "callsign": "BJ4980", "imo": null, "transponder_type": "AIS-B", "length": 0.0, "width": 0.0, "count": 1}], "destinations": [{"destination": null, "count": 2}], "expected": "416229900-2021-01-07T12:31:18.000000Z"}
{"Index": 59980, "msgid": "b2bc3976-2f65-5411-bbfd-23c7983e042b", "source": "orbcomm", "type": "AIS.18", "ssvid": "416229900", "timestamp": "2021-01-08T12:53:30+00:00", "lon": 62.9173366667, "lat": -11.4208666667, "speed": 3.4000000954, "course": 1.0, "heading": 511.0, "shipname": null, "callsign": null, "destination": null, "imo": null, "shiptype": null, "receiver_type": "satellite", "receiver": "rORBCOMM999", "length": NaN, "width": NaN, "status": NaN, "identities": [{"shipname": "DER HAE NO.2", "callsign": null, "imo": null, "transponder_type": "AIS-B", "length": NaN, "width": NaN, "count": 1}, {"shipname": null, "callsign": "BJ4980", "imo": null, "transponder_type": "AIS-B", "length": 0.0, "width": 0.0, "count": 1}], "destinations": [{"destination": null, "count": 2}], "expected": "416229900-2021-01-07T12:31:18.000000Z"}
{"Index": 59981, "msgid": "d26213b2-7fcd-59b7-be65-68cf33c8f703", "source": "orbcomm", "type": "AIS.18", "ssvid": "416229900", "timestamp": "2021-01-08T14:09:01+00:00", "lon": 62.922195, "lat": -11.367735, "speed": 2.9000000954, "course": 26.6000003815, "heading": 511.0, "shipname": null, "callsign": null, "destination": null, "imo": null, "shiptype": null, "receiver_type": "satellite", "receiver": "rORBCOMM999", "length": NaN, "width": NaN, "status": NaN, "identities": {}, "destinations": {}, "expected": "416229900-2021-01-07T12:31:18.000000Z"}
{"Index": 59982, "msgid": "98db1c79-452b-5bdb-9b5a-8d771cb25685", "source": "orbcomm", "type": "AIS.18", "ssvid": "416229900", "timestamp": "2021-01-08T15:11:03+00:00", "lon": 62.9302483333, "lat": -11.3425616667, "speed": 1.7000000477, "course": 33.7999992371, "heading": 511.0, "shipname": null, "callsign": null, "destination": null, "imo": null, "shiptype": null, "receiver_type": "satellite", "receiver": "rORBCOMM999", "length": NaN, "width": NaN, "status": NaN, "identities": {}, "destinations": {}, "expected": "416229900-2021-01-07T12:31:18.000000Z"}
{"Index": 59983, "msgid": "d0ba03d3-2342-5012-a582-c08852a37809", "source": "orbcomm", "type": "AIS.18", "ssvid": "416229900", "timestamp": "2021-01-08T15:13:03+00:00", "lon": 62.9308016667, "lat": -11.3409666667, "speed": 2.2999999523, "course": 356.1000061035, "heading": 511.0, "shipname": null, "callsign": null, "destination": null, "imo": null, "shiptype": null, "receiver_type": "satellite", "receiver": "rORBCOMM999", "length": NaN, "width": NaN, "status": NaN, "identities": {}, "destinations": {}, "expected": "416229900-2021-01-07T12:31:18.000000Z"}
{"Index": 59984, "msgid": "a0fc9390-ea62-595b-bf77-fd11ab9169d0", "source": "orbcomm", "type": "AIS.18", "ssvid": "416229900", "timestamp": "2021-01-09T01:11:27+00:00", "lon": 62.0393033333, "lat": -11.66339, "speed": 7.4000000954, "course": 252.8999938965, "heading": 511.0, "shipname": null, "callsign": null, "destination": null, "imo": null, "shiptype": null, "receiver_type": "satellite", "receiver": "rORBCOMM999", "length": NaN, "width": NaN, "status": NaN, "identities": {}, "destinations": {}, "expected": "416229900-2021-01-07T12:31:18.000000Z"}
{"Index": 59985, "msgid": "d297c6ae-6ee2-5cf7-9fd6-7548f0fd8453", "source": "orbcomm", "type": "AIS.18", "ssvid": "416229900", "timestamp": "2021-01-09T01:39:29+00:00", "lon": 61.9858016667, "lat": -11.68365, "speed": 7.4000000954, "course": 258.5, "heading": 511.0, "shipname": null, "callsign": null, "destination": null, "imo": null, "shiptype": null, "receiver_type": "satellite", "receiver": "rORBCOMM999", "length": NaN, "width": NaN, "status": NaN, "identities": {}, "destinations": {}, "expected": "416229900-2021-01-07T12:31:18.000000Z"}
{"Index": 59986, "msgid": "976f85c5-0459-5d3a-993d-77a670ae08a3", "source": "orbcomm", "type": "AIS.18", "ssvid": "416229900", "timestamp": "2021-01-09T02:19:42+00:00", "lon": 61.9406283333, "lat": -11.7026983333, "speed": 0.8000000119, "course": 64.5, "heading": 511.0, "shipname": null, "callsign": null, "destination": null, "imo": null, "shiptype": null, "receiver_type": "satellite", "receiver": "rORBCOMM999", "length": NaN, "width": NaN, "status": NaN, "identities": {}, "destinations": {}, "expected": "416229900-2021-01-07T12:31:18.000000Z"}
{"Index": 59987, "msgid": "dab798d5-8d43-59c5-a3b8-610f570a547d", "source": "orbcomm", "type": "AIS.18", "ssvid": "416229900", "timestamp": "2021-01-09T02:19:43+00:00", "lon": 61.9406283333, "lat": -11.7026983333, "speed": 0.8000000119, "course": 64.5, "heading": 511.0, "shipname": null, "callsign": null, "destination": null, "imo": null, "shiptype": null, "receiver_type": "satellite", "receiver": "rORBCOMM999", "length": NaN, "width": NaN, "status": NaN, "identities": {}, "destinations": {}, "expected": null}
{"Index": 59988, "msgid": "dab798d5-8d43-59c5-a3b8-610f570a547d", "source": "orbcomm", "type": "AIS.18", "ssvid": "416229900", "timestamp": "2021-01-09T02:19:43+00:00", "lon": 61.9406283333, "lat": -11.7026983333, "speed": 0.8000000119, "course": 64.5, "heading": 511.0, "shipname": null, "callsign": null, "destination": null, "imo": null, "shiptype": null, "receiver_type": "satellite", "receiver": "rORBCOMM999", "length": NaN, "width": NaN, "status": NaN, "identities": {}, "destinations": {}, "expected": null}
{"Index": 59989, "msgid": "d87f6e5e-9488-5d03-beb8-c90e9104dd27", "source": "orbcomm", "type": "AIS.24", "ssvid": "416229900", "timestamp": "2021-01-09T15:26:28+00:00", "lon": NaN, "lat": NaN, "speed": NaN, "course": NaN, "heading": NaN, "shipname": "DER HAE NO.2", "callsign": null, "destination": null, "imo": null, "shiptype": null, "receiver_type": "satellite", "receiver": "rORBCOMM999", "length": NaN, "width": NaN, "status": NaN, "identities": {}, "destinations": {}, "expected": "416229900-2021-01-09T15:26:28.000000Z"}
