{"Index": 93758, "msgid": "66a34aa8-314c-5bf3-9f63-2362c680c8ec", "source": "orbcomm", "type": "AIS.18", "ssvid": "600000019", "timestamp": "2021-01-02T02:32:54+00:00", "lon": 118.7157316667, "lat": 24.59878, "speed": 9.1999998093, "course": 348.299987793, "heading": 348.0, "shipname": null, "callsign": null, "destination": null, "imo": null, "shiptype": null, "receiver_type": "terrestrial", "receiver": "rORBCOMM000", "length": NaN, "width": NaN, "status": NaN, "shipnames": {}, "callsigns": {}, "imos": {}, "n_shipnames": {}, "n_callsigns": {}, "n_imos": {}, "expected": "600000019-2021-01-02T02:32:54.000000Z"}
{"Index": 93759, "msgid": "010511a3-ab7b-5328-8037-28983aa10020", "source": "orbcomm", "type": "AIS.18", "ssvid": "600000019", "timestamp": "2021-01-02T02:50:05+00:00", "lon": 118.7061516667, "lat": 24.6368566667, "speed": 8.8000001907, "course": 339.8999938965, "heading": 338.0, "shipname": null, "callsign": null, "destination": null, "imo": null, "shiptype": null, "receiver_type": "terrestrial", "receiver": "rORBCOMM000", "length": NaN, "width": NaN, "status": NaN, "shipnames": {"YUE YANG JIANG00019": 1}, "callsigns": {}, "imos": {}, "n_shipnames": {"null": 1}, "n_callsigns": {}, "n_imos": {}, "expected": "600000019-2021-01-02T02:32:54.000000Z"}
{"Index": 93760, "msgid": "59003adc-6f59-5381-a532-8ff6a4c5324c", "source": "orbcomm", "type": "AIS.24", "ssvid": "600000019", "timestamp": "2021-01-02T02:51:54+00:00", "lon": NaN, "lat": NaN, "speed": NaN, "course": NaN, "heading": NaN, "shipname": "YUE YANG JIANG00019", "callsign": null, "destination": null, "imo": null, "shiptype": null, "receiver_type": "terrestrial", "receiver": "rORBCOMM000", "length": NaN, "width": NaN, "status": NaN, "shipnames": {}, "callsigns": {}, "imos": {}, "expected": "600000019-2021-01-02T02:51:54.000000Z"}
{"Index": 93761, "msgid": "f7a32779-61e0-5f49-a16e-f36b9be19b9b", "source": "orbcomm", "type": "AIS.24", "ssvid": "600000019", "timestamp": "2021-01-02T15:47:57+00:00", "lon": NaN, "lat": NaN, "speed": NaN, "course": NaN, "heading": NaN, "shipname": "YUE YANG JIANG00019", "callsign": null, "destination": null, "imo": null, "shiptype": null, "receiver_type": "terrestrial", "receiver": "rORBCOMM000", "length": NaN, "width": NaN, "status": NaN, "shipnames": {}, "callsigns": {}, "imos": {}, "expected": "600000019-2021-01-02T15:47:57.000000Z"}
{"Index": 93762, "msgid": "2eb49ba2-e6f2-55f5-89f7-4b4b1658d2bb", "source": "orbcomm", "type": "AIS.18", "ssvid": "600000019", "timestamp": "2021-01-02T15:53:20+00:00", "lon": 118.715415, "lat": 24.6415366667, "speed": 6.5999999046, "course": 116.4000015259, "heading": 123.0, "shipname": null, "callsign": null, "destination": null, "imo": null, "shiptype": null, "receiver_type": "terrestrial", "receiver": "rORBCOMM000", "length": NaN, "width": NaN, "status": NaN, "shipnames": {"YUE YANG JIANG00019": 1}, "callsigns": {}, "imos": {}, "n_shipnames": {"null": 1}, "n_callsigns": {}, "n_imos": {}, "expected": "600000019-2021-01-02T15:53:20.000000Z"}
{"Index": 93763, "msgid": "f817935c-d6f0-529d-9d1a-00bb0bddecec", "source": "orbcomm", "type": "AIS.18", "ssvid": "600000019", "timestamp": "2021-01-02T16:14:52+00:00", "lon": 118.7519233333, "lat": 24.6244883333, "speed": 4.6999998093, "course": 122.9000015259, "heading": 122.0, "shipname": null, "callsign": null, "destination": null, "imo": null, "shiptype": null, "receiver_type": "terrestrial", "receiver": "rORBCOMM000", "length": NaN, "width": NaN, "status": NaN, "shipnames": {}, "callsigns": {}, "imos": {}, "n_shipnames": {}, "n_callsigns": {}, "n_imos": {}, "expected": "600000019-2021-01-02T15:53:20.000000Z"}
{"Index": 93764, "msgid": "4c281e97-cf98-505d-bf7c-ed7d93ab48b3", "source": "orbcomm", "type": "AIS.24", "ssvid": "600000019", "timestamp": "2021-01-03T16:29:30+00:00", "lon": NaN, "lat": NaN, "speed": NaN, "course": NaN, "heading": NaN, "shipname": null, "callsign": "00019", "destination": null, "imo": null, "shiptype": "Fishing", "receiver_type": "terrestrial", "receiver": "rORBCOMM000", "length": 36.0, "width": 6.0, "status": NaN, "shipnames": {}, "callsigns": {}, "imos": {}, "expected": "600000019-2021-01-03T16:29:30.000000Z"}
{"Index": 93765, "msgid": "61391c80-de5c-5675-98f3-5c583109fbbd", "source": "orbcomm", "type": "AIS.18", "ssvid": "600000019", "timestamp": "2021-01-03T16:45:18+00:00", "lon": 118.7620833333, "lat": 24.5757516667, "speed": 3.2000000477, "course": 214.1999969482, "heading": 190.0, "shipname": null, "callsign": null, "destination": null, "imo": null, "shiptype": null, "receiver_type": "terrestrial", "receiver": "rORBCOMM000", "length": NaN, "width": NaN, "status": NaN, "shipnames": {}, "callsigns": {}, "imos": {}, "n_shipnames": {}, "n_callsigns": {}, "n_imos": {}, "expected": "600000019-2021-01-03T16:45:18.000000Z"}
{"Index": 93766, "msgid": "d282fc47-7182-5d4e-b906-be14e9578e45", "source": "orbcomm", "type": "AIS.18", "ssvid": "600000019", "timestamp": "2021-01-04T04:18:44+00:00", "lon": 118.7030433333, "lat": 24.6220466667, "speed": 8.8999996185, "course": 339.5, "heading": 336.0, "shipname": null, "callsign": null, "destination": null, "imo": null, "shiptype": null, "receiver_type": "terrestrial", "receiver": "rORBCOMM000", "length": NaN, "width": NaN, "status": NaN, "shipnames": {}, "callsigns": {}, "imos": {}, "n_shipnames": {}, "n_callsigns": {}, "n_imos": {}, "expected": "600000019-2021-01-04T04:18:44.000000Z"}
{"Index": 93767, "msgid": "1ec4ee00-50ae-52d4-a0be-ca83b4b553bb", "source": "orbcomm", "type": "AIS.18", "ssvid": "600000019", "timestamp": "2021-01-04T04:35:22+00:00", "lon": 118.6868933333, "lat": 24.65162, "speed": 4.5, "course": 320.299987793, "heading": 320.0, "shipname": null, "callsign": null, "destination": null, "imo": null, "shiptype": null, "receiver_type": "terrestrial", "receiver": "rORBCOMM000", "length": NaN, "width": NaN, "status": NaN, "shipnames": {}, "callsigns": {}, "imos": {}, "n_shipnames": {}, "n_callsigns": {}, "n_imos": {}, "expected": "600000019-2021-01-04T04:18:44.000000Z"}
{"Index": 93768, "msgid": "f82e5783-94a6-5c9d-a7cd-b5ecfc7a4a00", "source": "orbcomm", "type": "AIS.18", "ssvid": "600000019", "timestamp": "2021-01-07T20:42:47+00:00", "lon": 118.703985, "lat": 24.6402416667, "speed": 7.5, "course": 125.9000015259, "heading": 125.0, "shipname": null, "callsign": null, "destination": null, "imo": null, "shiptype": null, "receiver_type": "terrestrial", "receiver": "rORBCOMM000", "length": NaN, "width": NaN, "status": NaN, "shipnames": {}, "callsigns": {}, "imos": {}, "n_shipnames": {}, "n_callsigns": {}, "n_imos": {}, "expected": "600000019-2021-01-07T20:42:47.000000Z"}
{"Index": 93769, "msgid": "d5eb4e2a-718f-5074-ac7b-ab2907a1abe8", "source": "orbcomm", "type": "AIS.18", "ssvid": "600000019", "timestamp": "2021-01-07T21:01:48+00:00", "lon": 118.73633, "lat": 24.6167816667, "speed": 7.6999998093, "course": 140.3000030518, "heading": 140.0, "shipname": null, "callsign": null, "destination": null, "imo": null, "shiptype": null, "receiver_type": "terrestrial", "receiver": "rORBCOMM000", "length": NaN, "width": NaN, "status": NaN, "shipnames": {}, "callsigns": {}, "imos": {}, "n_shipnames": {}, "n_callsigns": {}, "n_imos": {}, "expected": "600000019-2021-01-07T20:42:47.000000Z"}
{"Index": 93770, "msgid": "83b7d768-16e9-598d-bcee-a09980c1a204", "source": "orbcomm", "type": "AIS.18", "ssvid": "600000019", "timestamp": "2021-01-08T07:23:19+00:00", "lon": 118.702595, "lat": 24.612685, "speed": 7.6999998093, "course": 8.8000001907, "heading": 19.0, "shipname": null, "callsign": null, "destination": null, "imo": null, "shiptype": null, "receiver_type": "terrestrial", "receiver": "rORBCOMM000", "length": NaN, "width": NaN, "status": NaN, "shipnames": {}, "callsigns": {"00019": 1}, "imos": {}, "n_shipnames": {}, "n_callsigns": {"null": 1}, "n_imos": {}, "expected": "600000019-2021-01-08T07:23:19.000000Z"}
{"Index": 93771, "msgid": "507e1bdf-c532-5960-8c69-a98b804c703e", "source": "orbcomm", "type": "AIS.24", "ssvid": "600000019", "timestamp": "2021-01-08T07:36:24+00:00", "lon": NaN, "lat": NaN, "speed": NaN, "course": NaN, "heading": NaN, "shipname": null, "callsign": "00019", "destination": null, "imo": null, "shiptype": "Fishing", "receiver_type": "terrestrial", "receiver": "rORBCOMM000", "length": 36.0, "width": 6.0, "status": NaN, "shipnames": {}, "callsigns": {}, "imos": {}, "expected": "600000019-2021-01-08T07:36:24.000000Z"}
