{"Index": 54230, "msgid": "f24c059c-a3d4-5c32-8fd6-0cbd999ba3c4", "source": "orbcomm", "type": "AIS.24", "ssvid": "413222000", "timestamp": "2021-01-05T19:55:37+00:00", "lon": NaN, "lat": NaN, "speed": NaN, "course": NaN, "heading": NaN, "shipname": "DONGFANGXING28", "callsign": null, "destination": null, "imo": null, "shiptype": null, "receiver_type": "terrestrial", "receiver": "rORBCOMM000", "length": NaN, "width": NaN, "status": NaN, "identities": {}, "destinations": {}, "expected": "413222000-2021-01-05T19:55:37.000000Z"}
{"Index": 54231, "msgid": "c2e8d25e-de00-5bff-9ecd-ef65b9a074c1", "source": "orbcomm", "type": "AIS.18", "ssvid": "413222000", "timestamp": "2021-01-05T21:40:11+00:00", "lon": 121.6556133333, "lat": 28.280405, "speed": 6.9000000954, "course": 330.200012207, "heading": 330.0, "shipname": null, "callsign": null, "destination": null, "imo": null, "shiptype": null, "receiver_type": "terrestrial", "receiver": "rORBCOMM000", "length": NaN, "width": NaN, "status": NaN, "identities": {}, "destinations": {}, "expected": "413222000-2021-01-05T21:40:11.000000Z"}
{"Index": 54232, "msgid": "58842dfd-c227-5c84-8ed7-4abbce9e12c7", "source": "orbcomm", "type": "AIS.18", "ssvid": "413222000", "timestamp": "2021-01-06T23:04:09+00:00", "lon": 122.6726733333, "lat": 37.36846, "speed": 0.200000003, "course": 44.0, "heading": 44.0, "shipname": null, "callsign": null, "destination": null, "imo": null, "shiptype": null, "receiver_type": "terrestrial", "receiver": "rORBCOMM000", "length": NaN, "width": NaN, "status": NaN, "identities": {}, "destinations": {}, "expected": "413222000-2021-01-06T23:04:09.000000Z"}
{"Index": 54233, "msgid": "d1c59049-f396-5780-8251-760a4bdf9baf", "source": "orbcomm", "type": "AIS.18", "ssvid": "413222000", "timestamp": "2021-01-06T23:53:40+00:00", "lon": 122.6750116667, "lat": 37.36766, "speed": 6.0999999046, "course": 57.9000015259, "heading": 57.0, "shipname": null, "callsign": null, "destination": null, "imo": null, "shiptype": null, "receiver_type": "terrestrial", "receiver": "rORBCOMM000", "length": NaN, "width": NaN, "status": NaN, "identities": [{"shipname": "LIAO DA ZHONG 25027", "callsign": null, "imo": null, "transponder_type": "AIS-B", "length": 40.0, "width": 6.0, "count": 1}], "destinations": [{"destination": null, "count": 1}], "expected": "413222000-2021-01-06T23:04:09.000000Z"}
{"Index": 54234, "msgid": "5870372b-67fd-5915-9a8b-a71fc727dbb5", "source": "orbcomm", "type": "AIS.19", "ssvid": "413222000", "timestamp": "2021-01-06T23:54:19+00:00", "lon": 122.6761616667, "lat": 37.368485, "speed": 6.8000001907, "course": 47.2000007629, "heading": 47.0, "shipname": "LIAO DA ZHONG 25027", "callsign": null, "destination": null, "imo": null, "shiptype": "Fishing", "receiver_type": "terrestrial", "receiver": "rORBCOMM000", "length": 40.0, "width": 6.0, "status": NaN, "identities": [{"shipname": "LIAO DA ZHONG 25027", "callsign": null, "imo": null, "transponder_type": "AIS-B", "length": 40.0, "width": 6.0, "count": 1}], "destinations": [{"destination": null, "count": 1}], "expected": "413222000-2021-01-06T23:04:09.000000Z"}
{"Index": 54235, "msgid": "3f38622a-b498-5da3-ae40-66326f228ffb", "source": "orbcomm", "type": "AIS.18", "ssvid": "413222000", "timestamp": "2021-01-07T07:03:46+00:00", "lon": 122.6728783333, "lat": 37.3679183333, "speed": 0.1000000015, "course": 359.6000061035, "heading": 359.0, "shipname": null, "callsign": null, "destination": null, "imo": null, "shiptype": null, "receiver_type": "terrestrial", "receiver": "rORBCOMM000", "length": NaN, "width": NaN, "status": NaN, "identities": {}, "destinations": {}, "expected": "413222000-2021-01-06T23:04:09.000000Z"}
{"Index": 54236, "msgid": "25a0e1e0-f1ad-5114-a8ed-701ab0bdfc1e", "source": "orbcomm", "type": "AIS.18", "ssvid": "413222000", "timestamp": "2021-01-07T19:31:19+00:00", "lon": 122.6815716667, "lat": 37.3698916667, "speed": 6.1999998093, "course": 91.4000015259, "heading": 91.0, "shipname": null, "callsign": null, "destination": null, "imo": null, "shiptype": null, "receiver_type": "terrestrial", "receiver": "rORBCOMM000", "length": NaN, "width": NaN, "status": NaN, "identities": {}, "destinations": {}, "expected": "413222000-2021-01-06T23:04:09.000000Z"}
