{"Index": 69214, "msgid": "62b90a51-10f9-5292-9908-f2bf075d0705", "source": "orbcomm", "type": "AIS.18", "ssvid": "417000694", "timestamp": "2021-01-01T01:09:57+00:00", "lon": 78.280105, "lat": -4.833325, "speed": 1.7000000477, "course": 114.5999984741, "heading": 511.0, "shipname": null, "callsign": null, "destination": null, "imo": null, "shiptype": null, "receiver_type": "satellite", "receiver": "rORBCOMM999", "length": NaN, "width": NaN, "status": NaN, "shipnames": {"CHUTI PUTHU 01": 1}, "callsigns": {}, "imos": {}, "n_shipnames": {"null": 1}, "n_callsigns": {}, "n_imos": {}, "expected": "417000694-2021-01-01T01:09:57.000000Z"}
{"Index": 69215, "msgid": "fb915aca-7e9e-522c-9476-f6e2c78e935a", "source": "orbcomm", "type": "AIS.19", "ssvid": "417000694", "timestamp": "2021-01-01T01:11:44+00:00", "lon": 78.2807983333, "lat": -4.83354, "speed": 1.8999999762, "course": 73.5999984741, "heading": 511.0, "shipname": "CHUTI PUTHU 01", "callsign": null, "destination": null, "imo": null, "shiptype": "Fishing", "receiver_type": "satellite", "receiver": "rORBCOMM999", "length": 16.0, "width": 7.0, "status": NaN, "shipnames": {"CHUTI PUTHU 01": 1}, "callsigns": {}, "imos": {}, "n_shipnames": {"null": 1}, "n_callsigns": {}, "n_imos": {}, "expected": "417000694-2021-01-01T01:09:57.000000Z"}
{"Index": 69216, "msgid": "d5452ac1-f10f-5ef3-9bcb-2f99cd71b7f6", "source": "orbcomm", "type": "AIS.18", "ssvid": "417000694", "timestamp": "2021-01-01T22:59:47+00:00", "lon": 78.3467183333, "lat": -4.6641666667, "speed": 1.5, "course": 138.1999969482, "heading": 511.0, "shipname": null, "callsign": null, "destination": null, "imo": null, "shiptype": null, "receiver_type": "satellite", "receiver": "rORBCOMM999", "length": NaN, "width": NaN, "status": NaN, "shipnames": {}, "callsigns": {}, "imos": {}, "n_shipnames": {}, "n_callsigns": {}, "n_imos": {}, "expected": "417000694-2021-01-01T22:59:47.000000Z"}
{"Index": 69217, "msgid": "5da355a4-7b6d-56c1-8583-16ff80048824", "source": "orbcomm", "type": "AIS.18", "ssvid": "417000694", "timestamp": "2021-01-02T00:02:49+00:00", "lon": 78.4438383333, "lat": -4.6652533333, "speed": 6.5, "course": 84.5, "heading": 511.0, "shipname": null, "callsign": null, "destination": null, "imo": null, "shiptype": null, "receiver_type": "satellite", "receiver": "rORBCOMM999", "length": NaN, "width": NaN, "status": NaN, "shipnames": {}, "callsigns": {}, "imos": {}, "n_shipnames": {}, "n_callsigns": {}, "n_imos": {}, "expected": "417000694-2021-01-01T22:59:47.000000Z"}
{"Index": 69218, "msgid": "b59cca51-8200-5d7a-b5cd-9c7feff49412", "source": "orbcomm", "type": "AIS.18", "ssvid": "417000694", "timestamp": "2021-01-02T00:02:50+00:00", "lon": 78.4438383333, "lat": -4.6652533333, "speed": 6.5, "course": 84.5, "heading": 511.0, "shipname": null, "callsign": null, "destination": null, "imo": null, "shiptype": null, "receiver_type": "satellite", "receiver": "rORBCOMM999", "length": NaN, "width": NaN, "status": NaN, "shipnames": {}, "callsigns": {}, "imos": {}, "expected": null}
{"Index": 69219, "msgid": "20ceb198-d092-5c02-a8c3-e8971a1850e4", "source": "orbcomm", "type": "AIS.18", "ssvid": "417000694", "timestamp": "2021-01-02T00:32:37+00:00", "lon": 78.4979183333, "lat": -4.6672916667, "speed": 7.3000001907, "course": 98.0999984741, "heading": 511.0, "shipname": null, "callsign": null, "destination": null, "imo": null, "shiptype": null, "receiver_type": "satellite", "receiver": "rORBCOMM999", "length": NaN, "width": NaN, "status": NaN, "shipnames": {}, "callsigns": {}, "imos": {}, "n_shipnames": {}, "n_callsigns": {}, "n_imos": {}, "expected": "417000694-2021-01-01T22:59:47.000000Z"}
{"Index": 69220, "msgid": "20ceb198-d092-5c02-a8c3-e8971a1850e4", "source": "orbcomm", "type": "AIS.18", "ssvid": "417000694", "timestamp": "2021-01-02T00:32:37+00:00", "lon": 78.4979183333, "lat": -4.6672916667, "speed": 7.3000001907, "course": 98.0999984741, "heading": 511.0, "shipname": null, "callsign": null, "destination": null, "imo": null, "shiptype": null, "receiver_type": "satellite", "receiver": "rORBCOMM999", "length": NaN, "width": NaN, "status": NaN, "shipnames": {}, "callsigns": {}, "imos": {}, "expected": null}
{"Index": 69221, "msgid": "7364b541-ae4d-56af-b284-273e3681dcf8", "source": "orbcomm", "type": "AIS.19", "ssvid": "417000694", "timestamp": "2021-01-02T01:41:17+00:00", "lon": 78.625865, "lat": -4.6680933333, "speed": 6.3000001907, "course": 94.4000015259, "heading": 511.0, "shipname": "CHUTI PUTHU 01", "callsign": null, "destination": null, "imo": null, "shiptype": "Fishing", "receiver_type": "satellite", "receiver": "rORBCOMM999", "length": 16.0, "width": 7.0, "status": NaN, "shipnames": {"CHUTI PUTHU 01": 1}, "callsigns": {}, "imos": {}, "n_shipnames": {"null": 1}, "n_callsigns": {}, "n_imos": {}, "expected": "417000694-2021-01-01T22:59:47.000000Z"}
{"Index": 69222, "msgid": "7364b541-ae4d-56af-b284-273e3681dcf8", "source": "orbcomm", "type": "AIS.19", "ssvid": "417000694", "timestamp": "2021-01-02T01:41:17+00:00", "lon": 78.625865, "lat": -4.6680933333, "speed": 6.3000001907, "course": 94.4000015259, "heading": 511.0, "shipname": "CHUTI PUTHU 01", "callsign": null, "destination": null, "imo": null, "shiptype": "Fishing", "receiver_type": "satellite", "receiver": "rORBCOMM999", "length": 16.0, "width": 7.0, "status": NaN, "shipnames": {}, "callsigns": {}, "imos": {}, "expected": null}
{"Index": 69223, "msgid": "24bfa8c5-ea44-59da-8ea5-9e63ded8f65b", "source": "orbcomm", "type": "AIS.18", "ssvid": "417000694", "timestamp": "2021-01-02T01:43:17+00:00", "lon": 78.6295983333, "lat": -4.6684733333, "speed": 6.3000001907, "course": 101.9000015259, "heading": 511.0, "shipname": null, "callsign": null, "destination": null, "imo": null, "shiptype": null, "receiver_type": "satellite", "receiver": "rORBCOMM999", "length": NaN, "width": NaN, "status": NaN, "shipnames": {"CHUTI PUTHU 01": 1}, "callsigns": {}, "imos": {}, "n_shipnames": {"null": 1}, "n_callsigns": {}, "n_imos": {}, "expected": "417000694-2021-01-01T22:59:47.000000Z"}
{"Index": 69224, "msgid": "a1ac63f9-2bdb-5543-b0d0-9075d23eaf8c", "source": "orbcomm", "type": "AIS.18", "ssvid": "417000694", "timestamp": "2021-01-02T11:28:21+00:00", "lon": 79.4078383333, "lat": -4.70122, "speed": 1.7000000477, "course": 132.1000061035, "heading": 511.0, "shipname": null, "callsign": null, "destination": null, "imo": null, "shiptype": null, "receiver_type": "satellite", "receiver": "rORBCOMM999", "length": NaN, "width": NaN, "status": NaN, "shipnames": {}, "callsigns": {}, "imos": {}, "n_shipnames": {}, "n_callsigns": {}, "n_imos": {}, "expected": "417000694-2021-01-02T11:28:21.000000Z"}
{"Index": 69225, "msgid": "ee7a55bb-56b6-578b-a301-b24e45b5a071", "source": "orbcomm", "type": "AIS.18", "ssvid": "417000694", "timestamp": "2021-01-02T12:31:55+00:00", "lon": 79.438345, "lat": -4.691635, "speed": 0.6999999881, "course": 155.3000030518, "heading": 511.0, "shipname": null, "callsign": null, "destination": null, "imo": null, "shiptype": null, "receiver_type": "satellite", "receiver": "rORBCOMM999", "length": NaN, "width": NaN, "status": NaN, "shipnames": {}, "callsigns": {}, "imos": {}, "n_shipnames": {}, "n_callsigns": {}, "n_imos": {}, "expected": "417000694-2021-01-02T11:28:21.000000Z"}
{"Index": 69226, "msgid": "7867e2f8-52c7-556f-ba5b-f2a8ffe49129", "source": "orbcomm", "type": "AIS.18", "ssvid": "417000694", "timestamp": "2021-01-02T12:31:56+00:00", "lon": 79.438345, "lat": -4.691635, "speed": 0.6999999881, "course": 155.3000030518, "heading": 511.0, "shipname": null, "callsign": null, "destination": null, "imo": null, "shiptype": null, "receiver_type": "satellite", "receiver": "rORBCOMM999", "length": NaN, "width": NaN, "status": NaN, "shipnames": {}, "callsigns": {}, "imos": {}, "expected": null}
{"Index": 69227, "msgid": "ef3cda11-636f-5d17-99c3-c100e64149e6", "source": "orbcomm", "type": "AIS.18", "ssvid": "417000694", "timestamp": "2021-01-02T12:34:23+00:00", "lon": 79.4372783333, "lat": -4.6919316667, "speed": 2.0, "course": 269.299987793, "heading": 511.0, "shipname": null, "callsign": null, "destination": null, "imo": null, "shiptype": null, "receiver_type": "satellite", "receiver": "rORBCOMM999", "length": NaN, "width": NaN, "status": NaN, "shipnames": {}, "callsigns": {}, "imos": {}, "n_shipnames": {}, "n_callsigns": {}, "n_imos": {}, "expected": "417000694-2021-01-02T11:28:21.000000Z"}
{"Index": 69228, "msgid": "70a36c67-0328-5260-bf33-d91528a8d6f4", "source": "orbcomm", "type": "AIS.19", "ssvid": "417000694", "timestamp": "2021-01-02T23:19:10+00:00", "lon": 79.5460783333, "lat": -4.748285, "speed": 4.1999998093, "course": 242.8000030518, "heading": 511.0, "shipname": "CHUTI PUTHU 01", "callsign": null, "destination": null, "imo": null, "shiptype": "Fishing", "receiver_type": "satellite", "receiver": "rORBCOMM999", "length": 16.0, "width": 7.0, "status": NaN, "shipnames": {"CHUTI PUTHU 01": 1}, "callsigns": {}, "imos": {}, "n_shipnames": {"null": 1}, "n_callsigns": {}, "n_imos": {}, "expected": "417000694-2021-01-02T23:19:10.000000Z"}
{"Index": 69229, "msgid": "70a36c67-0328-5260-bf33-d91528a8d6f4", "source": "orbcomm", "type": "AIS.19", "ssvid": "417000694", "timestamp": "2021-01-02T23:19:10+00:00", "lon": 79.5460783333, "lat": -4.748285, "speed": 4.1999998093, "course": 242.8000030518, "heading": 511.0, "shipname": "CHUTI PUTHU 01", "callsign": null, "destination": null, "imo": null, "shiptype": "Fishing", "receiver_type": "satellite", "receiver": "rORBCOMM999", "length": 16.0, "width": 7.0, "status": NaN, "shipnames": {}, "callsigns": {}, "imos": {}, "expected": null}
{"Index": 69230, "msgid": "dceb169e-e421-560e-89cf-bc9488b427f0", "source": "orbcomm", "type": "AIS.18", "ssvid": "417000694", "timestamp": "2021-01-03T11:17:09+00:00", "lon": 79.1540783333, "lat": -4.9237083333, "speed": 0.8999999762, "course": 339.6000061035, "heading": 511.0, "shipname": null, "callsign": null, "destination": null, "imo": null, "shiptype": null, "receiver_type": "satellite", "receiver": "rORBCOMM999", "length": NaN, "width": NaN, "status": NaN, "shipnames": {}, "callsigns": {}, "imos": {}, "n_shipnames": {}, "n_callsigns": {}, "n_imos": {}, "expected": "417000694-2021-01-03T11:17:09.000000Z"}
{"Index": 69231, "msgid": "5e7694b0-51c8-5690-b004-3f86a0e6bdc3", "source": "orbcomm", "type": "AIS.18", "ssvid": "417000694", "timestamp": "2021-01-03T13:04:01+00:00", "lon": 79.1297583333, "lat": -4.8272316667, "speed": 4.4000000954, "course": 341.6000061035, "heading": 511.0, "shipname": null, "callsign": null, "destination": null, "imo": null, "shiptype": null, "receiver_type": "satellite", "receiver": "rORBCOMM999", "length": NaN, "width": NaN, "status": NaN, "shipnames": {}, "callsigns": {}, "imos": {}, "n_shipnames": {}, "n_callsigns": {}, "n_imos": {}, "expected": "417000694-2021-01-03T11:17:09.000000Z"}
{"Index": 69232, "msgid": "17e09d18-6541-55fb-a51a-8c63e86487b8", "source": "orbcomm", "type": "AIS.18", "ssvid": "417000694", "timestamp": "2021-01-03T13:04:15+00:00", "lon": 79.129705, "lat": -4.8269766667, "speed": 3.9000000954, "course": 1.3999999762, "heading": 511.0, "shipname": null, "callsign": null, "destination": null, "imo": null, "shiptype": null, "receiver_type": "satellite", "receiver": "rORBCOMM999", "length": NaN, "width": NaN, "status": NaN, "shipnames": {}, "callsigns": {}, "imos": {}, "n_shipnames": {}, "n_callsigns": {}, "n_imos": {}, "expected": "417000694-2021-01-03T11:17:09.000000Z"}
{"Index": 69233, "msgid": "17e09d18-6541-55fb-a51a-8c63e86487b8", "source": "orbcomm", "type": "AIS.18", "ssvid": "417000694", "timestamp": "2021-01-03T13:04:15+00:00", "lon": 79.129705, "lat": -4.8269766667, "speed": 3.9000000954, "course": 1.3999999762, "heading": 511.0, "shipname": null, "callsign": null, "destination": null, "imo": null, "shiptype": null, "receiver_type": "satellite", "receiver": "rORBCOMM999", "length": NaN, "width": NaN, "status": NaN, "shipnames": {}, "callsigns": {}, "imos": {}, "expected": null}
{"Index": 69234, "msgid": "c67eacc5-2226-5ca2-a740-62a027ff9a88", "source": "orbcomm", "type": "AIS.24", "ssvid": "417000694", "timestamp": "2021-01-03T23:37:48+00:00", "lon": NaN, "lat": NaN, "speed": NaN, "course": NaN, "heading": NaN, "shipname": "CHUTI PUTHU 01", "callsign": null, "destination": null, "imo": null, "shiptype": null, "receiver_type": "satellite", "receiver": "rORBCOMM999", "length": NaN, "width": NaN, "status": NaN, "shipnames": {}, "callsigns": {}, "imos": {}, "expected": "417000694-2021-01-03T23:37:48.000000Z"}
{"Index": 69235, "msgid": "c67eacc5-2226-5ca2-a740-62a027ff9a88", "source": "orbcomm", "type": "AIS.24", "ssvid": "417000694", "timestamp": "2021-01-03T23:37:48+00:00", "lon": NaN, "lat": NaN, "speed": NaN, "course": NaN, "heading": NaN, "shipname": "CHUTI PUTHU 01", "callsign": null, "destination": null, "imo": null, "shiptype": null, "receiver_type": "satellite", "receiver": "rORBCOMM999", "length": NaN, "width": NaN, "status": NaN, "shipnames": {}, "callsigns": {}, "imos": {}, "expected": null}
{"Index": 69236, "msgid": "c13fc00b-65fc-533c-a5fc-322ce5e38c4a", "source": "orbcomm", "type": "AIS.24", "ssvid": "417000694", "timestamp": "2021-01-04T11:36:13+00:00", "lon": NaN, "lat": NaN, "speed": NaN, "course": NaN, "heading": NaN, "shipname": "CHUTI PUTHU 01", "callsign": null, "destination": null, "imo": null, "shiptype": null, "receiver_type": "satellite", "receiver": "rORBCOMM999", "length": NaN, "width": NaN, "status": NaN, "shipnames": {}, "callsigns": {}, "imos": {}, "expected": "417000694-2021-01-04T11:36:13.000000Z"}
{"Index": 69237, "msgid": "1ad7a0d7-f2c4-5c09-9aa0-4de84bcf5f02", "source": "orbcomm", "type": "AIS.18", "ssvid": "417000694", "timestamp": "2021-01-05T12:29:26+00:00", "lon": 79.3695983333, "lat": -2.6800916667, "speed": 2.0, "course": 226.0, "heading": 511.0, "shipname": null, "callsign": null, "destination": null, "imo": null, "shiptype": null, "receiver_type": "satellite", "receiver": "rORBCOMM999", "length": NaN, "width": NaN, "status": NaN, "shipnames": {}, "callsigns": {}, "imos": {}, "n_shipnames": {}, "n_callsigns": {}, "n_imos": {}, "expected": "417000694-2021-01-05T12:29:26.000000Z"}
{"Index": 69238, "msgid": "65ee1d22-a46a-5166-a6f9-2e8473210758", "source": "orbcomm", "type": "AIS.18", "ssvid": "417000694", "timestamp": "2021-01-05T13:20:18+00:00", "lon": 79.3508783333, "lat": -2.6850366667, "speed": 0.200000003, "course": 178.3999938965, "heading": 511.0, "shipname": null, "callsign": null, "destination": null, "imo": null, "shiptype": null, "receiver_type": "satellite", "receiver": "rORBCOMM999", "length": NaN, "width": NaN, "status": NaN, "shipnames": {}, "callsigns": {}, "imos": {}, "n_shipnames": {}, "n_callsigns": {}, "n_imos": {}, "expected": "417000694-2021-01-05T12:29:26.000000Z"}
{"Index": 69239, "msgid": "81c57abe-1661-5863-a0de-558449135792", "source": "orbcomm", "type": "AIS.19", "ssvid": "417000694", "timestamp": "2021-01-06T11:26:14+00:00", "lon": 78.713385, "lat": -2.8097316667, "speed": 3.2999999523, "course": 283.700012207, "heading": 511.0, "shipname": "CHUTI PUTHU 01", "callsign": null, "destination": null, "imo": null, "shiptype": "Fishing", "receiver_type": "satellite", "receiver": "rORBCOMM999", "length": 16.0, "width": 7.0, "status": NaN, "shipnames": {"CHUTI PUTHU 01": 1}, "callsigns": {}, "imos": {}, "n_shipnames": {"null": 1}, "n_callsigns": {}, "n_imos": {}, "expected": "417000694-2021-01-06T11:26:14.000000Z"}
{"Index": 69240, "msgid": "5ff69b9d-df21-5f0d-98f2-bfa424ae5b35", "source": "orbcomm", "type": "AIS.18", "ssvid": "417000694", "timestamp": "2021-01-06T11:27:59+00:00", "lon": 78.7116783333, "lat": -2.809425, "speed": 3.4000000954, "course": 278.8999938965, "heading": 511.0, "shipname": null, "callsign": null, "destination": null, "imo": null, "shiptype": null, "receiver_type": "satellite", "receiver": "rORBCOMM999", "length": NaN, "width": NaN, "status": NaN, "shipnames": {"CHUTI PUTHU 01": 1}, "callsigns": {}, "imos": {}, "n_shipnames": {"null": 1}, "n_callsigns": {}, "n_imos": {}, "expected": "417000694-2021-01-06T11:26:14.000000Z"}
{"Index": 69241, "msgid": "10d81e6a-e6ac-53af-ac68-bde67026bbd3", "source": "orbcomm", "type": "AIS.19", "ssvid": "417000694", "timestamp": "2021-01-06T22:57:43+00:00", "lon": 78.0919983333, "lat": -2.670855, "speed": 4.1999998093, "course": 266.799987793, "heading": 511.0, "shipname": "CHUTI PUTHU 01", "callsign": null, "destination": null, "imo": null, "shiptype": "Fishing", "receiver_type": "satellite", "receiver": "rORBCOMM999", "length": 16.0, "width": 7.0, "status": NaN, "shipnames": {"CHUTI PUTHU 01": 1}, "callsigns": {}, "imos": {}, "n_shipnames": {"null": 1}, "n_callsigns": {}, "n_imos": {}, "expected": "417000694-2021-01-06T22:57:43.000000Z"}
{"Index": 69242, "msgid": "6bf4351d-9a62-5514-a908-ac4887daf553", "source": "orbcomm", "type": "AIS.18", "ssvid": "417000694", "timestamp": "2021-01-07T13:38:04+00:00", "lon": 66.1994233333, "lat": 2.7306933333, "speed": 3.5999999046, "course": 333.1000061035, "heading": 511.0, "shipname": null, "callsign": null, "destination": null, "imo": null, "shiptype": null, "receiver_type": "satellite", "receiver": "rORBCOMM999", "length": NaN, "width": NaN, "status": NaN, "shipnames": {}, "callsigns": {}, "imos": {}, "n_shipnames": {}, "n_callsigns": {}, "n_imos": {}, "expected": "417000694-2021-01-07T13:38:04.000000Z"}
{"Index": 69243, "msgid": "b177cefc-ed5d-5cb0-b994-df3e544fad4f", "source": "orbcomm", "type": "AIS.19", "ssvid": "417000694", "timestamp": "2021-01-07T23:16:59+00:00", "lon": 78.7557316667, "lat": -2.7569416667, "speed": 3.7000000477, "course": 285.1000061035, "heading": 511.0, "shipname": "CHUTI PUTHU 01", "callsign": null, "destination": null, "imo": null, "shiptype": "Fishing", "receiver_type": "satellite", "receiver": "rORBCOMM999", "length": 16.0, "width": 7.0, "status": NaN, "shipnames": {"CHUTI PUTHU 01": 1}, "callsigns": {}, "imos": {}, "n_shipnames": {"null": 1}, "n_callsigns": {}, "n_imos": {}, "expected": "417000694-2021-01-07T23:16:59.000000Z"}
{"Index": 69244, "msgid": "b177cefc-ed5d-5cb0-b994-df3e544fad4f", "source": "orbcomm", "type": "AIS.19", "ssvid": "417000694", "timestamp": "2021-01-07T23:16:59+00:00", "lon": 78.7557316667, "lat": -2.7569416667, "speed": 3.7000000477, "course": 285.1000061035, "heading": 511.0, "shipname": "CHUTI PUTHU 01", "callsign": null, "destination": null, "imo": null, "shiptype": "Fishing", "receiver_type": "satellite", "receiver": "rORBCOMM999", "length": 16.0, "width": 7.0, "status": NaN, "shipnames": {}, "callsigns": {}, "imos": {}, "expected": null}
{"Index": 69245, "msgid": "eba1528e-74c5-5179-b3c8-e247416d050e", "source": "orbcomm", "type": "AIS.24", "ssvid": "417000694", "timestamp": "2021-01-08T12:34:20+00:00", "lon": NaN, "lat": NaN, "speed": NaN, "course": NaN, "heading": NaN, "shipname": "CHUTI PUTHU 01", "callsign": null, "destination": null, "imo": null, "shiptype": null, "receiver_type": "satellite", "receiver": "rORBCOMM999", "length": NaN, "width": NaN, "status": NaN, "shipnames": {}, "callsigns": {}, "imos": {}, "expected": "417000694-2021-01-08T12:34:20.000000Z"}
{"Index": 69246, "msgid": "c1889019-83e5-5ea6-a53c-fad57a549376", "source": "orbcomm", "type": "AIS.24", "ssvid": "417000694", "timestamp": "2021-01-08T12:34:21+00:00", "lon": NaN, "lat": NaN, "speed": NaN, "course": NaN, "heading": NaN, "shipname": "CHUTI PUTHU 01", "callsign": null, "destination": null, "imo": null, "shiptype": null, "receiver_type": "satellite", "receiver": "rORBCOMM999", "length": NaN, "width": NaN, "status": NaN, "shipnames": {}, "callsigns": {}, "imos": {}, "expected": "417000694-2021-01-08T12:34:21.000000Z"}
{"Index": 69247, "msgid": "598fa13f-5e60-5449-b512-c341252bbbac", "source": "orbcomm", "type": "AIS.18", "ssvid": "417000694", "timestamp": "2021-01-08T14:08:28+00:00", "lon": 65.3200966667, "lat": 3.8036566667, "speed": 4.6999998093, "course": 6.4000000954, "heading": 511.0, "shipname": null, "callsign": null, "destination": null, "imo": null, "shiptype": null, "receiver_type": "satellite", "receiver": "rORBCOMM999", "length": NaN, "width": NaN, "status": NaN, "shipnames": {}, "callsigns": {}, "imos": {}, "n_shipnames": {}, "n_callsigns": {}, "n_imos": {}, "expected": "417000694-2021-01-08T14:08:28.000000Z"}
{"Index": 69248, "msgid": "af840ea0-bdf5-547c-8d23-e7b47c21986a", "source": "orbcomm", "type": "AIS.18", "ssvid": "417000694", "timestamp": "2021-01-08T14:08:29+00:00", "lon": 65.3200966667, "lat": 3.8036566667, "speed": 4.6999998093, "course": 6.4000000954, "heading": 511.0, "shipname": null, "callsign": null, "destination": null, "imo": null, "shiptype": null, "receiver_type": "satellite", "receiver": "rORBCOMM999", "length": NaN, "width": NaN, "status": NaN, "shipnames": {}, "callsigns": {}, "imos": {}, "expected": null}
{"Index": 69249, "msgid": "bfabf577-f7ae-5582-a341-5732176c4594", "source": "orbcomm", "type": "AIS.24", "ssvid": "417000694", "timestamp": "2021-01-08T23:35:38+00:00", "lon": NaN, "lat": NaN, "speed": NaN, "course": NaN, "heading": NaN, "shipname": "CHUTI PUTHU 01", "callsign": null, "destination": null, "imo": null, "shiptype": null, "receiver_type": "satellite", "receiver": "rORBCOMM999", "length": NaN, "width": NaN, "status": NaN, "shipnames": {}, "callsigns": {}, "imos": {}, "expected": "417000694-2021-01-08T23:35:38.000000Z"}
{"Index": 69250, "msgid": "417262ab-9acf-5109-ac21-96be73b4f10b", "source": "orbcomm", "type": "AIS.18", "ssvid": "417000694", "timestamp": "2021-01-08T23:36:33+00:00", "lon": 78.1857583333, "lat": -2.0168566667, "speed": 5.5999999046, "course": 18.8999996185, "heading": 511.0, "shipname": null, "callsign": null, "destination": null, "imo": null, "shiptype": null, "receiver_type": "satellite", "receiver": "rORBCOMM999", "length": NaN, "width": NaN, "status": NaN, "shipnames": {"CHUTI PUTHU 01": 1}, "callsigns": {}, "imos": {}, "n_shipnames": {"null": 1}, "n_callsigns": {}, "n_imos": {}, "expected": "417000694-2021-01-08T23:36:33.000000Z"}
{"Index": 69251, "msgid": "417262ab-9acf-5109-ac21-96be73b4f10b", "source": "orbcomm", "type": "AIS.18", "ssvid": "417000694", "timestamp": "2021-01-08T23:36:33+00:00", "lon": 78.1857583333, "lat": -2.0168566667, "speed": 5.5999999046, "course": 18.8999996185, "heading": 511.0, "shipname": null, "callsign": null, "destination": null, "imo": null, "shiptype": null, "receiver_type": "satellite", "receiver": "rORBCOMM999", "length": NaN, "width": NaN, "status": NaN, "shipnames": {}, "callsigns": {}, "imos": {}, "expected": null}
{"Index": 69252, "msgid": "738f53a9-93c0-53cf-aa01-863ea61080a3", "source": "orbcomm", "type": "AIS.19", "ssvid": "417000694", "timestamp": "2021-01-09T00:38:08+00:00", "lon": 78.1858116667, "lat": -1.9367966667, "speed": 5.0999999046, "course": 5.4000000954, "heading": 511.0, "shipname": "CHUTI PUTHU 01", "callsign": null, "destination": null, "imo": null, "shiptype": "Fishing", "receiver_type": "satellite", "receiver": "rORBCOMM999", "length": 16.0, "width": 7.0, "status": NaN, "shipnames": {"CHUTI PUTHU 01": 1}, "callsigns": {}, "imos": {}, "n_shipnames": {"null": 1}, "n_callsigns": {}, "n_imos": {}, "expected": "417000694-2021-01-08T23:36:33.000000Z"}
{"Index": 69253, "msgid": "8de11064-b673-55dd-8a42-1d7ffae8365f", "source": "orbcomm", "type": "AIS.18", "ssvid": "417000694", "timestamp": "2021-01-09T02:55:24+00:00", "lon": 78.1652783333, "lat": -1.7771316667, "speed": 1.5, "course": 103.0, "heading": 511.0, "shipname": null, "callsign": null, "destination": null, "imo": null, "shiptype": null, "receiver_type": "satellite", "receiver": "rORBCOMM999", "length": NaN, "width": NaN, "status": NaN, "shipnames": {}, "callsigns": {}, "imos": {}, "n_shipnames": {}, "n_callsigns": {}, "n_imos": {}, "expected": "417000694-2021-01-08T23:36:33.000000Z"}
{"Index": 69254, "msgid": "b682d800-2ff5-58dd-8a21-8b3a9f4230e2", "source": "orbcomm", "type": "AIS.18", "ssvid": "417000694", "timestamp": "2021-01-09T11:29:28+00:00", "lon": 78.163305, "lat": -1.1239466667, "speed": 4.9000000954, "course": 358.799987793, "heading": 511.0, "shipname": null, "callsign": null, "destination": null, "imo": null, "shiptype": null, "receiver_type": "satellite", "receiver": "rORBCOMM999", "length": NaN, "width": NaN, "status": NaN, "shipnames": {"CHUTI PUTHU 01": 2}, "callsigns": {}, "imos": {}, "n_shipnames": {"null": 2}, "n_callsigns": {}, "n_imos": {}, "expected": "417000694-2021-01-09T11:29:28.000000Z"}
{"Index": 69255, "msgid": "69b4cbf9-e7f1-562e-ac9d-5399518395e1", "source": "orbcomm", "type": "AIS.24", "ssvid": "417000694", "timestamp": "2021-01-09T11:34:04+00:00", "lon": NaN, "lat": NaN, "speed": NaN, "course": NaN, "heading": NaN, "shipname": "CHUTI PUTHU 01", "callsign": null, "destination": null, "imo": null, "shiptype": null, "receiver_type": "satellite", "receiver": "rORBCOMM999", "length": NaN, "width": NaN, "status": NaN, "shipnames": {}, "callsigns": {}, "imos": {}, "expected": "417000694-2021-01-09T11:34:04.000000Z"}
{"Index": 69256, "msgid": "b2d9e633-6ebf-5202-aaa8-7c35b9fd46fc", "source": "orbcomm", "type": "AIS.18", "ssvid": "417000694", "timestamp": "2021-01-09T11:34:08+00:00", "lon": 78.162985, "lat": -1.1178866667, "speed": 4.6999998093, "course": 349.3999938965, "heading": 511.0, "shipname": null, "callsign": null, "destination": null, "imo": null, "shiptype": null, "receiver_type": "satellite", "receiver": "rORBCOMM999", "length": NaN, "width": NaN, "status": NaN, "shipnames": {"CHUTI PUTHU 01": 2}, "callsigns": {}, "imos": {}, "n_shipnames": {"null": 2}, "n_callsigns": {}, "n_imos": {}, "expected": "417000694-2021-01-09T11:29:28.000000Z"}
{"Index": 69257, "msgid": "b2d9e633-6ebf-5202-aaa8-7c35b9fd46fc", "source": "orbcomm", "type": "AIS.18", "ssvid": "417000694", "timestamp": "2021-01-09T11:34:08+00:00", "lon": 78.162985, "lat": -1.1178866667, "speed": 4.6999998093, "course": 349.3999938965, "heading": 511.0, "shipname": null, "callsign": null, "destination": null, "imo": null, "shiptype": null, "receiver_type": "satellite", "receiver": "rORBCOMM999", "length": NaN, "width": NaN, "status": NaN, "shipnames": {}, "callsigns": {}, "imos": {}, "expected": null}
{"Index": 69258, "msgid": "c9138502-9c9c-5aa5-a1e2-ba73c3138145", "source": "orbcomm", "type": "AIS.18", "ssvid": "417000694", "timestamp": "2021-01-09T11:35:15+00:00", "lon": 78.162985, "lat": -1.1164566667, "speed": 5.3000001907, "course": 359.799987793, "heading": 511.0, "shipname": null, "callsign": null, "destination": null, "imo": null, "shiptype": null, "receiver_type": "satellite", "receiver": "rORBCOMM999", "length": NaN, "width": NaN, "status": NaN, "shipnames": {"CHUTI PUTHU 01": 2}, "callsigns": {}, "imos": {}, "n_shipnames": {"null": 2}, "n_callsigns": {}, "n_imos": {}, "expected": "417000694-2021-01-09T11:29:28.000000Z"}
{"Index": 69259, "msgid": "0ae42019-9614-52ff-a489-9b8f8cf0aa5e", "source": "orbcomm", "type": "AIS.24", "ssvid": "417000694", "timestamp": "2021-01-09T11:37:04+00:00", "lon": NaN, "lat": NaN, "speed": NaN, "course": NaN, "heading": NaN, "shipname": "CHUTI PUTHU 01", "callsign": null, "destination": null, "imo": null, "shiptype": null, "receiver_type": "satellite", "receiver": "rORBCOMM999", "length": NaN, "width": NaN, "status": NaN, "shipnames": {}, "callsigns": {}, "imos": {}, "expected": "417000694-2021-01-09T11:37:04.000000Z"}
