{"Index": 45723, "msgid": "bd997219-ded5-590f-b450-140ca0d94fcc", "source": "orbcomm", "type": "AIS.18", "ssvid": "412420156", "timestamp": "2021-01-09T11:05:33+00:00", "lon": 121.788325, "lat": 31.356175, "speed": 0.1000000015, "course": 82.1999969482, "heading": 511.0, "shipname": null, "callsign": null, "destination": null, "imo": null, "shiptype": null, "receiver_type": "terrestrial", "receiver": "rORBCOMM000", "length": NaN, "width": NaN, "status": NaN, "identities": [{"shipname": null, "callsign": "", "imo": null, "transponder_type": "AIS-B", "length": 45.0, "width": 6.0, "count": 1}], "destinations": [{"destination": null, "count": 1}], "expected": "412420156-2021-01-09T11:05:33.000000Z"}
{"Index": 45724, "msgid": "03fe751e-3333-508f-9013-cc10b408b533", "source": "orbcomm", "type": "AIS.24", "ssvid": "412420156", "timestamp": "2021-01-09T11:08:05+00:00", "lon": NaN, "lat": NaN, "speed": NaN, "course": NaN, "heading": NaN, "shipname": null, "callsign": "", "destination": null, "imo": null, "shiptype": "Fishing", "receiver_type": "terrestrial", "receiver": "rORBCOMM000", "length": 45.0, "width": 6.0, "status": NaN, "identities": {}, "destinations": {}, "expected": "412420156-2021-01-09T11:08:05.000000Z"}
{"Index": 45725, "msgid": "b3999f6f-96af-581d-af5a-644fc151833e", "source": "orbcomm", "type": "AIS.18", "ssvid": "412420156", "timestamp": "2021-01-09T11:26:33+00:00", "lon": 121.7895716667, "lat": 31.3891483333, "speed": 7.0999999046, "course": 82.1999969482, "heading": 511.0, "shipname": null, "callsign": null, "destination": null, "imo": null, "shiptype": null, "receiver_type": "terrestrial", "receiver": "rORBCOMM000", "length": NaN, "width": NaN, "status": NaN, "identities": {}, "destinations": {}, "expected": "412420156-2021-01-09T11:05:33.000000Z"}
