{"Index": 358982, "msgid": "77048da8-c422-5ad9-aca2-e420a026733a", "source": "orbcomm", "type": "AIS.1", "ssvid": "636091858", "timestamp": "2021-01-17T00:16:28+00:00", "lon": -5.982335, "lat": 49.9217516667, "speed": 3.2000000477, "course": 99.0, "heading": 89.0, "shipname": null, "callsign": null, "destination": null, "imo": null, "shiptype": null, "receiver_type": "terrestrial", "receiver": "rORBCOMM000", "length": NaN, "width": NaN, "status": 0.0, "shipnames": {}, "callsigns": {}, "imos": {}, "n_shipnames": {}, "n_callsigns": {}, "n_imos": {}, "expected": "636091858-2021-01-17T00:16:28.000000Z"}
