{"Index": 35936, "msgid": "b354c8f4-2e17-5210-b0fa-155fba2da972", "source": "orbcomm", "type": "AIS.24", "ssvid": "338142021", "timestamp": "2021-01-07T16:13:54+00:00", "lon": NaN, "lat": NaN, "speed": NaN, "course": NaN, "heading": NaN, "shipname": "LADY S", "callsign": null, "destination": null, "imo": null, "shiptype": null, "receiver_type": "terrestrial", "receiver": "rORBCOMM000", "length": NaN, "width": NaN, "status": NaN, "shipnames": {}, "callsigns": {}, "imos": {}, "expected": "338142021-2021-01-07T16:13:54.000000Z"}
{"Index": 35937, "msgid": "27cd7a4c-079d-5ed2-8015-0fbb8a198004", "source": "orbcomm", "type": "AIS.18", "ssvid": "338142021", "timestamp": "2021-01-07T16:27:03+00:00", "lon": -80.0479716667, "lat": 26.8064666667, "speed": 20.2999992371, "course": 347.3999938965, "heading": 511.0, "shipname": null, "callsign": null, "destination": null, "imo": null, "shiptype": null, "receiver_type": "terrestrial", "receiver": "rORBCOMM000", "length": NaN, "width": NaN, "status": NaN, "shipnames": {"LADY S": 1}, "callsigns": {}, "imos": {}, "n_shipnames": {"null": 1}, "n_callsigns": {}, "n_imos": {}, "expected": "338142021-2021-01-07T16:27:03.000000Z"}
{"Index": 35938, "msgid": "14d9ca57-a8c8-5eb4-acbe-5ef328cb64a4", "source": "orbcomm", "type": "AIS.18", "ssvid": "338142021", "timestamp": "2021-01-08T21:05:39+00:00", "lon": -80.04927, "lat": 26.8111416667, "speed": 28.8999996185, "course": 147.5, "heading": 511.0, "shipname": null, "callsign": null, "destination": null, "imo": null, "shiptype": null, "receiver_type": "terrestrial", "receiver": "rORBCOMM000", "length": NaN, "width": NaN, "status": NaN, "shipnames": {"LADY S": 1}, "callsigns": {}, "imos": {}, "n_shipnames": {"null": 1}, "n_callsigns": {}, "n_imos": {}, "expected": "338142021-2021-01-08T21:05:39.000000Z"}
{"Index": 35939, "msgid": "7f4d9b67-4dd7-51fb-90a2-7635056abf86", "source": "orbcomm", "type": "AIS.24", "ssvid": "338142021", "timestamp": "2021-01-08T21:06:34+00:00", "lon": NaN, "lat": NaN, "speed": NaN, "course": NaN, "heading": NaN, "shipname": "LADY S", "callsign": null, "destination": null, "imo": null, "shiptype": null, "receiver_type": "terrestrial", "receiver": "rORBCOMM000", "length": NaN, "width": NaN, "status": NaN, "shipnames": {}, "callsigns": {}, "imos": {}, "expected": "338142021-2021-01-08T21:06:34.000000Z"}
{"Index": 35940, "msgid": "3b4f69e9-6c27-5d52-ae62-c894247a1e42", "source": "orbcomm", "type": "AIS.18", "ssvid": "338142021", "timestamp": "2021-01-08T21:34:05+00:00", "lon": -80.0427, "lat": 26.7745733333, "speed": 0.6999999881, "course": 129.1999969482, "heading": 511.0, "shipname": null, "callsign": null, "destination": null, "imo": null, "shiptype": null, "receiver_type": "terrestrial", "receiver": "rORBCOMM000", "length": NaN, "width": NaN, "status": NaN, "shipnames": {}, "callsigns": {}, "imos": {}, "n_shipnames": {}, "n_callsigns": {}, "n_imos": {}, "expected": "338142021-2021-01-08T21:05:39.000000Z"}
{"Index": 35941, "msgid": "606e8aac-2507-5c6b-8381-e8f54969444c", "source": "orbcomm", "type": "AIS.18", "ssvid": "338142021", "timestamp": "2021-01-08T21:58:31+00:00", "lon": -80.0318916667, "lat": 26.76453, "speed": 16.5, "course": 163.6999969482, "heading": 511.0, "shipname": null, "callsign": null, "destination": null, "imo": null, "shiptype": null, "receiver_type": "terrestrial", "receiver": "rORBCOMM000", "length": NaN, "width": NaN, "status": NaN, "shipnames": {}, "callsigns": {}, "imos": {}, "n_shipnames": {}, "n_callsigns": {}, "n_imos": {}, "expected": "338142021-2021-01-08T21:05:39.000000Z"}
{"Index": 35942, "msgid": "1080923e-cb33-5576-a1a7-a8a4f2b2411a", "source": "orbcomm", "type": "AIS.24", "ssvid": "338142021", "timestamp": "2021-01-08T22:18:45+00:00", "lon": NaN, "lat": NaN, "speed": NaN, "course": NaN, "heading": NaN, "shipname": null, "callsign": "", "destination": null, "imo": null, "shiptype": "Pleasure Craft", "receiver_type": "terrestrial", "receiver": "rORBCOMM000", "length": 11.0, "width": 3.0, "status": NaN, "shipnames": {}, "callsigns": {}, "imos": {}, "expected": "338142021-2021-01-08T22:18:45.000000Z"}
{"Index": 35943, "msgid": "a477b5c8-1bd2-54df-8528-723cdc1b09a6", "source": "orbcomm", "type": "AIS.18", "ssvid": "338142021", "timestamp": "2021-01-08T22:30:00+00:00", "lon": -80.041015, "lat": 26.7781683333, "speed": 4.5, "course": 3.2000000477, "heading": 511.0, "shipname": null, "callsign": null, "destination": null, "imo": null, "shiptype": null, "receiver_type": "terrestrial", "receiver": "rORBCOMM000", "length": NaN, "width": NaN, "status": NaN, "shipnames": {}, "callsigns": {"": 1}, "imos": {}, "n_shipnames": {}, "n_callsigns": {"null": 1}, "n_imos": {}, "expected": "338142021-2021-01-08T21:05:39.000000Z"}
