{"Index": 401553, "msgid": "48382ad0-a3dc-5b63-88a6-7a3f9347b45e", "source": "orbcomm", "type": "AIS.18", "ssvid": "710001751", "timestamp": "2021-01-23T01:07:22+00:00", "lon": -51.1212166667, "lat": -0.067585, "speed": 5.0, "course": 295.700012207, "heading": 511.0, "shipname": null, "callsign": null, "destination": null, "imo": null, "shiptype": null, "receiver_type": "terrestrial", "receiver": "rORBCOMM000", "length": NaN, "width": NaN, "status": NaN, "shipnames": {}, "callsigns": {}, "imos": {}, "n_shipnames": {}, "n_callsigns": {}, "n_imos": {}, "expected": "710001751-2021-01-23T01:07:22.000000Z"}
{"Index": 401554, "msgid": "090dcd36-263c-50c1-936d-0bdfcfc5f253", "source": "orbcomm", "type": "AIS.18", "ssvid": "710001751", "timestamp": "2021-01-23T01:07:24+00:00", "lon": -51.1212166667, "lat": -0.067585, "speed": 5.0, "course": 295.700012207, "heading": 511.0, "shipname": null, "callsign": null, "destination": null, "imo": null, "shiptype": null, "receiver_type": "terrestrial", "receiver": "rORBCOMM000", "length": NaN, "width": NaN, "status": NaN, "shipnames": {}, "callsigns": {}, "imos": {}, "expected": null}
{"Index": 401555, "msgid": "090dcd36-263c-50c1-936d-0bdfcfc5f253", "source": "orbcomm", "type": "AIS.18", "ssvid": "710001751", "timestamp": "2021-01-23T01:07:24+00:00", "lon": -51.1212166667, "lat": -0.067585, "speed": 5.0, "course": 295.700012207, "heading": 511.0, "shipname": null, "callsign": null, "destination": null, "imo": null, "shiptype": null, "receiver_type": "terrestrial", "receiver": "rORBCOMM000", "length": NaN, "width": NaN, "status": NaN, "shipnames": {}, "callsigns": {}, "imos": {}, "expected": null}
{"Index": 401556, "msgid": "090dcd36-263c-50c1-936d-0bdfcfc5f253", "source": "orbcomm", "type": "AIS.18", "ssvid": "710001751", "timestamp": "2021-01-23T01:07:24+00:00", "lon": -51.1212166667, "lat": -0.067585, "speed": 5.0, "course": 295.700012207, "heading": 511.0, "shipname": null, "callsign": null, "destination": null, "imo": null, "shiptype": null, "receiver_type": "terrestrial", "receiver": "rORBCOMM000", "length": NaN, "width": NaN, "status": NaN, "shipnames": {}, "callsigns": {}, "imos": {}, "expected": null}
{"Index": 401557, "msgid": "96d340a6-43ea-5647-9a50-8b0fbdc0861a", "source": "orbcomm", "type": "AIS.18", "ssvid": "710001751", "timestamp": "2021-01-27T08:43:27+00:00", "lon": -51.1305983333, "lat": -0.0611316667, "speed": 6.1999998093, "course": 106.0, "heading": 511.0, "shipname": null, "callsign": null, "destination": null, "imo": null, "shiptype": null, "receiver_type": "terrestrial", "receiver": "rORBCOMM000", "length": NaN, "width": NaN, "status": NaN, "shipnames": {"REBELO XXII": 2}, "callsigns": {}, "imos": {}, "n_shipnames": {"null": 2}, "n_callsigns": {}, "n_imos": {}, "expected": "710001751-2021-01-27T08:43:27.000000Z"}
{"Index": 401558, "msgid": "4c36f8e4-414b-54e7-9ebd-96b742da3e55", "source": "orbcomm", "type": "AIS.18", "ssvid": "710001751", "timestamp": "2021-01-27T08:43:58+00:00", "lon": -51.1297283333, "lat": -0.06138, "speed": 6.1999998093, "course": 106.1999969482, "heading": 511.0, "shipname": null, "callsign": null, "destination": null, "imo": null, "shiptype": null, "receiver_type": "terrestrial", "receiver": "rORBCOMM000", "length": NaN, "width": NaN, "status": NaN, "shipnames": {"REBELO XXII": 2}, "callsigns": {}, "imos": {}, "n_shipnames": {"null": 2}, "n_callsigns": {}, "n_imos": {}, "expected": "710001751-2021-01-27T08:43:27.000000Z"}
{"Index": 401559, "msgid": "4c36f8e4-414b-54e7-9ebd-96b742da3e55", "source": "orbcomm", "type": "AIS.18", "ssvid": "710001751", "timestamp": "2021-01-27T08:43:58+00:00", "lon": -51.1297283333, "lat": -0.06138, "speed": 6.1999998093, "course": 106.1999969482, "heading": 511.0, "shipname": null, "callsign": null, "destination": null, "imo": null, "shiptype": null, "receiver_type": "terrestrial", "receiver": "rORBCOMM000", "length": NaN, "width": NaN, "status": NaN, "shipnames": {}, "callsigns": {}, "imos": {}, "expected": null}
{"Index": 401560, "msgid": "4c36f8e4-414b-54e7-9ebd-96b742da3e55", "source": "orbcomm", "type": "AIS.18", "ssvid": "710001751", "timestamp": "2021-01-27T08:43:58+00:00", "lon": -51.1297283333, "lat": -0.06138, "speed": 6.1999998093, "course": 106.1999969482, "heading": 511.0, "shipname": null, "callsign": null, "destination": null, "imo": null, "shiptype": null, "receiver_type": "terrestrial", "receiver": "rORBCOMM000", "length": NaN, "width": NaN, "status": NaN, "shipnames": {}, "callsigns": {}, "imos": {}, "expected": null}
{"Index": 401561, "msgid": "5df8087f-0555-5a16-a196-22b461d49eb0", "source": "orbcomm", "type": "AIS.24", "ssvid": "710001751", "timestamp": "2021-01-27T08:44:44+00:00", "lon": NaN, "lat": NaN, "speed": NaN, "course": NaN, "heading": NaN, "shipname": "REBELO XXII", "callsign": null, "destination": null, "imo": null, "shiptype": null, "receiver_type": "terrestrial", "receiver": "rORBCOMM000", "length": NaN, "width": NaN, "status": NaN, "shipnames": {}, "callsigns": {}, "imos": {}, "expected": "710001751-2021-01-27T08:44:44.000000Z"}
{"Index": 401562, "msgid": "1601ac22-7e01-5308-9107-f8f1c6dc3513", "source": "orbcomm", "type": "AIS.24", "ssvid": "710001751", "timestamp": "2021-01-27T08:44:46+00:00", "lon": NaN, "lat": NaN, "speed": NaN, "course": NaN, "heading": NaN, "shipname": "REBELO XXII", "callsign": null, "destination": null, "imo": null, "shiptype": null, "receiver_type": "terrestrial", "receiver": "rORBCOMM000", "length": NaN, "width": NaN, "status": NaN, "shipnames": {}, "callsigns": {}, "imos": {}, "expected": "710001751-2021-01-27T08:44:46.000000Z"}
{"Index": 401563, "msgid": "1601ac22-7e01-5308-9107-f8f1c6dc3513", "source": "orbcomm", "type": "AIS.24", "ssvid": "710001751", "timestamp": "2021-01-27T08:44:46+00:00", "lon": NaN, "lat": NaN, "speed": NaN, "course": NaN, "heading": NaN, "shipname": "REBELO XXII", "callsign": null, "destination": null, "imo": null, "shiptype": null, "receiver_type": "terrestrial", "receiver": "rORBCOMM000", "length": NaN, "width": NaN, "status": NaN, "shipnames": {}, "callsigns": {}, "imos": {}, "expected": null}
{"Index": 401564, "msgid": "1601ac22-7e01-5308-9107-f8f1c6dc3513", "source": "orbcomm", "type": "AIS.24", "ssvid": "710001751", "timestamp": "2021-01-27T08:44:46+00:00", "lon": NaN, "lat": NaN, "speed": NaN, "course": NaN, "heading": NaN, "shipname": "REBELO XXII", "callsign": null, "destination": null, "imo": null, "shiptype": null, "receiver_type": "terrestrial", "receiver": "rORBCOMM000", "length": NaN, "width": NaN, "status": NaN, "shipnames": {}, "callsigns": {}, "imos": {}, "expected": null}
{"Index": 401565, "msgid": "e48a205d-54a8-5334-b1be-8a7ca90b6fd7", "source": "orbcomm", "type": "AIS.18", "ssvid": "710001751", "timestamp": "2021-01-27T08:59:42+00:00", "lon": -51.1047366667, "lat": -0.0675533333, "speed": 6.1999998093, "course": 93.0999984741, "heading": 511.0, "shipname": null, "callsign": null, "destination": null, "imo": null, "shiptype": null, "receiver_type": "terrestrial", "receiver": "rORBCOMM000", "length": NaN, "width": NaN, "status": NaN, "shipnames": {"REBELO XXII": 2}, "callsigns": {}, "imos": {}, "n_shipnames": {"null": 2}, "n_callsigns": {}, "n_imos": {}, "expected": "710001751-2021-01-27T08:43:27.000000Z"}
{"Index": 401566, "msgid": "1712d3ca-721f-571b-93c7-e57e21168235", "source": "orbcomm", "type": "AIS.18", "ssvid": "710001751", "timestamp": "2021-01-27T08:59:44+00:00", "lon": -51.1047366667, "lat": -0.0675533333, "speed": 6.1999998093, "course": 93.0999984741, "heading": 511.0, "shipname": null, "callsign": null, "destination": null, "imo": null, "shiptype": null, "receiver_type": "terrestrial", "receiver": "rORBCOMM000", "length": NaN, "width": NaN, "status": NaN, "shipnames": {}, "callsigns": {}, "imos": {}, "expected": null}
{"Index": 401567, "msgid": "1712d3ca-721f-571b-93c7-e57e21168235", "source": "orbcomm", "type": "AIS.18", "ssvid": "710001751", "timestamp": "2021-01-27T08:59:44+00:00", "lon": -51.1047366667, "lat": -0.0675533333, "speed": 6.1999998093, "course": 93.0999984741, "heading": 511.0, "shipname": null, "callsign": null, "destination": null, "imo": null, "shiptype": null, "receiver_type": "terrestrial", "receiver": "rORBCOMM000", "length": NaN, "width": NaN, "status": NaN, "shipnames": {}, "callsigns": {}, "imos": {}, "expected": null}
{"Index": 401568, "msgid": "c910ecf5-f931-54f4-8c82-b92b70ac601e", "source": "orbcomm", "type": "AIS.18", "ssvid": "710001751", "timestamp": "2021-01-27T09:02:15+00:00", "lon": -51.1005216667, "lat": -0.0682766667, "speed": 6.0, "course": 103.5, "heading": 511.0, "shipname": null, "callsign": null, "destination": null, "imo": null, "shiptype": null, "receiver_type": "terrestrial", "receiver": "rORBCOMM000", "length": NaN, "width": NaN, "status": NaN, "shipnames": {}, "callsigns": {}, "imos": {}, "n_shipnames": {}, "n_callsigns": {}, "n_imos": {}, "expected": "710001751-2021-01-27T08:43:27.000000Z"}
