{"Index": 322254, "msgid": "f291cac3-f6e2-5e2c-bf3a-b912e5fb8498", "source": "orbcomm", "type": "AIS.19", "ssvid": "543135629", "timestamp": "2021-01-15T08:29:11+00:00", "lon": 122.35762, "lat": 29.8722666667, "speed": 3.5, "course": 335.0, "heading": 335.0, "shipname": "ZHESANYU00868-2984%", "callsign": null, "destination": null, "imo": null, "shiptype": "Not available", "receiver_type": "terrestrial", "receiver": "rORBCOMM000", "length": 0.0, "width": 0.0, "status": NaN, "shipnames": {"ZHESANYU00868-2984%": 1}, "callsigns": {}, "imos": {}, "n_shipnames": {"null": 1}, "n_callsigns": {}, "n_imos": {}, "expected": "543135629-2021-01-15T08:29:11.000000Z"}
{"Index": 322255, "msgid": "486217bf-fe33-5f71-8cdd-b1b811906ee9", "source": "orbcomm", "type": "AIS.19", "ssvid": "543135629", "timestamp": "2021-01-15T08:45:02+00:00", "lon": 122.3557433333, "lat": 29.8747116667, "speed": 0.6000000238, "course": 168.0, "heading": 168.0, "shipname": "ZHESANYU00868-2984%", "callsign": null, "destination": null, "imo": null, "shiptype": "Not available", "receiver_type": "terrestrial", "receiver": "rORBCOMM000", "length": 0.0, "width": 0.0, "status": NaN, "shipnames": {"ZHESANYU00868-2984%": 1}, "callsigns": {}, "imos": {}, "n_shipnames": {"null": 1}, "n_callsigns": {}, "n_imos": {}, "expected": "543135629-2021-01-15T08:29:11.000000Z"}
{"Index": 322256, "msgid": "db2758be-e77b-519e-b7fe-d2167f18d84c", "source": "orbcomm", "type": "AIS.19", "ssvid": "543135629", "timestamp": "2021-01-15T09:11:29+00:00", "lon": 122.3572583333, "lat": 29.8564233333, "speed": 0.0, "course": 299.0, "heading": 299.0, "shipname": "ZHESANYU00868-2984%", "callsign": null, "destination": null, "imo": null, "shiptype": "Not available", "receiver_type": "terrestrial", "receiver": "rORBCOMM000", "length": 0.0, "width": 0.0, "status": NaN, "shipnames": {"ZHESANYU00868-2984%": 1}, "callsigns": {}, "imos": {}, "n_shipnames": {"null": 1}, "n_callsigns": {}, "n_imos": {}, "expected": "543135629-2021-01-15T08:29:11.000000Z"}
{"Index": 322257, "msgid": "1d2ff1a6-7df5-5991-9e1d-4a0a3c0821d4", "source": "orbcomm", "type": "AIS.19", "ssvid": "543135629", "timestamp": "2021-01-15T09:36:33+00:00", "lon": 122.35744, "lat": 29.86034, "speed": 2.5999999046, "course": 350.0, "heading": 350.0, "shipname": "ZHESANYU00868-2984%", "callsign": null, "destination": null, "imo": null, "shiptype": "Not available", "receiver_type": "terrestrial", "receiver": "rORBCOMM000", "length": 0.0, "width": 0.0, "status": NaN, "shipnames": {"ZHESANYU00868-2984%": 1}, "callsigns": {}, "imos": {}, "n_shipnames": {"null": 1}, "n_callsigns": {}, "n_imos": {}, "expected": "543135629-2021-01-15T08:29:11.000000Z"}
